Archive member included to satisfy reference by file (symbol)

/opt/stm32cubeide/plugins/com.st.stm32cube.ide.mcu.externaltools.gnu-tools-for-stm32.12.3.rel1.linux64_1.0.200.202406132123/tools/bin/../lib/gcc/arm-none-eabi/12.3.1/../../../../arm-none-eabi/lib/thumb/v7-m/nofp/libc_nano.a(libc_a-exit.o)
                              /opt/stm32cubeide/plugins/com.st.stm32cube.ide.mcu.externaltools.gnu-tools-for-stm32.12.3.rel1.linux64_1.0.200.202406132123/tools/bin/../lib/gcc/arm-none-eabi/12.3.1/../../../../arm-none-eabi/lib/thumb/v7-m/nofp/crt0.o (exit)
/opt/stm32cubeide/plugins/com.st.stm32cube.ide.mcu.externaltools.gnu-tools-for-stm32.12.3.rel1.linux64_1.0.200.202406132123/tools/bin/../lib/gcc/arm-none-eabi/12.3.1/../../../../arm-none-eabi/lib/thumb/v7-m/nofp/libc_nano.a(libc_a-findfp.o)
                              /opt/stm32cubeide/plugins/com.st.stm32cube.ide.mcu.externaltools.gnu-tools-for-stm32.12.3.rel1.linux64_1.0.200.202406132123/tools/bin/../lib/gcc/arm-none-eabi/12.3.1/../../../../arm-none-eabi/lib/thumb/v7-m/nofp/libc_nano.a(libc_a-exit.o) (__stdio_exit_handler)
/opt/stm32cubeide/plugins/com.st.stm32cube.ide.mcu.externaltools.gnu-tools-for-stm32.12.3.rel1.linux64_1.0.200.202406132123/tools/bin/../lib/gcc/arm-none-eabi/12.3.1/../../../../arm-none-eabi/lib/thumb/v7-m/nofp/libc_nano.a(libc_a-fwalk.o)
                              /opt/stm32cubeide/plugins/com.st.stm32cube.ide.mcu.externaltools.gnu-tools-for-stm32.12.3.rel1.linux64_1.0.200.202406132123/tools/bin/../lib/gcc/arm-none-eabi/12.3.1/../../../../arm-none-eabi/lib/thumb/v7-m/nofp/libc_nano.a(libc_a-findfp.o) (_fwalk_sglue)
/opt/stm32cubeide/plugins/com.st.stm32cube.ide.mcu.externaltools.gnu-tools-for-stm32.12.3.rel1.linux64_1.0.200.202406132123/tools/bin/../lib/gcc/arm-none-eabi/12.3.1/../../../../arm-none-eabi/lib/thumb/v7-m/nofp/libc_nano.a(libc_a-stdio.o)
                              /opt/stm32cubeide/plugins/com.st.stm32cube.ide.mcu.externaltools.gnu-tools-for-stm32.12.3.rel1.linux64_1.0.200.202406132123/tools/bin/../lib/gcc/arm-none-eabi/12.3.1/../../../../arm-none-eabi/lib/thumb/v7-m/nofp/libc_nano.a(libc_a-findfp.o) (__sread)
/opt/stm32cubeide/plugins/com.st.stm32cube.ide.mcu.externaltools.gnu-tools-for-stm32.12.3.rel1.linux64_1.0.200.202406132123/tools/bin/../lib/gcc/arm-none-eabi/12.3.1/../../../../arm-none-eabi/lib/thumb/v7-m/nofp/libc_nano.a(libc_a-memset.o)
                              /opt/stm32cubeide/plugins/com.st.stm32cube.ide.mcu.externaltools.gnu-tools-for-stm32.12.3.rel1.linux64_1.0.200.202406132123/tools/bin/../lib/gcc/arm-none-eabi/12.3.1/../../../../arm-none-eabi/lib/thumb/v7-m/nofp/crt0.o (memset)
/opt/stm32cubeide/plugins/com.st.stm32cube.ide.mcu.externaltools.gnu-tools-for-stm32.12.3.rel1.linux64_1.0.200.202406132123/tools/bin/../lib/gcc/arm-none-eabi/12.3.1/../../../../arm-none-eabi/lib/thumb/v7-m/nofp/libc_nano.a(libc_a-closer.o)
                              /opt/stm32cubeide/plugins/com.st.stm32cube.ide.mcu.externaltools.gnu-tools-for-stm32.12.3.rel1.linux64_1.0.200.202406132123/tools/bin/../lib/gcc/arm-none-eabi/12.3.1/../../../../arm-none-eabi/lib/thumb/v7-m/nofp/libc_nano.a(libc_a-stdio.o) (_close_r)
/opt/stm32cubeide/plugins/com.st.stm32cube.ide.mcu.externaltools.gnu-tools-for-stm32.12.3.rel1.linux64_1.0.200.202406132123/tools/bin/../lib/gcc/arm-none-eabi/12.3.1/../../../../arm-none-eabi/lib/thumb/v7-m/nofp/libc_nano.a(libc_a-reent.o)
                              /opt/stm32cubeide/plugins/com.st.stm32cube.ide.mcu.externaltools.gnu-tools-for-stm32.12.3.rel1.linux64_1.0.200.202406132123/tools/bin/../lib/gcc/arm-none-eabi/12.3.1/../../../../arm-none-eabi/lib/thumb/v7-m/nofp/libc_nano.a(libc_a-closer.o) (errno)
/opt/stm32cubeide/plugins/com.st.stm32cube.ide.mcu.externaltools.gnu-tools-for-stm32.12.3.rel1.linux64_1.0.200.202406132123/tools/bin/../lib/gcc/arm-none-eabi/12.3.1/../../../../arm-none-eabi/lib/thumb/v7-m/nofp/libc_nano.a(libc_a-impure.o)
                              /opt/stm32cubeide/plugins/com.st.stm32cube.ide.mcu.externaltools.gnu-tools-for-stm32.12.3.rel1.linux64_1.0.200.202406132123/tools/bin/../lib/gcc/arm-none-eabi/12.3.1/../../../../arm-none-eabi/lib/thumb/v7-m/nofp/libc_nano.a(libc_a-reent.o) (_impure_ptr)
/opt/stm32cubeide/plugins/com.st.stm32cube.ide.mcu.externaltools.gnu-tools-for-stm32.12.3.rel1.linux64_1.0.200.202406132123/tools/bin/../lib/gcc/arm-none-eabi/12.3.1/../../../../arm-none-eabi/lib/thumb/v7-m/nofp/libc_nano.a(libc_a-lseekr.o)
                              /opt/stm32cubeide/plugins/com.st.stm32cube.ide.mcu.externaltools.gnu-tools-for-stm32.12.3.rel1.linux64_1.0.200.202406132123/tools/bin/../lib/gcc/arm-none-eabi/12.3.1/../../../../arm-none-eabi/lib/thumb/v7-m/nofp/libc_nano.a(libc_a-stdio.o) (_lseek_r)
/opt/stm32cubeide/plugins/com.st.stm32cube.ide.mcu.externaltools.gnu-tools-for-stm32.12.3.rel1.linux64_1.0.200.202406132123/tools/bin/../lib/gcc/arm-none-eabi/12.3.1/../../../../arm-none-eabi/lib/thumb/v7-m/nofp/libc_nano.a(libc_a-readr.o)
[...]
Memory Configuration

Name             Origin             Length             Attributes
RAM              0x20000000         0x00005000         xrw
FLASH            0x08000000         0x00010000         xr
*default*        0x00000000         0xffffffff

Linker script and memory map

LOAD /opt/stm32cubeide/plugins/com.st.stm32cube.ide.mcu.externaltools.gnu-tools-for-stm32.12.3.rel1.linux64_1.0.200.202406132123/tools/bin/../lib/gcc/arm-none-eabi/12.3.1/thumb/v7-m/nofp/crti.o
LOAD /opt/stm32cubeide/plugins/com.st.stm32cube.ide.mcu.externaltools.gnu-tools-for-stm32.12.3.rel1.linux64_1.0.200.202406132123/tools/bin/../lib/gcc/arm-none-eabi/12.3.1/thumb/v7-m/nofp/crtbegin.o
LOAD /opt/stm32cubeide/plugins/com.st.stm32cube.ide.mcu.externaltools.gnu-tools-for-stm32.12.3.rel1.linux64_1.0.200.202406132123/tools/bin/../lib/gcc/arm-none-eabi/12.3.1/../../../../arm-none-eabi/lib/thumb/v7-m/nofp/crt0.o
LOAD ./Core/Src/ILI9225.o
LOAD ./Core/Src/gpio.o
LOAD ./Core/Src/main.o
LOAD ./Core/Src/spi.o
LOAD ./Core/Src/stm32f1xx_hal_msp.o
LOAD ./Core/Src/stm32f1xx_it.o
LOAD ./Core/Src/syscalls.o
LOAD ./Core/Src/sysmem.o
LOAD ./Core/Src/system_stm32f1xx.o
LOAD ./Core/Startup/startup_stm32f103c8tx.o
LOAD ./Drivers/STM32F1xx_HAL_Driver/Src/stm32f1xx_hal.o
LOAD ./Drivers/STM32F1xx_HAL_Driver/Src/stm32f1xx_hal_cortex.o
LOAD ./Drivers/STM32F1xx_HAL_Driver/Src/stm32f1xx_hal_dma.o
LOAD ./Drivers/STM32F1xx_HAL_Driver/Src/stm32f1xx_hal_exti.o
LOAD ./Drivers/STM32F1xx_HAL_Driver/Src/stm32f1xx_hal_flash.o
LOAD ./Drivers/STM32F1xx_HAL_Driver/Src/stm32f1xx_hal_flash_ex.o
LOAD ./Drivers/STM32F1xx_HAL_Driver/Src/stm32f1xx_hal_gpio.o
LOAD ./Drivers/STM32F1xx_HAL_Driver/Src/stm32f1xx_hal_gpio_ex.o
LOAD ./Drivers/STM32F1xx_HAL_Driver/Src/stm32f1xx_hal_pwr.o
LOAD ./Drivers/STM32F1xx_HAL_Driver/Src/stm32f1xx_hal_rcc.o
LOAD ./Drivers/STM32F1xx_HAL_Driver/Src/stm32f1xx_hal_rcc_ex.o
LOAD ./Drivers/STM32F1xx_HAL_Driver/Src/stm32f1xx_hal_spi.o
LOAD ./Drivers/STM32F1xx_HAL_Driver/Src/stm32f1xx_hal_tim.o
LOAD ./Drivers/STM32F1xx_HAL_Driver/Src/stm32f1xx_hal_tim_ex.o
START GROUP
LOAD /opt/stm32cubeide/plugins/com.st.stm32cube.ide.mcu.externaltools.gnu-tools-for-stm32.12.3.rel1.linux64_1.0.200.202406132123/tools/bin/../lib/gcc/arm-none-eabi/12.3.1/../../../../arm-none-eabi/lib/thumb/v7-m/nofp/libc_nano.a
LOAD /opt/stm32cubeide/plugins/com.st.stm32cube.ide.mcu.externaltools.gnu-tools-for-stm32.12.3.rel1.linux64_1.0.200.202406132123/tools/bin/../lib/gcc/arm-none-eabi/12.3.1/../../../../arm-none-eabi/lib/thumb/v7-m/nofp/libm.a
END GROUP
START GROUP
LOAD /opt/stm32cubeide/plugins/com.st.stm32cube.ide.mcu.externaltools.gnu-tools-for-stm32.12.3.rel1.linux64_1.0.200.202406132123/tools/bin/../lib/gcc/arm-none-eabi/12.3.1/thumb/v7-m/nofp/libgcc.a
LOAD /opt/stm32cubeide/plugins/com.st.stm32cube.ide.mcu.externaltools.gnu-tools-for-stm32.12.3.rel1.linux64_1.0.200.202406132123/tools/bin/../lib/gcc/arm-none-eabi/12.3.1/../../../../arm-none-eabi/lib/thumb/v7-m/nofp/libc_nano.a
END GROUP
START GROUP
LOAD /opt/stm32cubeide/plugins/com.st.stm32cube.ide.mcu.externaltools.gnu-tools-for-stm32.12.3.rel1.linux64_1.0.200.202406132123/tools/bin/../lib/gcc/arm-none-eabi/12.3.1/thumb/v7-m/nofp/libgcc.a
LOAD /opt/stm32cubeide/plugins/com.st.stm32cube.ide.mcu.externaltools.gnu-tools-for-stm32.12.3.rel1.linux64_1.0.200.202406132123/tools/bin/../lib/gcc/arm-none-eabi/12.3.1/../../../../arm-none-eabi/lib/thumb/v7-m/nofp/libc_nano.a
LOAD /opt/stm32cubeide/plugins/com.st.stm32cube.ide.mcu.externaltools.gnu-tools-for-stm32.12.3.rel1.linux64_1.0.200.202406132123/tools/bin/../lib/gcc/arm-none-eabi/12.3.1/../../../../arm-none-eabi/lib/thumb/v7-m/nofp/libnosys.a
END GROUP
START GROUP
LOAD /opt/stm32cubeide/plugins/com.st.stm32cube.ide.mcu.externaltools.gnu-tools-for-stm32.12.3.rel1.linux64_1.0.200.202406132123/tools/bin/../lib/gcc/arm-none-eabi/12.3.1/thumb/v7-m/nofp/libgcc.a
LOAD /opt/stm32cubeide/plugins/com.st.stm32cube.ide.mcu.externaltools.gnu-tools-for-stm32.12.3.rel1.linux64_1.0.200.202406132123/tools/bin/../lib/gcc/arm-none-eabi/12.3.1/../../../../arm-none-eabi/lib/thumb/v7-m/nofp/libc_nano.a
LOAD /opt/stm32cubeide/plugins/com.st.stm32cube.ide.mcu.externaltools.gnu-tools-for-stm32.12.3.rel1.linux64_1.0.200.202406132123/tools/bin/../lib/gcc/arm-none-eabi/12.3.1/../../../../arm-none-eabi/lib/thumb/v7-m/nofp/libnosys.a
END GROUP
LOAD /opt/stm32cubeide/plugins/com.st.stm32cube.ide.mcu.externaltools.gnu-tools-for-stm32.12.3.rel1.linux64_1.0.200.202406132123/tools/bin/../lib/gcc/arm-none-eabi/12.3.1/thumb/v7-m/nofp/crtend.o
LOAD /opt/stm32cubeide/plugins/com.st.stm32cube.ide.mcu.externaltools.gnu-tools-for-stm32.12.3.rel1.linux64_1.0.200.202406132123/tools/bin/../lib/gcc/arm-none-eabi/12.3.1/thumb/v7-m/nofp/crtn.o
                0x20005000                        _estack = (ORIGIN (RAM) + LENGTH (RAM))
                0x00000200                        _Min_Heap_Size = 0x200
                0x00000400                        _Min_Stack_Size = 0x400

.isr_vector     0x08000000      0x10c
                0x08000000                        . = ALIGN (0x4)
 *(.isr_vector)
 .isr_vector    0x08000000      0x10c ./Core/Startup/startup_stm32f103c8tx.o
                0x08000000                g_pfnVectors
                0x0800010c                        . = ALIGN (0x4)

.text           0x0800010c     0x2168
                0x0800010c                        . = ALIGN (0x4)
 *(.text)
 .text          0x0800010c       0x40 /opt/stm32cubeide/plugins/com.st.stm32cube.ide.mcu.externaltools.gnu-tools-for-stm32.12.3.rel1.linux64_1.0.200.202406132123/tools/bin/../lib/gcc/arm-none-eabi/12.3.1/thumb/v7-m/nofp/crtbegin.o
 .text          0x0800014c      0x378 /opt/stm32cubeide/plugins/com.st.stm32cube.ide.mcu.externaltools.gnu-tools-for-stm32.12.3.rel1.linux64_1.0.200.202406132123/tools/bin/../lib/gcc/arm-none-eabi/12.3.1/thumb/v7-m/nofp/libgcc.a(_arm_addsubdf3.o)
                0x0800014c                __aeabi_drsub
                0x08000154                __aeabi_dsub
                0x08000154                __subdf3
                0x08000158                __adddf3
                0x08000158                __aeabi_dadd
                0x080003d0                __aeabi_ui2d
                0x080003d0                __floatunsidf
                0x080003f0                __floatsidf
                0x080003f0                __aeabi_i2d
                0x08000414                __extendsfdf2
                0x08000414                __aeabi_f2d
                0x08000458                __aeabi_ul2d
                0x08000458                __floatundidf
                0x08000468                __floatdidf
                0x08000468                __aeabi_l2d
 .text          0x080004c4      0x110 /opt/stm32cubeide/plugins/com.st.stm32cube.ide.mcu.externaltools.gnu-tools-for-stm32.12.3.rel1.linux64_1.0.200.202406132123/tools/bin/../lib/gcc/arm-none-eabi/12.3.1/thumb/v7-m/nofp/libgcc.a(_arm_cmpdf2.o)
                0x080004c4                __gtdf2
                0x080004c4                __gedf2
                0x080004cc                __ltdf2
                0x080004cc                __ledf2
                0x080004d4                __cmpdf2
                0x080004d4                __eqdf2
                0x080004d4                __nedf2
                0x08000550                __aeabi_cdrcmple
                0x08000560                __aeabi_cdcmple
                0x08000560                __aeabi_cdcmpeq
                0x08000570                __aeabi_dcmpeq
                0x08000584                __aeabi_dcmplt
                0x08000598                __aeabi_dcmple
                0x080005ac                __aeabi_dcmpge
                0x080005c0                __aeabi_dcmpgt
 *(.text*)
 .text.spi_write
                0x080005d4       0x24 ./Core/Src/ILI9225.o
                0x080005d4                spi_write
 .text.lcd_write_data
                0x080005f8       0x44 ./Core/Src/ILI9225.o
                0x080005f8                lcd_write_data
 .text.lcd_write_command
                0x0800063c       0x44 ./Core/Src/ILI9225.o
                0x0800063c                lcd_write_command
 .text.lcd_write_register
                0x08000680       0x3e ./Core/Src/ILI9225.o
                0x08000680                lcd_write_register
 .text.swap_char
                0x080006be       0x28 ./Core/Src/ILI9225.o
                0x080006be                swap_char
 *fill*         0x080006e6        0x2 
 .text.delay_ms
                0x080006e8       0x6c ./Core/Src/ILI9225.o
                0x080006e8                delay_ms
 .text.lcd_init
                0x08000754       0x60 ./Core/Src/ILI9225.o
                0x08000754                lcd_init
 .text.lcd_init_command_list
                0x080007b4      0x1bc ./Core/Src/ILI9225.o
                0x080007b4                lcd_init_command_list
 .text.fill_rectangle
                0x08000970       0xd8 ./Core/Src/ILI9225.o
                0x08000970                fill_rectangle
 .text.set_draw_window
                0x08000a48       0x96 ./Core/Src/ILI9225.o
                0x08000a48                set_draw_window
 *fill*         0x08000ade        0x2 
 .text.MX_GPIO_Init
                0x08000ae0       0xd8 ./Core/Src/gpio.o
                0x08000ae0                MX_GPIO_Init
 .text.main     0x08000bb8       0x40 ./Core/Src/main.o
                0x08000bb8                main
 .text.SystemClock_Config
                0x08000bf8       0x76 ./Core/Src/main.o
                0x08000bf8                SystemClock_Config
 .text.Error_Handler
                0x08000c6e        0xc ./Core/Src/main.o
                0x08000c6e                Error_Handler
 *fill*         0x08000c7a        0x2 
 .text.MX_SPI1_Init
                0x08000c7c       0x6c ./Core/Src/spi.o
                0x08000c7c                MX_SPI1_Init
 .text.MX_SPI2_Init
                0x08000ce8       0x6c ./Core/Src/spi.o
                0x08000ce8                MX_SPI2_Init
 .text.HAL_SPI_MspInit
                0x08000d54      0x10c ./Core/Src/spi.o
                0x08000d54                HAL_SPI_MspInit
 .text.HAL_MspInit
                0x08000e60       0x64 ./Core/Src/stm32f1xx_hal_msp.o
                0x08000e60                HAL_MspInit
 .text.NMI_Handler
                0x08000ec4        0x8 ./Core/Src/stm32f1xx_it.o
                0x08000ec4                NMI_Handler
 .text.HardFault_Handler
                0x08000ecc        0x8 ./Core/Src/stm32f1xx_it.o
                0x08000ecc                HardFault_Handler
 .text.MemManage_Handler
                0x08000ed4        0x8 ./Core/Src/stm32f1xx_it.o
                0x08000ed4                MemManage_Handler
 .text.BusFault_Handler
                0x08000edc        0x8 ./Core/Src/stm32f1xx_it.o
                0x08000edc                BusFault_Handler
 .text.UsageFault_Handler
                0x08000ee4        0x8 ./Core/Src/stm32f1xx_it.o
                0x08000ee4                UsageFault_Handler
 .text.SVC_Handler
                0x08000eec        0xc ./Core/Src/stm32f1xx_it.o
                0x08000eec                SVC_Handler
 .text.DebugMon_Handler
                0x08000ef8        0xc ./Core/Src/stm32f1xx_it.o
                0x08000ef8                DebugMon_Handler
 .text.PendSV_Handler
                0x08000f04        0xc ./Core/Src/stm32f1xx_it.o
                0x08000f04                PendSV_Handler
 .text.SysTick_Handler
                0x08000f10        0xc ./Core/Src/stm32f1xx_it.o
                0x08000f10                SysTick_Handler
 .text.SystemInit
                0x08000f1c        0xc ./Core/Src/system_stm32f1xx.o
                0x08000f1c                SystemInit
 .text.Reset_Handler
                0x08000f28       0x48 ./Core/Startup/startup_stm32f103c8tx.o
                0x08000f28                Reset_Handler
 .text.Default_Handler
                0x08000f70        0x2 ./Core/Startup/startup_stm32f103c8tx.o
                0x08000f70                RTC_Alarm_IRQHandler
                0x08000f70                EXTI2_IRQHandler
                0x08000f70                TIM1_CC_IRQHandler
                0x08000f70                PVD_IRQHandler
                0x08000f70                EXTI3_IRQHandler
                0x08000f70                EXTI0_IRQHandler
                0x08000f70                I2C2_EV_IRQHandler
                0x08000f70                ADC1_2_IRQHandler
                0x08000f70                SPI1_IRQHandler
                0x08000f70                TAMPER_IRQHandler
                0x08000f70                DMA1_Channel4_IRQHandler
                0x08000f70                USART3_IRQHandler
                0x08000f70                RTC_IRQHandler
                0x08000f70                DMA1_Channel7_IRQHandler
                0x08000f70                CAN1_RX1_IRQHandler
                0x08000f70                TIM4_IRQHandler
                0x08000f70                I2C1_EV_IRQHandler
                0x08000f70                DMA1_Channel6_IRQHandler
                0x08000f70                TIM3_IRQHandler
                0x08000f70                RCC_IRQHandler
                0x08000f70                TIM1_TRG_COM_IRQHandler
                0x08000f70                DMA1_Channel1_IRQHandler
                0x08000f70                Default_Handler
                0x08000f70                EXTI15_10_IRQHandler
                0x08000f70                EXTI9_5_IRQHandler
                0x08000f70                SPI2_IRQHandler
                0x08000f70                DMA1_Channel5_IRQHandler
                0x08000f70                EXTI4_IRQHandler
                0x08000f70                USB_LP_CAN1_RX0_IRQHandler
                0x08000f70                USB_HP_CAN1_TX_IRQHandler
                0x08000f70                DMA1_Channel3_IRQHandler
                0x08000f70                TIM1_UP_IRQHandler
                0x08000f70                WWDG_IRQHandler
                0x08000f70                TIM2_IRQHandler
                0x08000f70                TIM1_BRK_IRQHandler
                0x08000f70                EXTI1_IRQHandler
                0x08000f70                USART2_IRQHandler
                0x08000f70                I2C2_ER_IRQHandler
                0x08000f70                DMA1_Channel2_IRQHandler
                0x08000f70                CAN1_SCE_IRQHandler
                0x08000f70                FLASH_IRQHandler
                0x08000f70                USART1_IRQHandler
                0x08000f70                I2C1_ER_IRQHandler
                0x08000f70                USBWakeUp_IRQHandler
 *fill*         0x08000f72        0x2 
 .text.HAL_Init
                0x08000f74       0x2c ./Drivers/STM32F1xx_HAL_Driver/Src/stm32f1xx_hal.o
                0x08000f74                HAL_Init
 .text.HAL_InitTick
                0x08000fa0       0x60 ./Drivers/STM32F1xx_HAL_Driver/Src/stm32f1xx_hal.o
                0x08000fa0                HAL_InitTick
 .text.HAL_IncTick
                0x08001000       0x24 ./Drivers/STM32F1xx_HAL_Driver/Src/stm32f1xx_hal.o
                0x08001000                HAL_IncTick
 .text.HAL_GetTick
                0x08001024       0x14 ./Drivers/STM32F1xx_HAL_Driver/Src/stm32f1xx_hal.o
                0x08001024                HAL_GetTick
 .text.__NVIC_SetPriorityGrouping
                0x08001038       0x48 ./Drivers/STM32F1xx_HAL_Driver/Src/stm32f1xx_hal_cortex.o
 .text.__NVIC_GetPriorityGrouping
                0x08001080       0x1c ./Drivers/STM32F1xx_HAL_Driver/Src/stm32f1xx_hal_cortex.o
 .text.__NVIC_SetPriority
                0x0800109c       0x54 ./Drivers/STM32F1xx_HAL_Driver/Src/stm32f1xx_hal_cortex.o
 .text.NVIC_EncodePriority
                0x080010f0       0x64 ./Drivers/STM32F1xx_HAL_Driver/Src/stm32f1xx_hal_cortex.o
 .text.SysTick_Config
                0x08001154       0x44 ./Drivers/STM32F1xx_HAL_Driver/Src/stm32f1xx_hal_cortex.o
 .text.HAL_NVIC_SetPriorityGrouping
                0x08001198       0x16 ./Drivers/STM32F1xx_HAL_Driver/Src/stm32f1xx_hal_cortex.o
                0x08001198                HAL_NVIC_SetPriorityGrouping
 .text.HAL_NVIC_SetPriority
                0x080011ae       0x38 ./Drivers/STM32F1xx_HAL_Driver/Src/stm32f1xx_hal_cortex.o
                0x080011ae                HAL_NVIC_SetPriority
 .text.HAL_SYSTICK_Config
                0x080011e6       0x18 ./Drivers/STM32F1xx_HAL_Driver/Src/stm32f1xx_hal_cortex.o
                0x080011e6                HAL_SYSTICK_Config
 *fill*         0x080011fe        0x2 
 .text.HAL_GPIO_Init
                0x08001200      0x308 ./Drivers/STM32F1xx_HAL_Driver/Src/stm32f1xx_hal_gpio.o
                0x08001200                HAL_GPIO_Init
 .text.HAL_GPIO_WritePin
                0x08001508       0x30 ./Drivers/STM32F1xx_HAL_Driver/Src/stm32f1xx_hal_gpio.o
                0x08001508                HAL_GPIO_WritePin
 .text.HAL_GPIO_TogglePin
                0x08001538       0x32 ./Drivers/STM32F1xx_HAL_Driver/Src/stm32f1xx_hal_gpio.o
                0x08001538                HAL_GPIO_TogglePin
 *fill*         0x0800156a        0x2 
 .text.HAL_RCC_OscConfig
                0x0800156c      0x504 ./Drivers/STM32F1xx_HAL_Driver/Src/stm32f1xx_hal_rcc.o
                0x0800156c                HAL_RCC_OscConfig
 .text.HAL_RCC_ClockConfig
                0x08001a70      0x1d4 ./Drivers/STM32F1xx_HAL_Driver/Src/stm32f1xx_hal_rcc.o
                0x08001a70                HAL_RCC_ClockConfig
 .text.HAL_RCC_GetSysClockFreq
                0x08001c44       0xa8 ./Drivers/STM32F1xx_HAL_Driver/Src/stm32f1xx_hal_rcc.o
                0x08001c44                HAL_RCC_GetSysClockFreq
 .text.RCC_Delay
                0x08001cec       0x3c ./Drivers/STM32F1xx_HAL_Driver/Src/stm32f1xx_hal_rcc.o
 .text.HAL_SPI_Init
                0x08001d28      0x108 ./Drivers/STM32F1xx_HAL_Driver/Src/stm32f1xx_hal_spi.o
                0x08001d28                HAL_SPI_Init
 .text.HAL_SPI_Transmit
                0x08001e30      0x286 ./Drivers/STM32F1xx_HAL_Driver/Src/stm32f1xx_hal_spi.o
                0x08001e30                HAL_SPI_Transmit
 *fill*         0x080020b6        0x2 
 .text.SPI_WaitFlagStateUntilTimeout
                0x080020b8      0x110 ./Drivers/STM32F1xx_HAL_Driver/Src/stm32f1xx_hal_spi.o
 .text.SPI_EndRxTxTransaction
                0x080021c8       0x3c ./Drivers/STM32F1xx_HAL_Driver/Src/stm32f1xx_hal_spi.o
 .text.memset   0x08002204       0x10 /opt/stm32cubeide/plugins/com.st.stm32cube.ide.mcu.externaltools.gnu-tools-for-stm32.12.3.rel1.linux64_1.0.200.202406132123/tools/bin/../lib/gcc/arm-none-eabi/12.3.1/../../../../arm-none-eabi/lib/thumb/v7-m/nofp/libc_nano.a(libc_a-memset.o)
                0x08002204                memset
 .text.__libc_init_array
                0x08002214       0x48 /opt/stm32cubeide/plugins/com.st.stm32cube.ide.mcu.externaltools.gnu-tools-for-stm32.12.3.rel1.linux64_1.0.200.202406132123/tools/bin/../lib/gcc/arm-none-eabi/12.3.1/../../../../arm-none-eabi/lib/thumb/v7-m/nofp/libc_nano.a(libc_a-init.o)
                0x08002214                __libc_init_array
 *(.glue_7)
 .glue_7        0x0800225c        0x0 linker stubs
 *(.glue_7t)
 .glue_7t       0x0800225c        0x0 linker stubs
 *(.eh_frame)
 .eh_frame      0x0800225c        0x0 /opt/stm32cubeide/plugins/com.st.stm32cube.ide.mcu.externaltools.gnu-tools-for-stm32.12.3.rel1.linux64_1.0.200.202406132123/tools/bin/../lib/gcc/arm-none-eabi/12.3.1/thumb/v7-m/nofp/crtbegin.o
 *(.init)
 .init          0x0800225c        0x4 /opt/stm32cubeide/plugins/com.st.stm32cube.ide.mcu.externaltools.gnu-tools-for-stm32.12.3.rel1.linux64_1.0.200.202406132123/tools/bin/../lib/gcc/arm-none-eabi/12.3.1/thumb/v7-m/nofp/crti.o
                0x0800225c                _init
 .init          0x08002260        0x8 /opt/stm32cubeide/plugins/com.st.stm32cube.ide.mcu.externaltools.gnu-tools-for-stm32.12.3.rel1.linux64_1.0.200.202406132123/tools/bin/../lib/gcc/arm-none-eabi/12.3.1/thumb/v7-m/nofp/crtn.o
 *(.fini)
 .fini          0x08002268        0x4 /opt/stm32cubeide/plugins/com.st.stm32cube.ide.mcu.externaltools.gnu-tools-for-stm32.12.3.rel1.linux64_1.0.200.202406132123/tools/bin/../lib/gcc/arm-none-eabi/12.3.1/thumb/v7-m/nofp/crti.o
                0x08002268                _fini
 .fini          0x0800226c        0x8 /opt/stm32cubeide/plugins/com.st.stm32cube.ide.mcu.externaltools.gnu-tools-for-stm32.12.3.rel1.linux64_1.0.200.202406132123/tools/bin/../lib/gcc/arm-none-eabi/12.3.1/thumb/v7-m/nofp/crtn.o
                0x08002274                        . = ALIGN (0x4)
                0x08002274                        _etext = .

.vfp11_veneer   0x08002274        0x0
 .vfp11_veneer  0x08002274        0x0 linker stubs

.v4_bx          0x08002274        0x0
 .v4_bx         0x08002274        0x0 linker stubs

.iplt           0x08002274        0x0
 .iplt          0x08002274        0x0 /opt/stm32cubeide/plugins/com.st.stm32cube.ide.mcu.externaltools.gnu-tools-for-stm32.12.3.rel1.linux64_1.0.200.202406132123/tools/bin/../lib/gcc/arm-none-eabi/12.3.1/thumb/v7-m/nofp/crtbegin.o

.rodata         0x08002274       0x24
                0x08002274                        . = ALIGN (0x4)
 *(.rodata)
 *(.rodata*)
 .rodata.AHBPrescTable
                0x08002274       0x10 ./Core/Src/system_stm32f1xx.o
                0x08002274                AHBPrescTable
 .rodata.aPLLMULFactorTable.1
                0x08002284       0x10 ./Drivers/STM32F1xx_HAL_Driver/Src/stm32f1xx_hal_rcc.o
 .rodata.aPredivFactorTable.0
                0x08002294        0x2 ./Drivers/STM32F1xx_HAL_Driver/Src/stm32f1xx_hal_rcc.o
                0x08002298                        . = ALIGN (0x4)
 *fill*         0x08002296        0x2 

.ARM.extab      0x08002298        0x0
                0x08002298                        . = ALIGN (0x4)
 *(.ARM.extab* .gnu.linkonce.armextab.*)
                0x08002298                        . = ALIGN (0x4)

.ARM            0x08002298        0x0
                0x08002298                        . = ALIGN (0x4)
                0x08002298                        __exidx_start = .
 *(.ARM.exidx*)
                0x08002298                        __exidx_end = .
                0x08002298                        . = ALIGN (0x4)

.preinit_array  0x08002298        0x0
                0x08002298                        . = ALIGN (0x4)
                0x08002298                        PROVIDE (__preinit_array_start = .)
 *(.preinit_array*)
                0x08002298                        PROVIDE (__preinit_array_end = .)
                0x08002298                        . = ALIGN (0x4)

.init_array     0x08002298        0x4
                0x08002298                        . = ALIGN (0x4)
                0x08002298                        PROVIDE (__init_array_start = .)
 *(SORT_BY_NAME(.init_array.*))
 *(.init_array*)
 .init_array    0x08002298        0x4 /opt/stm32cubeide/plugins/com.st.stm32cube.ide.mcu.externaltools.gnu-tools-for-stm32.12.3.rel1.linux64_1.0.200.202406132123/tools/bin/../lib/gcc/arm-none-eabi/12.3.1/thumb/v7-m/nofp/crtbegin.o
                0x0800229c                        PROVIDE (__init_array_end = .)
                0x0800229c                        . = ALIGN (0x4)

.fini_array     0x0800229c        0x4
                0x0800229c                        . = ALIGN (0x4)
                [!provide]                        PROVIDE (__fini_array_start = .)
 *(SORT_BY_NAME(.fini_array.*))
 *(.fini_array*)
 .fini_array    0x0800229c        0x4 /opt/stm32cubeide/plugins/com.st.stm32cube.ide.mcu.externaltools.gnu-tools-for-stm32.12.3.rel1.linux64_1.0.200.202406132123/tools/bin/../lib/gcc/arm-none-eabi/12.3.1/thumb/v7-m/nofp/crtbegin.o
                [!provide]                        PROVIDE (__fini_array_end = .)
                0x080022a0                        . = ALIGN (0x4)
                0x080022a0                        _sidata = LOADADDR (.data)

.rel.dyn        0x080022a0        0x0
 .rel.iplt      0x080022a0        0x0 /opt/stm32cubeide/plugins/com.st.stm32cube.ide.mcu.externaltools.gnu-tools-for-stm32.12.3.rel1.linux64_1.0.200.202406132123/tools/bin/../lib/gcc/arm-none-eabi/12.3.1/thumb/v7-m/nofp/crtbegin.o

.data           0x20000000        0xc load address 0x080022a0
                0x20000000                        . = ALIGN (0x4)
                0x20000000                        _sdata = .
 *(.data)
 *(.data*)
 .data.SystemCoreClock
                0x20000000        0x4 ./Core/Src/system_stm32f1xx.o
                0x20000000                SystemCoreClock
 .data.uwTickPrio
                0x20000004        0x4 ./Drivers/STM32F1xx_HAL_Driver/Src/stm32f1xx_hal.o
                0x20000004                uwTickPrio
 .data.uwTickFreq
                0x20000008        0x1 ./Drivers/STM32F1xx_HAL_Driver/Src/stm32f1xx_hal.o
                0x20000008                uwTickFreq
 *(.RamFunc)
 *(.RamFunc*)
                0x2000000c                        . = ALIGN (0x4)
 *fill*         0x20000009        0x3 
                0x2000000c                        _edata = .

.igot.plt       0x2000000c        0x0 load address 0x080022ac
 .igot.plt      0x2000000c        0x0 /opt/stm32cubeide/plugins/com.st.stm32cube.ide.mcu.externaltools.gnu-tools-for-stm32.12.3.rel1.linux64_1.0.200.202406132123/tools/bin/../lib/gcc/arm-none-eabi/12.3.1/thumb/v7-m/nofp/crtbegin.o
                0x2000000c                        . = ALIGN (0x4)

.bss            0x2000000c       0xd0 load address 0x080022ac
                0x2000000c                        _sbss = .
                0x2000000c                        __bss_start__ = _sbss
 *(.bss)
 .bss           0x2000000c       0x1c /opt/stm32cubeide/plugins/com.st.stm32cube.ide.mcu.externaltools.gnu-tools-for-stm32.12.3.rel1.linux64_1.0.200.202406132123/tools/bin/../lib/gcc/arm-none-eabi/12.3.1/thumb/v7-m/nofp/crtbegin.o
 *(.bss*)
 .bss.hspi1     0x20000028       0x58 ./Core/Src/spi.o
                0x20000028                hspi1
 .bss.hspi2     0x20000080       0x58 ./Core/Src/spi.o
                0x20000080                hspi2
 .bss.uwTick    0x200000d8        0x4 ./Drivers/STM32F1xx_HAL_Driver/Src/stm32f1xx_hal.o
                0x200000d8                uwTick
 *(COMMON)
                0x200000dc                        . = ALIGN (0x4)
                0x200000dc                        _ebss = .
                0x200000dc                        __bss_end__ = _ebss

._user_heap_stack
                0x200000dc      0x604 load address 0x080022ac
                0x200000e0                        . = ALIGN (0x8)
 *fill*         0x200000dc        0x4 
                [!provide]                        PROVIDE (end = .)
                0x200000e0                        PROVIDE (_end = .)
                0x200002e0                        . = (. + _Min_Heap_Size)
 *fill*         0x200000e0      0x200 
                0x200006e0                        . = (. + _Min_Stack_Size)
 *fill*         0x200002e0      0x400 
                0x200006e0                        . = ALIGN (0x8)

/DISCARD/
 libc.a(*)
 libm.a(*)
 libgcc.a(*)

.ARM.attributes
                0x00000000       0x29
 *(.ARM.attributes)
 .ARM.attributes
                0x00000000       0x1d /opt/stm32cubeide/plugins/com.st.stm32cube.ide.mcu.externaltools.gnu-tools-for-stm32.12.3.rel1.linux64_1.0.200.202406132123/tools/bin/../lib/gcc/arm-none-eabi/12.3.1/thumb/v7-m/nofp/crti.o
 .ARM.attributes
                0x0000001d       0x2d /opt/stm32cubeide/plugins/com.st.stm32cube.ide.mcu.externaltools.gnu-tools-for-stm32.12.3.rel1.linux64_1.0.200.202406132123/tools/bin/../lib/gcc/arm-none-eabi/12.3.1/thumb/v7-m/nofp/crtbegin.o
 .ARM.attributes
                0x0000004a       0x2d ./Core/Src/ILI9225.o
 .ARM.attributes
                0x00000077       0x2d ./Core/Src/gpio.o
 .ARM.attributes
                0x000000a4       0x2d ./Core/Src/main.o
 .ARM.attributes
                0x000000d1       0x2d ./Core/Src/spi.o
 .ARM.attributes
                0x000000fe       0x2d ./Core/Src/stm32f1xx_hal_msp.o
 .ARM.attributes
                0x0000012b       0x2d ./Core/Src/stm32f1xx_it.o
 .ARM.attributes
                0x00000158       0x2d ./Core/Src/system_stm32f1xx.o
 .ARM.attributes
                0x00000185       0x21 ./Core/Startup/startup_stm32f103c8tx.o
 .ARM.attributes
                0x000001a6       0x2d ./Drivers/STM32F1xx_HAL_Driver/Src/stm32f1xx_hal.o
 .ARM.attributes
                0x000001d3       0x2d ./Drivers/STM32F1xx_HAL_Driver/Src/stm32f1xx_hal_cortex.o
 .ARM.attributes
                0x00000200       0x2d ./Drivers/STM32F1xx_HAL_Driver/Src/stm32f1xx_hal_gpio.o
 .ARM.attributes
                0x0000022d       0x2d ./Drivers/STM32F1xx_HAL_Driver/Src/stm32f1xx_hal_rcc.o
 .ARM.attributes
                0x0000025a       0x2d ./Drivers/STM32F1xx_HAL_Driver/Src/stm32f1xx_hal_spi.o
 .ARM.attributes
                0x00000287       0x2d /opt/stm32cubeide/plugins/com.st.stm32cube.ide.mcu.externaltools.gnu-tools-for-stm32.12.3.rel1.linux64_1.0.200.202406132123/tools/bin/../lib/gcc/arm-none-eabi/12.3.1/../../../../arm-none-eabi/lib/thumb/v7-m/nofp/libc_nano.a(libc_a-memset.o)
 .ARM.attributes
                0x000002b4       0x2d /opt/stm32cubeide/plugins/com.st.stm32cube.ide.mcu.externaltools.gnu-tools-for-stm32.12.3.rel1.linux64_1.0.200.202406132123/tools/bin/../lib/gcc/arm-none-eabi/12.3.1/../../../../arm-none-eabi/lib/thumb/v7-m/nofp/libc_nano.a(libc_a-init.o)
 .ARM.attributes
                0x000002e1       0x1d /opt/stm32cubeide/plugins/com.st.stm32cube.ide.mcu.externaltools.gnu-tools-for-stm32.12.3.rel1.linux64_1.0.200.202406132123/tools/bin/../lib/gcc/arm-none-eabi/12.3.1/thumb/v7-m/nofp/libgcc.a(_arm_addsubdf3.o)
 .ARM.attributes
                0x000002fe       0x1d /opt/stm32cubeide/plugins/com.st.stm32cube.ide.mcu.externaltools.gnu-tools-for-stm32.12.3.rel1.linux64_1.0.200.202406132123/tools/bin/../lib/gcc/arm-none-eabi/12.3.1/thumb/v7-m/nofp/libgcc.a(_arm_cmpdf2.o)
 .ARM.attributes
                0x0000031b       0x1d /opt/stm32cubeide/plugins/com.st.stm32cube.ide.mcu.externaltools.gnu-tools-for-stm32.12.3.rel1.linux64_1.0.200.202406132123/tools/bin/../lib/gcc/arm-none-eabi/12.3.1/thumb/v7-m/nofp/crtn.o
OUTPUT(Board_C24_Test.elf elf32-littlearm)
LOAD linker stubs
LOAD /opt/stm32cubeide/plugins/com.st.stm32cube.ide.mcu.externaltools.gnu-tools-for-stm32.12.3.rel1.linux64_1.0.200.202406132123/tools/bin/../lib/gcc/arm-none-eabi/12.3.1/../../../../arm-none-eabi/lib/thumb/v7-m/nofp/libc.a
LOAD /opt/stm32cubeide/plugins/com.st.stm32cube.ide.mcu.externaltools.gnu-tools-for-stm32.12.3.rel1.linux64_1.0.200.202406132123/tools/bin/../lib/gcc/arm-none-eabi/12.3.1/../../../../arm-none-eabi/lib/thumb/v7-m/nofp/libm.a
LOAD /opt/stm32cubeide/plugins/com.st.stm32cube.ide.mcu.externaltools.gnu-tools-for-stm32.12.3.rel1.linux64_1.0.200.202406132123/tools/bin/../lib/gcc/arm-none-eabi/12.3.1/thumb/v7-m/nofp/libgcc.a

.debug_info     0x00000000     0x5484
 .debug_info    0x00000000      0xcd1 ./Core/Src/ILI9225.o
 .debug_info    0x00000cd1      0x2d3 ./Core/Src/gpio.o
 .debug_info    0x00000fa4      0x372 ./Core/Src/main.o
 .debug_info    0x00001316      0x80a ./Core/Src/spi.o
 .debug_info    0x00001b20      0x1f1 ./Core/Src/stm32f1xx_hal_msp.o
 .debug_info    0x00001d11      0x113 ./Core/Src/stm32f1xx_it.o
 .debug_info    0x00001e24      0x222 ./Core/Src/system_stm32f1xx.o
 .debug_info    0x00002046       0x30 ./Core/Startup/startup_stm32f103c8tx.o
 .debug_info    0x00002076      0x704 ./Drivers/STM32F1xx_HAL_Driver/Src/stm32f1xx_hal.o
 .debug_info    0x0000277a      0xa87 ./Drivers/STM32F1xx_HAL_Driver/Src/stm32f1xx_hal_cortex.o
 .debug_info    0x00003201      0x5ab ./Drivers/STM32F1xx_HAL_Driver/Src/stm32f1xx_hal_gpio.o
 .debug_info    0x000037ac      0x7d5 ./Drivers/STM32F1xx_HAL_Driver/Src/stm32f1xx_hal_rcc.o
 .debug_info    0x00003f81     0x1503 ./Drivers/STM32F1xx_HAL_Driver/Src/stm32f1xx_hal_spi.o

.debug_abbrev   0x00000000     0x161d
 .debug_abbrev  0x00000000      0x28a ./Core/Src/ILI9225.o
 .debug_abbrev  0x0000028a      0x13f ./Core/Src/gpio.o
 .debug_abbrev  0x000003c9      0x1c3 ./Core/Src/main.o
 .debug_abbrev  0x0000058c      0x1e6 ./Core/Src/spi.o
 .debug_abbrev  0x00000772       0xdb ./Core/Src/stm32f1xx_hal_msp.o
 .debug_abbrev  0x0000084d       0x73 ./Core/Src/stm32f1xx_it.o
 .debug_abbrev  0x000008c0      0x13f ./Core/Src/system_stm32f1xx.o
 .debug_abbrev  0x000009ff       0x24 ./Core/Startup/startup_stm32f103c8tx.o
 .debug_abbrev  0x00000a23      0x201 ./Drivers/STM32F1xx_HAL_Driver/Src/stm32f1xx_hal.o
 .debug_abbrev  0x00000c24      0x2f8 ./Drivers/STM32F1xx_HAL_Driver/Src/stm32f1xx_hal_cortex.o
 .debug_abbrev  0x00000f1c      0x1ca ./Drivers/STM32F1xx_HAL_Driver/Src/stm32f1xx_hal_gpio.o
 .debug_abbrev  0x000010e6      0x2b3 ./Drivers/STM32F1xx_HAL_Driver/Src/stm32f1xx_hal_rcc.o
 .debug_abbrev  0x00001399      0x284 ./Drivers/STM32F1xx_HAL_Driver/Src/stm32f1xx_hal_spi.o

.debug_aranges  0x00000000      0x698
 .debug_aranges
                0x00000000       0xa8 ./Core/Src/ILI9225.o
 .debug_aranges
                0x000000a8       0x20 ./Core/Src/gpio.o
 .debug_aranges
                0x000000c8       0x30 ./Core/Src/main.o
 .debug_aranges
                0x000000f8       0x38 ./Core/Src/spi.o
 .debug_aranges
                0x00000130       0x20 ./Core/Src/stm32f1xx_hal_msp.o
 .debug_aranges
                0x00000150       0x60 ./Core/Src/stm32f1xx_it.o
 .debug_aranges
                0x000001b0       0x28 ./Core/Src/system_stm32f1xx.o
 .debug_aranges
                0x000001d8       0x28 ./Core/Startup/startup_stm32f103c8tx.o
 .debug_aranges
                0x00000200       0xe0 ./Drivers/STM32F1xx_HAL_Driver/Src/stm32f1xx_hal.o
 .debug_aranges
                0x000002e0      0x100 ./Drivers/STM32F1xx_HAL_Driver/Src/stm32f1xx_hal_cortex.o
 .debug_aranges
                0x000003e0       0x58 ./Drivers/STM32F1xx_HAL_Driver/Src/stm32f1xx_hal_gpio.o
 .debug_aranges
                0x00000438       0x90 ./Drivers/STM32F1xx_HAL_Driver/Src/stm32f1xx_hal_rcc.o
 .debug_aranges
                0x000004c8      0x1d0 ./Drivers/STM32F1xx_HAL_Driver/Src/stm32f1xx_hal_spi.o

.debug_rnglists
                0x00000000      0x4d8
 .debug_rnglists
                0x00000000       0x7f ./Core/Src/ILI9225.o
 .debug_rnglists
                0x0000007f       0x14 ./Core/Src/gpio.o
 .debug_rnglists
                0x00000093       0x1f ./Core/Src/main.o
 .debug_rnglists
                0x000000b2       0x26 ./Core/Src/spi.o
 .debug_rnglists
                0x000000d8       0x13 ./Core/Src/stm32f1xx_hal_msp.o
 .debug_rnglists
                0x000000eb       0x43 ./Core/Src/stm32f1xx_it.o
 .debug_rnglists
                0x0000012e       0x1a ./Core/Src/system_stm32f1xx.o
 .debug_rnglists
                0x00000148       0x19 ./Core/Startup/startup_stm32f103c8tx.o
 .debug_rnglists
                0x00000161       0xa3 ./Drivers/STM32F1xx_HAL_Driver/Src/stm32f1xx_hal.o
 .debug_rnglists
                0x00000204       0xbb ./Drivers/STM32F1xx_HAL_Driver/Src/stm32f1xx_hal_cortex.o
 .debug_rnglists
                0x000002bf       0x3f ./Drivers/STM32F1xx_HAL_Driver/Src/stm32f1xx_hal_gpio.o
 .debug_rnglists
                0x000002fe       0x6c ./Drivers/STM32F1xx_HAL_Driver/Src/stm32f1xx_hal_rcc.o
 .debug_rnglists
                0x0000036a      0x16e ./Drivers/STM32F1xx_HAL_Driver/Src/stm32f1xx_hal_spi.o

.debug_macro    0x00000000    0x1644f
 .debug_macro   0x00000000      0x1b1 ./Core/Src/ILI9225.o
 .debug_macro   0x000001b1      0xaa8 ./Core/Src/ILI9225.o
 .debug_macro   0x00000c59       0x2e ./Core/Src/ILI9225.o
 .debug_macro   0x00000c87       0x22 ./Core/Src/ILI9225.o
 .debug_macro   0x00000ca9       0x22 ./Core/Src/ILI9225.o
 .debug_macro   0x00000ccb       0x8e ./Core/Src/ILI9225.o
 .debug_macro   0x00000d59       0x51 ./Core/Src/ILI9225.o
 .debug_macro   0x00000daa      0x103 ./Core/Src/ILI9225.o
 .debug_macro   0x00000ead       0x6a ./Core/Src/ILI9225.o
 .debug_macro   0x00000f17      0x1df ./Core/Src/ILI9225.o
 .debug_macro   0x000010f6       0x1c ./Core/Src/ILI9225.o
 .debug_macro   0x00001112       0x22 ./Core/Src/ILI9225.o
 .debug_macro   0x00001134       0xbd ./Core/Src/ILI9225.o
 .debug_macro   0x000011f1      0xd23 ./Core/Src/ILI9225.o
 .debug_macro   0x00001f14     0xe09e ./Core/Src/ILI9225.o
 .debug_macro   0x0000ffb2       0x6d ./Core/Src/ILI9225.o
 .debug_macro   0x0001001f      0x215 ./Core/Src/ILI9225.o
 .debug_macro   0x00010234     0x348d ./Core/Src/ILI9225.o
 .debug_macro   0x000136c1      0x189 ./Core/Src/ILI9225.o
 .debug_macro   0x0001384a       0x5c ./Core/Src/ILI9225.o
 .debug_macro   0x000138a6      0x5bc ./Core/Src/ILI9225.o
 .debug_macro   0x00013e62      0x289 ./Core/Src/ILI9225.o
 .debug_macro   0x000140eb      0x1cb ./Core/Src/ILI9225.o
 .debug_macro   0x000142b6      0x114 ./Core/Src/ILI9225.o
 .debug_macro   0x000143ca      0x1b2 ./Core/Src/ILI9225.o
 .debug_macro   0x0001457c       0x27 ./Core/Src/ILI9225.o
 .debug_macro   0x000145a3      0x136 ./Core/Src/ILI9225.o
 .debug_macro   0x000146d9      0x1bc ./Core/Src/ILI9225.o
 .debug_macro   0x00014895       0x34 ./Core/Src/ILI9225.o
 .debug_macro   0x000148c9       0x3c ./Core/Src/ILI9225.o
 .debug_macro   0x00014905       0x57 ./Core/Src/ILI9225.o
 .debug_macro   0x0001495c       0x87 ./Core/Src/ILI9225.o
 .debug_macro   0x000149e3      0x240 ./Core/Src/ILI9225.o
 .debug_macro   0x00014c23      0x140 ./Core/Src/ILI9225.o
 .debug_macro   0x00014d63      0x217 ./Core/Src/ILI9225.o
 .debug_macro   0x00014f7a       0x83 ./Core/Src/ILI9225.o
 .debug_macro   0x00014ffd      0x214 ./Core/Src/ILI9225.o
 .debug_macro   0x00015211      0x1a2 ./Core/Src/gpio.o
 .debug_macro   0x000153b3      0x1c3 ./Core/Src/main.o
 .debug_macro   0x00015576      0x1a2 ./Core/Src/spi.o
 .debug_macro   0x00015718      0x198 ./Core/Src/stm32f1xx_hal_msp.o
 .debug_macro   0x000158b0      0x1a2 ./Core/Src/stm32f1xx_it.o
 .debug_macro   0x00015a52      0x18e ./Core/Src/system_stm32f1xx.o
 .debug_macro   0x00015be0      0x1b2 ./Drivers/STM32F1xx_HAL_Driver/Src/stm32f1xx_hal.o
 .debug_macro   0x00015d92      0x18e ./Drivers/STM32F1xx_HAL_Driver/Src/stm32f1xx_hal_cortex.o
 .debug_macro   0x00015f20      0x1f9 ./Drivers/STM32F1xx_HAL_Driver/Src/stm32f1xx_hal_gpio.o
 .debug_macro   0x00016119      0x1a0 ./Drivers/STM32F1xx_HAL_Driver/Src/stm32f1xx_hal_rcc.o
 .debug_macro   0x000162b9      0x196 ./Drivers/STM32F1xx_HAL_Driver/Src/stm32f1xx_hal_spi.o

.debug_line     0x00000000     0x75a3
 .debug_line    0x00000000      0xa5f ./Core/Src/ILI9225.o
 .debug_line    0x00000a5f      0x60d ./Core/Src/gpio.o
 .debug_line    0x0000106c      0x684 ./Core/Src/main.o
 .debug_line    0x000016f0      0x6e3 ./Core/Src/spi.o
 .debug_line    0x00001dd3      0x5f1 ./Core/Src/stm32f1xx_hal_msp.o
 .debug_line    0x000023c4      0x6b2 ./Core/Src/stm32f1xx_it.o
 .debug_line    0x00002a76      0x66e ./Core/Src/system_stm32f1xx.o
 .debug_line    0x000030e4       0x78 ./Core/Startup/startup_stm32f103c8tx.o
 .debug_line    0x0000315c      0x89b ./Drivers/STM32F1xx_HAL_Driver/Src/stm32f1xx_hal.o
 .debug_line    0x000039f7      0xa87 ./Drivers/STM32F1xx_HAL_Driver/Src/stm32f1xx_hal_cortex.o
 .debug_line    0x0000447e      0x934 ./Drivers/STM32F1xx_HAL_Driver/Src/stm32f1xx_hal_gpio.o
 .debug_line    0x00004db2      0xca4 ./Drivers/STM32F1xx_HAL_Driver/Src/stm32f1xx_hal_rcc.o
 .debug_line    0x00005a56     0x1b4d ./Drivers/STM32F1xx_HAL_Driver/Src/stm32f1xx_hal_spi.o

.debug_str      0x00000000    0x7e349
 .debug_str     0x00000000    0x7cb8b ./Core/Src/ILI9225.o
                              0x7cf26 (size before relaxing)
 .debug_str     0x0007cb8b       0xa7 ./Core/Src/gpio.o
                              0x7c179 (size before relaxing)
 .debug_str     0x0007cc32      0x1b3 ./Core/Src/main.o
                              0x7cb38 (size before relaxing)
 .debug_str     0x0007cde5       0x61 ./Core/Src/spi.o
                              0x7c59d (size before relaxing)
 .debug_str     0x0007ce46       0x5a ./Core/Src/stm32f1xx_hal_msp.o
                              0x7c101 (size before relaxing)
 .debug_str     0x0007cea0       0xc9 ./Core/Src/stm32f1xx_it.o
                              0x7c116 (size before relaxing)
 .debug_str     0x0007cf69       0x7e ./Core/Src/system_stm32f1xx.o
                              0x7c12c (size before relaxing)
 .debug_str     0x0007cfe7       0x44 ./Core/Startup/startup_stm32f103c8tx.o
                                 0x83 (size before relaxing)
 .debug_str     0x0007d02b      0x607 ./Drivers/STM32F1xx_HAL_Driver/Src/stm32f1xx_hal.o
                              0x7c85f (size before relaxing)
 .debug_str     0x0007d632      0x2bb ./Drivers/STM32F1xx_HAL_Driver/Src/stm32f1xx_hal_cortex.o
                              0x7c7ab (size before relaxing)
 .debug_str     0x0007d8ed      0x2ce ./Drivers/STM32F1xx_HAL_Driver/Src/stm32f1xx_hal_gpio.o
                              0x7c4b2 (size before relaxing)
 .debug_str     0x0007dbbb      0x229 ./Drivers/STM32F1xx_HAL_Driver/Src/stm32f1xx_hal_rcc.o
                              0x7c55b (size before relaxing)
 .debug_str     0x0007dde4      0x565 ./Drivers/STM32F1xx_HAL_Driver/Src/stm32f1xx_hal_spi.o
                              0x7ca58 (size before relaxing)

.comment        0x00000000       0x43
 .comment       0x00000000       0x43 ./Core/Src/ILI9225.o
                                 0x44 (size before relaxing)
 .comment       0x00000043       0x44 ./Core/Src/gpio.o
 .comment       0x00000043       0x44 ./Core/Src/main.o
 .comment       0x00000043       0x44 ./Core/Src/spi.o
 .comment       0x00000043       0x44 ./Core/Src/stm32f1xx_hal_msp.o
 .comment       0x00000043       0x44 ./Core/Src/stm32f1xx_it.o
 .comment       0x00000043       0x44 ./Core/Src/system_stm32f1xx.o
 .comment       0x00000043       0x44 ./Drivers/STM32F1xx_HAL_Driver/Src/stm32f1xx_hal.o
 .comment       0x00000043       0x44 ./Drivers/STM32F1xx_HAL_Driver/Src/stm32f1xx_hal_cortex.o
 .comment       0x00000043       0x44 ./Drivers/STM32F1xx_HAL_Driver/Src/stm32f1xx_hal_gpio.o
 .comment       0x00000043       0x44 ./Drivers/STM32F1xx_HAL_Driver/Src/stm32f1xx_hal_rcc.o
 .comment       0x00000043       0x44 ./Drivers/STM32F1xx_HAL_Driver/Src/stm32f1xx_hal_spi.o

.debug_frame    0x00000000     0x1a0c
 .debug_frame   0x00000000      0x2a8 ./Core/Src/ILI9225.o
 .debug_frame   0x000002a8       0x34 ./Core/Src/gpio.o
 .debug_frame   0x000002dc       0x6c ./Core/Src/main.o
 .debug_frame   0x00000348       0x90 ./Core/Src/spi.o
 .debug_frame   0x000003d8       0x38 ./Core/Src/stm32f1xx_hal_msp.o
 .debug_frame   0x00000410      0x104 ./Core/Src/stm32f1xx_it.o
 .debug_frame   0x00000514       0x58 ./Core/Src/system_stm32f1xx.o
 .debug_frame   0x0000056c      0x334 ./Drivers/STM32F1xx_HAL_Driver/Src/stm32f1xx_hal.o
 .debug_frame   0x000008a0      0x428 ./Drivers/STM32F1xx_HAL_Driver/Src/stm32f1xx_hal_cortex.o
 .debug_frame   0x00000cc8      0x14c ./Drivers/STM32F1xx_HAL_Driver/Src/stm32f1xx_hal_gpio.o
 .debug_frame   0x00000e14      0x218 ./Drivers/STM32F1xx_HAL_Driver/Src/stm32f1xx_hal_rcc.o
 .debug_frame   0x0000102c      0x824 ./Drivers/STM32F1xx_HAL_Driver/Src/stm32f1xx_hal_spi.o
 .debug_frame   0x00001850       0x20 /opt/stm32cubeide/plugins/com.st.stm32cube.ide.mcu.externaltools.gnu-tools-for-stm32.12.3.rel1.linux64_1.0.200.202406132123/tools/bin/../lib/gcc/arm-none-eabi/12.3.1/../../../../arm-none-eabi/lib/thumb/v7-m/nofp/libc_nano.a(libc_a-memset.o)
 .debug_frame   0x00001870       0x2c /opt/stm32cubeide/plugins/com.st.stm32cube.ide.mcu.externaltools.gnu-tools-for-stm32.12.3.rel1.linux64_1.0.200.202406132123/tools/bin/../lib/gcc/arm-none-eabi/12.3.1/../../../../arm-none-eabi/lib/thumb/v7-m/nofp/libc_nano.a(libc_a-init.o)
 .debug_frame   0x0000189c       0xac /opt/stm32cubeide/plugins/com.st.stm32cube.ide.mcu.externaltools.gnu-tools-for-stm32.12.3.rel1.linux64_1.0.200.202406132123/tools/bin/../lib/gcc/arm-none-eabi/12.3.1/thumb/v7-m/nofp/libgcc.a(_arm_addsubdf3.o)
 .debug_frame   0x00001948       0xc4 /opt/stm32cubeide/plugins/com.st.stm32cube.ide.mcu.externaltools.gnu-tools-for-stm32.12.3.rel1.linux64_1.0.200.202406132123/tools/bin/../lib/gcc/arm-none-eabi/12.3.1/thumb/v7-m/nofp/libgcc.a(_arm_cmpdf2.o)

.debug_line_str
                0x00000000       0x67
 .debug_line_str
                0x00000000       0x67 ./Core/Startup/startup_stm32f103c8tx.o
