../Core/Src/sd.c:60:13:Error	8	static
../Core/Src/sd.c:65:9:SPIx_WriteRead	32	static
../Core/Src/sd.c:75:6:SPI_SendByte	16	static
../Core/Src/sd.c:80:9:SPI_ReceiveByte	16	static
../Core/Src/sd.c:86:6:SPI_Release	8	static
../Core/Src/sd.c:91:9:SPI_wait_ready	16	static
../Core/Src/sd.c:107:16:SD_cmd	24	static
../Core/Src/sd.c:142:6:SD_PowerOn	4	static
../Core/Src/sd.c:149:9:SD_Read_Block	32	static
../Core/Src/sd.c:168:9:SD_Write_Block	24	static
../Core/Src/sd.c:190:9:sd_ini	40	static
../Core/Src/sd.c:256:9:ReadLongFile	24	static
../Core/Src/sd.c:290:6:SD_Write_File	24	static
../Core/Src/sd.c:314:10:SD_Read_File	16	static
../Core/Src/sd.c:334:6:SD_List_File	16	static
../Core/Src/sd.c:368:15:SD_Amount_Space	8	static
../Core/Src/sd.c:389:9:_ReadLongFile	16	static
../Core/Src/sd.c:396:10:_SD_Read_File	16	static
../Core/Src/sd.c:416:6:SD_creatSubDir	16	static
../Core/Src/sd.c:439:6:SD_deleteFile	16	static
../Core/Src/sd.c:465:9:delete_node	4176	static
../Core/Src/sd.c:507:6:SD_deleteFolder	328	static
../Core/Src/sd.c:540:9:getFileSize	24	static
../Core/Src/sd.c:562:6:display	16	static
../Core/Src/sd.c:567:6:SD_deleteAllFile	8	static
