Archive member included to satisfy reference by file (symbol)

/usr/lib/gcc/arm-none-eabi/14.1.0/../../../../arm-none-eabi/lib/thumb/v7-m/nofp/libc_nano.a(libc_a-atexit.o)
                              /usr/lib/gcc/arm-none-eabi/14.1.0/../../../../arm-none-eabi/lib/thumb/v7-m/nofp/crt0.o (atexit)
/usr/lib/gcc/arm-none-eabi/14.1.0/../../../../arm-none-eabi/lib/thumb/v7-m/nofp/libc_nano.a(libc_a-exit.o)
                              /usr/lib/gcc/arm-none-eabi/14.1.0/../../../../arm-none-eabi/lib/thumb/v7-m/nofp/crt0.o (exit)
/usr/lib/gcc/arm-none-eabi/14.1.0/../../../../arm-none-eabi/lib/thumb/v7-m/nofp/libc_nano.a(libc_a-findfp.o)
                              /usr/lib/gcc/arm-none-eabi/14.1.0/../../../../arm-none-eabi/lib/thumb/v7-m/nofp/libc_nano.a(libc_a-exit.o) (__stdio_exit_handler)
/usr/lib/gcc/arm-none-eabi/14.1.0/../../../../arm-none-eabi/lib/thumb/v7-m/nofp/libc_nano.a(libc_a-fwalk.o)
                              /usr/lib/gcc/arm-none-eabi/14.1.0/../../../../arm-none-eabi/lib/thumb/v7-m/nofp/libc_nano.a(libc_a-findfp.o) (_fwalk_sglue)
/usr/lib/gcc/arm-none-eabi/14.1.0/../../../../arm-none-eabi/lib/thumb/v7-m/nofp/libc_nano.a(libc_a-sprintf.o)
                              build/main.o (sprintf)
/usr/lib/gcc/arm-none-eabi/14.1.0/../../../../arm-none-eabi/lib/thumb/v7-m/nofp/libc_nano.a(libc_a-stdio.o)
                              /usr/lib/gcc/arm-none-eabi/14.1.0/../../../../arm-none-eabi/lib/thumb/v7-m/nofp/libc_nano.a(libc_a-findfp.o) (__sread)
/usr/lib/gcc/arm-none-eabi/14.1.0/../../../../arm-none-eabi/lib/thumb/v7-m/nofp/libc_nano.a(libc_a-memset.o)
                              /usr/lib/gcc/arm-none-eabi/14.1.0/../../../../arm-none-eabi/lib/thumb/v7-m/nofp/crt0.o (memset)
/usr/lib/gcc/arm-none-eabi/14.1.0/../../../../arm-none-eabi/lib/thumb/v7-m/nofp/libc_nano.a(libc_a-closer.o)
                              /usr/lib/gcc/arm-none-eabi/14.1.0/../../../../arm-none-eabi/lib/thumb/v7-m/nofp/libc_nano.a(libc_a-stdio.o) (_close_r)
/usr/lib/gcc/arm-none-eabi/14.1.0/../../../../arm-none-eabi/lib/thumb/v7-m/nofp/libc_nano.a(libc_a-reent.o)
                              /usr/lib/gcc/arm-none-eabi/14.1.0/../../../../arm-none-eabi/lib/thumb/v7-m/nofp/libc_nano.a(libc_a-closer.o) (errno)
/usr/lib/gcc/arm-none-eabi/14.1.0/../../../../arm-none-eabi/lib/thumb/v7-m/nofp/libc_nano.a(libc_a-impure.o)
                              /usr/lib/gcc/arm-none-eabi/14.1.0/../../../../arm-none-eabi/lib/thumb/v7-m/nofp/libc_nano.a(libc_a-sprintf.o) (_impure_ptr)
/usr/lib/gcc/arm-none-eabi/14.1.0/../../../../arm-none-eabi/lib/thumb/v7-m/nofp/libc_nano.a(libc_a-lseekr.o)
                              /usr/lib/gcc/arm-none-eabi/14.1.0/../../../../arm-none-eabi/lib/thumb/v7-m/nofp/libc_nano.a(libc_a-stdio.o) (_lseek_r)
/usr/lib/gcc/arm-none-eabi/14.1.0/../../../../arm-none-eabi/lib/thumb/v7-m/nofp/libc_nano.a(libc_a-readr.o)
                              /usr/lib/gcc/arm-none-eabi/14.1.0/../../../../arm-none-eabi/lib/thumb/v7-m/nofp/libc_nano.a(libc_a-stdio.o) (_read_r)
/usr/lib/gcc/arm-none-eabi/14.1.0/../../../../arm-none-eabi/lib/thumb/v7-m/nofp/libc_nano.a(libc_a-writer.o)
                              /usr/lib/gcc/arm-none-eabi/14.1.0/../../../../arm-none-eabi/lib/thumb/v7-m/nofp/libc_nano.a(libc_a-stdio.o) (_write_r)
/usr/lib/gcc/arm-none-eabi/14.1.0/../../../../arm-none-eabi/lib/thumb/v7-m/nofp/libc_nano.a(libc_a-errno.o)
                              build/sysmem.o (__errno)
/usr/lib/gcc/arm-none-eabi/14.1.0/../../../../arm-none-eabi/lib/thumb/v7-m/nofp/libc_nano.a(libc_a-init.o)
                              /usr/lib/gcc/arm-none-eabi/14.1.0/../../../../arm-none-eabi/lib/thumb/v7-m/nofp/crt0.o (__libc_init_array)
/usr/lib/gcc/arm-none-eabi/14.1.0/../../../../arm-none-eabi/lib/thumb/v7-m/nofp/libc_nano.a(libc_a-fini.o)
                              /usr/lib/gcc/arm-none-eabi/14.1.0/../../../../arm-none-eabi/lib/thumb/v7-m/nofp/crt0.o (__libc_fini_array)
/usr/lib/gcc/arm-none-eabi/14.1.0/../../../../arm-none-eabi/lib/thumb/v7-m/nofp/libc_nano.a(libc_a-lock.o)
                              /usr/lib/gcc/arm-none-eabi/14.1.0/../../../../arm-none-eabi/lib/thumb/v7-m/nofp/libc_nano.a(libc_a-findfp.o) (__retarget_lock_init_recursive)
/usr/lib/gcc/arm-none-eabi/14.1.0/../../../../arm-none-eabi/lib/thumb/v7-m/nofp/libc_nano.a(libc_a-strlen.o)
                              build/main.o (strlen)
/usr/lib/gcc/arm-none-eabi/14.1.0/../../../../arm-none-eabi/lib/thumb/v7-m/nofp/libc_nano.a(libc_a-__atexit.o)
                              /usr/lib/gcc/arm-none-eabi/14.1.0/../../../../arm-none-eabi/lib/thumb/v7-m/nofp/libc_nano.a(libc_a-atexit.o) (__register_exitproc)
/usr/lib/gcc/arm-none-eabi/14.1.0/../../../../arm-none-eabi/lib/thumb/v7-m/nofp/libc_nano.a(libc_a-__call_atexit.o)
                              /usr/lib/gcc/arm-none-eabi/14.1.0/../../../../arm-none-eabi/lib/thumb/v7-m/nofp/libc_nano.a(libc_a-__atexit.o) (__call_exitprocs)
[...]
Memory Configuration

Name             Origin             Length             Attributes
RAM              0x20000000         0x00005000         xrw
FLASH            0x08000000         0x00010000         xr
*default*        0x00000000         0xffffffff

Linker script and memory map

LOAD /usr/lib/gcc/arm-none-eabi/14.1.0/thumb/v7-m/nofp/crti.o
LOAD /usr/lib/gcc/arm-none-eabi/14.1.0/thumb/v7-m/nofp/crtbegin.o
LOAD /usr/lib/gcc/arm-none-eabi/14.1.0/../../../../arm-none-eabi/lib/thumb/v7-m/nofp/crt0.o
LOAD build/main.o
LOAD build/stm32f1xx_it.o
LOAD build/stm32f1xx_hal_msp.o
LOAD build/stm32f1xx_hal_gpio_ex.o
LOAD build/stm32f1xx_hal_tim.o
LOAD build/stm32f1xx_hal_tim_ex.o
LOAD build/stm32f1xx_hal_uart.o
LOAD build/stm32f1xx_hal.o
LOAD build/stm32f1xx_hal_rcc.o
LOAD build/stm32f1xx_hal_rcc_ex.o
LOAD build/stm32f1xx_hal_gpio.o
LOAD build/stm32f1xx_hal_dma.o
LOAD build/stm32f1xx_hal_cortex.o
LOAD build/stm32f1xx_hal_pwr.o
LOAD build/stm32f1xx_hal_flash.o
LOAD build/stm32f1xx_hal_flash_ex.o
LOAD build/stm32f1xx_hal_exti.o
LOAD build/system_stm32f1xx.o
LOAD build/sysmem.o
LOAD build/syscalls.o
LOAD build/gpio.o
LOAD build/i2c.o
LOAD build/usart.o
LOAD build/ds1307_for_stm32_hal.o
LOAD build/mpu6050.o
LOAD build/stm32f1xx_hal_i2c.o
LOAD build/tim.o
LOAD build/startup_stm32f103xb.o
LOAD /usr/lib/gcc/arm-none-eabi/14.1.0/../../../../arm-none-eabi/lib/thumb/v7-m/nofp/libc_nano.a
LOAD /usr/lib/gcc/arm-none-eabi/14.1.0/../../../../arm-none-eabi/lib/thumb/v7-m/nofp/libm.a
LOAD /usr/lib/gcc/arm-none-eabi/14.1.0/../../../../arm-none-eabi/lib/thumb/v7-m/nofp/libnosys.a
START GROUP
LOAD /usr/lib/gcc/arm-none-eabi/14.1.0/thumb/v7-m/nofp/libgcc.a
LOAD /usr/lib/gcc/arm-none-eabi/14.1.0/../../../../arm-none-eabi/lib/thumb/v7-m/nofp/libc_nano.a
END GROUP
START GROUP
LOAD /usr/lib/gcc/arm-none-eabi/14.1.0/thumb/v7-m/nofp/libgcc.a
LOAD /usr/lib/gcc/arm-none-eabi/14.1.0/../../../../arm-none-eabi/lib/thumb/v7-m/nofp/libc_nano.a
END GROUP
LOAD /usr/lib/gcc/arm-none-eabi/14.1.0/thumb/v7-m/nofp/crtend.o
LOAD /usr/lib/gcc/arm-none-eabi/14.1.0/thumb/v7-m/nofp/crtn.o
                0x20005000                        _estack = (ORIGIN (RAM) + LENGTH (RAM))
                0x00000200                        _Min_Heap_Size = 0x200
                0x00000400                        _Min_Stack_Size = 0x400

.isr_vector     0x08000000      0x10c
                0x08000000                        . = ALIGN (0x4)
 *(.isr_vector)
 .isr_vector    0x08000000      0x10c build/startup_stm32f103xb.o
                0x08000000                g_pfnVectors
                0x0800010c                        . = ALIGN (0x4)

.text           0x08000110     0x44d4
                0x08000110                        . = ALIGN (0x4)
 *(.text)
 .text          0x08000110      0x378 /usr/lib/gcc/arm-none-eabi/14.1.0/thumb/v7-m/nofp/libgcc.a(_arm_addsubdf3.o)
                0x08000110                __aeabi_drsub
                0x08000118                __aeabi_dsub
                0x08000118                __subdf3
                0x0800011c                __adddf3
                0x0800011c                __aeabi_dadd
                0x08000394                __aeabi_ui2d
                0x08000394                __floatunsidf
                0x080003b4                __floatsidf
                0x080003b4                __aeabi_i2d
                0x080003d8                __extendsfdf2
                0x080003d8                __aeabi_f2d
                0x0800041c                __aeabi_ul2d
                0x0800041c                __floatundidf
                0x0800042c                __floatdidf
                0x0800042c                __aeabi_l2d
 .text          0x08000488      0x424 /usr/lib/gcc/arm-none-eabi/14.1.0/thumb/v7-m/nofp/libgcc.a(_arm_muldivdf3.o)
                0x08000488                __aeabi_dmul
                0x08000488                __muldf3
                0x080006dc                __aeabi_ddiv
                0x080006dc                __divdf3
 .text          0x080008ac      0x110 /usr/lib/gcc/arm-none-eabi/14.1.0/thumb/v7-m/nofp/libgcc.a(_arm_cmpdf2.o)
                0x080008ac                __gtdf2
                0x080008ac                __gedf2
                0x080008b4                __ltdf2
                0x080008b4                __ledf2
                0x080008bc                __cmpdf2
                0x080008bc                __eqdf2
                0x080008bc                __nedf2
                0x08000938                __aeabi_cdrcmple
                0x08000948                __aeabi_cdcmple
                0x08000948                __aeabi_cdcmpeq
                0x08000958                __aeabi_dcmpeq
                0x0800096c                __aeabi_dcmplt
                0x08000980                __aeabi_dcmple
                0x08000994                __aeabi_dcmpge
                0x080009a8                __aeabi_dcmpgt
 .text          0x080009bc       0x2c /usr/lib/gcc/arm-none-eabi/14.1.0/thumb/v7-m/nofp/libgcc.a(_arm_unorddf2.o)
                0x080009bc                __aeabi_dcmpun
                0x080009bc                __unorddf2
 .text          0x080009e8      0x21c /usr/lib/gcc/arm-none-eabi/14.1.0/thumb/v7-m/nofp/libgcc.a(_arm_addsubsf3.o)
                0x080009e8                __aeabi_frsub
                0x080009f0                __subsf3
                0x080009f0                __aeabi_fsub
                0x080009f4                __aeabi_fadd
                0x080009f4                __addsf3
                0x08000b54                __aeabi_ui2f
                0x08000b54                __floatunsisf
                0x08000b5c                __aeabi_i2f
                0x08000b5c                __floatsisf
                0x08000b78                __floatundisf
                0x08000b78                __aeabi_ul2f
                0x08000b88                __floatdisf
                0x08000b88                __aeabi_l2f
 .text          0x08000c04      0x2a0 /usr/lib/gcc/arm-none-eabi/14.1.0/thumb/v7-m/nofp/libgcc.a(_arm_muldivsf3.o)
                0x08000c04                __mulsf3
                0x08000c04                __aeabi_fmul
                0x08000d6c                __divsf3
                0x08000d6c                __aeabi_fdiv
 *(.text*)
 .text.__do_global_dtors_aux
                0x08000ea4       0x24 /usr/lib/gcc/arm-none-eabi/14.1.0/thumb/v7-m/nofp/crtbegin.o
 .text.frame_dummy
                0x08000ec8       0x1c /usr/lib/gcc/arm-none-eabi/14.1.0/thumb/v7-m/nofp/crtbegin.o
 .text.Error_Handler
                0x08000ee4        0x4 build/main.o
                0x08000ee4                Error_Handler
 .text.SystemClock_Config
                0x08000ee8       0x52 build/main.o
                0x08000ee8                SystemClock_Config
 *fill*         0x08000f3a        0x2 
 .text.main     0x08000f3c       0x8c build/main.o
                0x08000f3c                main
 .text.NMI_Handler
                0x08000fc8        0x2 build/stm32f1xx_it.o
                0x08000fc8                NMI_Handler
 .text.HardFault_Handler
                0x08000fca        0x2 build/stm32f1xx_it.o
                0x08000fca                HardFault_Handler
 .text.MemManage_Handler
                0x08000fcc        0x2 build/stm32f1xx_it.o
                0x08000fcc                MemManage_Handler
 .text.BusFault_Handler
                0x08000fce        0x2 build/stm32f1xx_it.o
                0x08000fce                BusFault_Handler
 .text.UsageFault_Handler
                0x08000fd0        0x2 build/stm32f1xx_it.o
                0x08000fd0                UsageFault_Handler
 .text.SVC_Handler
                0x08000fd2        0x2 build/stm32f1xx_it.o
                0x08000fd2                SVC_Handler
 .text.DebugMon_Handler
                0x08000fd4        0x2 build/stm32f1xx_it.o
                0x08000fd4                DebugMon_Handler
 .text.PendSV_Handler
                0x08000fd6        0x2 build/stm32f1xx_it.o
                0x08000fd6                PendSV_Handler
 .text.SysTick_Handler
                0x08000fd8        0x8 build/stm32f1xx_it.o
                0x08000fd8                SysTick_Handler
 .text.HAL_MspInit
                0x08000fe0       0x44 build/stm32f1xx_hal_msp.o
                0x08000fe0                HAL_MspInit
 .text.TIM_OC1_SetConfig
                0x08001024       0x54 build/stm32f1xx_hal_tim.o
 .text.TIM_OC3_SetConfig
                0x08001078       0x5c build/stm32f1xx_hal_tim.o
 .text.TIM_OC4_SetConfig
                0x080010d4       0x48 build/stm32f1xx_hal_tim.o
 .text.TIM_TI1_ConfigInputStage
                0x0800111c       0x24 build/stm32f1xx_hal_tim.o
 .text.TIM_TI2_ConfigInputStage
                0x08001140       0x26 build/stm32f1xx_hal_tim.o
 .text.TIM_ITRx_SetConfig
                0x08001166       0x10 build/stm32f1xx_hal_tim.o
 .text.HAL_TIM_PWM_MspInit
                0x08001176        0x2 build/stm32f1xx_hal_tim.o
                0x08001176                HAL_TIM_PWM_MspInit
 .text.TIM_Base_SetConfig
                0x08001178       0x74 build/stm32f1xx_hal_tim.o
                0x08001178                TIM_Base_SetConfig
 .text.HAL_TIM_Base_Init
                0x080011ec       0x58 build/stm32f1xx_hal_tim.o
                0x080011ec                HAL_TIM_Base_Init
 .text.HAL_TIM_PWM_Init
                0x08001244       0x58 build/stm32f1xx_hal_tim.o
                0x08001244                HAL_TIM_PWM_Init
 .text.TIM_OC2_SetConfig
                0x0800129c       0x5c build/stm32f1xx_hal_tim.o
                0x0800129c                TIM_OC2_SetConfig
 .text.HAL_TIM_PWM_ConfigChannel
                0x080012f8      0x108 build/stm32f1xx_hal_tim.o
                0x080012f8                HAL_TIM_PWM_ConfigChannel
 .text.TIM_ETR_SetConfig
                0x08001400       0x18 build/stm32f1xx_hal_tim.o
                0x08001400                TIM_ETR_SetConfig
 .text.HAL_TIM_ConfigClockSource
                0x08001418       0xfe build/stm32f1xx_hal_tim.o
                0x08001418                HAL_TIM_ConfigClockSource
 .text.TIM_CCxChannelCmd
                0x08001516       0x1e build/stm32f1xx_hal_tim.o
                0x08001516                TIM_CCxChannelCmd
 .text.HAL_TIM_PWM_Start
                0x08001534       0xd4 build/stm32f1xx_hal_tim.o
                0x08001534                HAL_TIM_PWM_Start
 .text.HAL_TIMEx_MasterConfigSynchronization
                0x08001608       0x6c build/stm32f1xx_hal_tim_ex.o
                0x08001608                HAL_TIMEx_MasterConfigSynchronization
 .text.UART_SetConfig
                0x08001674       0x94 build/stm32f1xx_hal_uart.o
 .text.HAL_UART_Init
                0x08001708       0x60 build/stm32f1xx_hal_uart.o
                0x08001708                HAL_UART_Init
 .text.HAL_InitTick
                0x08001768       0x4c build/stm32f1xx_hal.o
                0x08001768                HAL_InitTick
 .text.HAL_Init
                0x080017b4       0x24 build/stm32f1xx_hal.o
                0x080017b4                HAL_Init
 .text.HAL_IncTick
                0x080017d8       0x18 build/stm32f1xx_hal.o
                0x080017d8                HAL_IncTick
 .text.HAL_GetTick
                0x080017f0        0xc build/stm32f1xx_hal.o
                0x080017f0                HAL_GetTick
 .text.HAL_Delay
                0x080017fc       0x28 build/stm32f1xx_hal.o
                0x080017fc                HAL_Delay
 .text.RCC_Delay
                0x08001824       0x2c build/stm32f1xx_hal_rcc.o
 .text.HAL_RCC_OscConfig
                0x08001850      0x410 build/stm32f1xx_hal_rcc.o
                0x08001850                HAL_RCC_OscConfig
 .text.HAL_RCC_GetSysClockFreq
                0x08001c60       0x54 build/stm32f1xx_hal_rcc.o
                0x08001c60                HAL_RCC_GetSysClockFreq
 .text.HAL_RCC_ClockConfig
                0x08001cb4      0x16c build/stm32f1xx_hal_rcc.o
                0x08001cb4                HAL_RCC_ClockConfig
 .text.HAL_RCC_GetHCLKFreq
                0x08001e20        0xc build/stm32f1xx_hal_rcc.o
                0x08001e20                HAL_RCC_GetHCLKFreq
 .text.HAL_RCC_GetPCLK1Freq
                0x08001e2c       0x20 build/stm32f1xx_hal_rcc.o
                0x08001e2c                HAL_RCC_GetPCLK1Freq
 .text.HAL_RCC_GetPCLK2Freq
                0x08001e4c       0x20 build/stm32f1xx_hal_rcc.o
                0x08001e4c                HAL_RCC_GetPCLK2Freq
 .text.HAL_GPIO_Init
                0x08001e6c      0x214 build/stm32f1xx_hal_gpio.o
                0x08001e6c                HAL_GPIO_Init
 .text.HAL_GPIO_WritePin
                0x08002080        0xc build/stm32f1xx_hal_gpio.o
                0x08002080                HAL_GPIO_WritePin
 .text.__NVIC_SetPriority
                0x0800208c       0x28 build/stm32f1xx_hal_cortex.o
 .text.NVIC_EncodePriority
                0x080020b4       0x3e build/stm32f1xx_hal_cortex.o
 *fill*         0x080020f2        0x2 
 .text.HAL_NVIC_SetPriorityGrouping
                0x080020f4       0x24 build/stm32f1xx_hal_cortex.o
                0x080020f4                HAL_NVIC_SetPriorityGrouping
 .text.HAL_NVIC_SetPriority
                0x08002118       0x20 build/stm32f1xx_hal_cortex.o
                0x08002118                HAL_NVIC_SetPriority
 .text.HAL_SYSTICK_Config
                0x08002138       0x28 build/stm32f1xx_hal_cortex.o
                0x08002138                HAL_SYSTICK_Config
 .text.SystemInit
                0x08002160        0x2 build/system_stm32f1xx.o
                0x08002160                SystemInit
 *fill*         0x08002162        0x2 
 .text.MX_GPIO_Init
                0x08002164       0xf8 build/gpio.o
                0x08002164                MX_GPIO_Init
 .text.MX_I2C1_Init
                0x0800225c       0x3c build/i2c.o
                0x0800225c                MX_I2C1_Init
 .text.MX_I2C2_Init
                0x08002298       0x3c build/i2c.o
                0x08002298                MX_I2C2_Init
 .text.HAL_I2C_MspInit
                0x080022d4       0xac build/i2c.o
                0x080022d4                HAL_I2C_MspInit
 .text.MX_USART1_UART_Init
                0x08002380       0x34 build/usart.o
                0x08002380                MX_USART1_UART_Init
 .text.HAL_UART_MspInit
                0x080023b4       0x7c build/usart.o
                0x080023b4                HAL_UART_MspInit
 .text.DS1307_SetRegByte
                0x08002430       0x2c build/ds1307_for_stm32_hal.o
                0x08002430                DS1307_SetRegByte
 .text.DS1307_GetRegByte
                0x0800245c       0x3c build/ds1307_for_stm32_hal.o
                0x0800245c                DS1307_GetRegByte
 .text.DS1307_SetClockHalt
                0x08002498       0x1c build/ds1307_for_stm32_hal.o
                0x08002498                DS1307_SetClockHalt
 .text.DS1307_Init
                0x080024b4       0x14 build/ds1307_for_stm32_hal.o
                0x080024b4                DS1307_Init
 .text.DS1307_GetClockHalt
                0x080024c8        0xe build/ds1307_for_stm32_hal.o
                0x080024c8                DS1307_GetClockHalt
 .text.DS1307_SetTimeZone
                0x080024d6       0x16 build/ds1307_for_stm32_hal.o
                0x080024d6                DS1307_SetTimeZone
 .text.DS1307_EncodeBCD
                0x080024ec       0x20 build/ds1307_for_stm32_hal.o
                0x080024ec                DS1307_EncodeBCD
 .text.DS1307_SetDayOfWeek
                0x0800250c       0x10 build/ds1307_for_stm32_hal.o
                0x0800250c                DS1307_SetDayOfWeek
 .text.DS1307_SetDate
                0x0800251c       0x10 build/ds1307_for_stm32_hal.o
                0x0800251c                DS1307_SetDate
 .text.DS1307_SetMonth
                0x0800252c       0x10 build/ds1307_for_stm32_hal.o
                0x0800252c                DS1307_SetMonth
 .text.DS1307_SetYear
                0x0800253c       0x30 build/ds1307_for_stm32_hal.o
                0x0800253c                DS1307_SetYear
 .text.DS1307_SetHour
                0x0800256c       0x14 build/ds1307_for_stm32_hal.o
                0x0800256c                DS1307_SetHour
 .text.DS1307_SetMinute
                0x08002580       0x10 build/ds1307_for_stm32_hal.o
                0x08002580                DS1307_SetMinute
 .text.DS1307_SetSecond
                0x08002590       0x1a build/ds1307_for_stm32_hal.o
                0x08002590                DS1307_SetSecond
 .text.MPU6050_Init
                0x080025aa       0xa0 build/mpu6050.o
                0x080025aa                MPU6050_Init
 .text.Kalman_getAngle
                0x0800264a      0x202 build/mpu6050.o
                0x0800264a                Kalman_getAngle
 *fill*         0x0800284c        0x4 
 .text.MPU6050_Read_All
                0x08002850      0x29c build/mpu6050.o
                0x08002850                MPU6050_Read_All
 .text.I2C_IsAcknowledgeFailed
                0x08002aec       0x32 build/stm32f1xx_hal_i2c.o
 .text.I2C_WaitOnFlagUntilTimeout
                0x08002b1e       0xaa build/stm32f1xx_hal_i2c.o
 .text.I2C_WaitOnMasterAddressFlagUntilTimeout
                0x08002bc8       0xd6 build/stm32f1xx_hal_i2c.o
 *fill*         0x08002c9e        0x2 
 .text.I2C_MasterRequestWrite
                0x08002ca0       0xb4 build/stm32f1xx_hal_i2c.o
 .text.I2C_MasterRequestRead
                0x08002d54      0x120 build/stm32f1xx_hal_i2c.o
 .text.I2C_WaitOnTXEFlagUntilTimeout
                0x08002e74       0x5e build/stm32f1xx_hal_i2c.o
 *fill*         0x08002ed2        0x2 
 .text.I2C_RequestMemoryWrite
                0x08002ed4       0xd8 build/stm32f1xx_hal_i2c.o
 .text.I2C_RequestMemoryRead
                0x08002fac      0x154 build/stm32f1xx_hal_i2c.o
 .text.I2C_WaitOnBTFFlagUntilTimeout
                0x08003100       0x5e build/stm32f1xx_hal_i2c.o
 .text.I2C_WaitOnRXNEFlagUntilTimeout
                0x0800315e       0x78 build/stm32f1xx_hal_i2c.o
 *fill*         0x080031d6        0x2 
 .text.HAL_I2C_Init
                0x080031d8      0x1bc build/stm32f1xx_hal_i2c.o
                0x080031d8                HAL_I2C_Init
 .text.HAL_I2C_Master_Transmit
                0x08003394      0x174 build/stm32f1xx_hal_i2c.o
                0x08003394                HAL_I2C_Master_Transmit
 .text.HAL_I2C_Master_Receive
                0x08003508      0x354 build/stm32f1xx_hal_i2c.o
                0x08003508                HAL_I2C_Master_Receive
 .text.HAL_I2C_Mem_Write
                0x0800385c      0x160 build/stm32f1xx_hal_i2c.o
                0x0800385c                HAL_I2C_Mem_Write
 .text.HAL_I2C_Mem_Read
                0x080039bc      0x340 build/stm32f1xx_hal_i2c.o
                0x080039bc                HAL_I2C_Mem_Read
 .text.HAL_TIM_Base_MspInit
                0x08003cfc       0x26 build/tim.o
                0x08003cfc                HAL_TIM_Base_MspInit
 *fill*         0x08003d22        0x2 
 .text.HAL_TIM_MspPostInit
                0x08003d24       0x4c build/tim.o
                0x08003d24                HAL_TIM_MspPostInit
 .text.MX_TIM2_Init
                0x08003d70       0xac build/tim.o
                0x08003d70                MX_TIM2_Init
 .text.Reset_Handler
                0x08003e1c       0x48 build/startup_stm32f103xb.o
                0x08003e1c                Reset_Handler
 .text.Default_Handler
                0x08003e64        0x2 build/startup_stm32f103xb.o
                0x08003e64                RTC_Alarm_IRQHandler
                0x08003e64                EXTI2_IRQHandler
                0x08003e64                TIM1_CC_IRQHandler
                0x08003e64                PVD_IRQHandler
                0x08003e64                EXTI3_IRQHandler
                0x08003e64                EXTI0_IRQHandler
                0x08003e64                I2C2_EV_IRQHandler
                0x08003e64                ADC1_2_IRQHandler
                0x08003e64                SPI1_IRQHandler
                0x08003e64                TAMPER_IRQHandler
                0x08003e64                DMA1_Channel4_IRQHandler
                0x08003e64                USART3_IRQHandler
                0x08003e64                RTC_IRQHandler
                0x08003e64                DMA1_Channel7_IRQHandler
                0x08003e64                CAN1_RX1_IRQHandler
                0x08003e64                TIM4_IRQHandler
                0x08003e64                I2C1_EV_IRQHandler
                0x08003e64                DMA1_Channel6_IRQHandler
                0x08003e64                TIM3_IRQHandler
                0x08003e64                RCC_IRQHandler
                0x08003e64                TIM1_TRG_COM_IRQHandler
                0x08003e64                DMA1_Channel1_IRQHandler
                0x08003e64                Default_Handler
                0x08003e64                EXTI15_10_IRQHandler
                0x08003e64                EXTI9_5_IRQHandler
                0x08003e64                SPI2_IRQHandler
                0x08003e64                DMA1_Channel5_IRQHandler
                0x08003e64                EXTI4_IRQHandler
                0x08003e64                USB_LP_CAN1_RX0_IRQHandler
                0x08003e64                USB_HP_CAN1_TX_IRQHandler
                0x08003e64                DMA1_Channel3_IRQHandler
                0x08003e64                TIM1_UP_IRQHandler
                0x08003e64                WWDG_IRQHandler
                0x08003e64                TIM2_IRQHandler
                0x08003e64                TIM1_BRK_IRQHandler
                0x08003e64                EXTI1_IRQHandler
                0x08003e64                USART2_IRQHandler
                0x08003e64                I2C2_ER_IRQHandler
                0x08003e64                DMA1_Channel2_IRQHandler
                0x08003e64                CAN1_SCE_IRQHandler
                0x08003e64                FLASH_IRQHandler
                0x08003e64                USART1_IRQHandler
                0x08003e64                I2C1_ER_IRQHandler
                0x08003e64                USBWakeUp_IRQHandler
 .text.memset   0x08003e66       0x10 /usr/lib/gcc/arm-none-eabi/14.1.0/../../../../arm-none-eabi/lib/thumb/v7-m/nofp/libc_nano.a(libc_a-memset.o)
                0x08003e66                memset
 *fill*         0x08003e76        0x2 
 .text.__errno  0x08003e78        0xc /usr/lib/gcc/arm-none-eabi/14.1.0/../../../../arm-none-eabi/lib/thumb/v7-m/nofp/libc_nano.a(libc_a-errno.o)
                0x08003e78                __errno
 .text.__libc_init_array
                0x08003e84       0x48 /usr/lib/gcc/arm-none-eabi/14.1.0/../../../../arm-none-eabi/lib/thumb/v7-m/nofp/libc_nano.a(libc_a-init.o)
                0x08003e84                __libc_init_array
 .text.atan2    0x08003ecc        0x4 /usr/lib/gcc/arm-none-eabi/14.1.0/../../../../arm-none-eabi/lib/thumb/v7-m/nofp/libm.a(libm_a-w_atan2.o)
                0x08003ecc                atan2
 .text.sqrt     0x08003ed0       0x50 /usr/lib/gcc/arm-none-eabi/14.1.0/../../../../arm-none-eabi/lib/thumb/v7-m/nofp/libm.a(libm_a-w_sqrt.o)
                0x08003ed0                sqrt
 .text.atan     0x08003f20      0x330 /usr/lib/gcc/arm-none-eabi/14.1.0/../../../../arm-none-eabi/lib/thumb/v7-m/nofp/libm.a(libm_a-s_atan.o)
                0x08003f20                atan
 .text.fabs     0x08004250        0x8 /usr/lib/gcc/arm-none-eabi/14.1.0/../../../../arm-none-eabi/lib/thumb/v7-m/nofp/libm.a(libm_a-s_fabs.o)
                0x08004250                fabs
 .text.__ieee754_sqrt
                0x08004258      0x1dc /usr/lib/gcc/arm-none-eabi/14.1.0/../../../../arm-none-eabi/lib/thumb/v7-m/nofp/libm.a(libm_a-e_sqrt.o)
                0x08004258                __ieee754_sqrt
 *fill*         0x08004434        0x4 
 .text.__ieee754_atan2
                0x08004438      0x194 /usr/lib/gcc/arm-none-eabi/14.1.0/../../../../arm-none-eabi/lib/thumb/v7-m/nofp/libm.a(libm_a-e_atan2.o)
                0x08004438                __ieee754_atan2
 *(.glue_7)
 .glue_7        0x080045cc        0x0 linker stubs
 *(.glue_7t)
 .glue_7t       0x080045cc        0x0 linker stubs
 *(.eh_frame)
 .eh_frame      0x080045cc        0x0 /usr/lib/gcc/arm-none-eabi/14.1.0/thumb/v7-m/nofp/crtbegin.o
 *(.init)
 .init          0x080045cc        0x4 /usr/lib/gcc/arm-none-eabi/14.1.0/thumb/v7-m/nofp/crti.o
                0x080045cc                _init
 .init          0x080045d0        0x8 /usr/lib/gcc/arm-none-eabi/14.1.0/thumb/v7-m/nofp/crtn.o
 *(.fini)
 .fini          0x080045d8        0x4 /usr/lib/gcc/arm-none-eabi/14.1.0/thumb/v7-m/nofp/crti.o
                0x080045d8                _fini
 .fini          0x080045dc        0x8 /usr/lib/gcc/arm-none-eabi/14.1.0/thumb/v7-m/nofp/crtn.o
                0x080045e4                        . = ALIGN (0x4)
                0x080045e4                        _etext = .

.vfp11_veneer   0x080045e4        0x0
 .vfp11_veneer  0x080045e4        0x0 linker stubs

.v4_bx          0x080045e4        0x0
 .v4_bx         0x080045e4        0x0 linker stubs

.iplt           0x080045e4        0x0
 .iplt          0x080045e4        0x0 /usr/lib/gcc/arm-none-eabi/14.1.0/thumb/v7-m/nofp/crtbegin.o

.rodata         0x080045e8       0xb0
                0x080045e8                        . = ALIGN (0x4)
 *(.rodata)
 *(.rodata*)
 .rodata.aPredivFactorTable.0
                0x080045e8        0x2 build/stm32f1xx_hal_rcc.o
 *fill*         0x080045ea        0x2 
 .rodata.aPLLMULFactorTable.1
                0x080045ec       0x10 build/stm32f1xx_hal_rcc.o
 .rodata.APBPrescTable
                0x080045fc        0x8 build/system_stm32f1xx.o
                0x080045fc                APBPrescTable
 .rodata.AHBPrescTable
                0x08004604       0x10 build/system_stm32f1xx.o
                0x08004604                AHBPrescTable
 *fill*         0x08004614        0x4 
 .rodata.atanlo
                0x08004618       0x20 /usr/lib/gcc/arm-none-eabi/14.1.0/../../../../arm-none-eabi/lib/thumb/v7-m/nofp/libm.a(libm_a-s_atan.o)
 .rodata.atanhi
                0x08004638       0x20 /usr/lib/gcc/arm-none-eabi/14.1.0/../../../../arm-none-eabi/lib/thumb/v7-m/nofp/libm.a(libm_a-s_atan.o)
 .rodata.tiny   0x08004658        0x8 /usr/lib/gcc/arm-none-eabi/14.1.0/../../../../arm-none-eabi/lib/thumb/v7-m/nofp/libm.a(libm_a-e_sqrt.o)
 .rodata.one    0x08004660        0x8 /usr/lib/gcc/arm-none-eabi/14.1.0/../../../../arm-none-eabi/lib/thumb/v7-m/nofp/libm.a(libm_a-e_sqrt.o)
 .rodata.CSWTCH.9
                0x08004668       0x18 /usr/lib/gcc/arm-none-eabi/14.1.0/../../../../arm-none-eabi/lib/thumb/v7-m/nofp/libm.a(libm_a-e_atan2.o)
 .rodata.CSWTCH.8
                0x08004680       0x18 /usr/lib/gcc/arm-none-eabi/14.1.0/../../../../arm-none-eabi/lib/thumb/v7-m/nofp/libm.a(libm_a-e_atan2.o)
                0x08004698                        . = ALIGN (0x4)

.rel.dyn        0x08004698        0x0
 .rel.iplt      0x08004698        0x0 /usr/lib/gcc/arm-none-eabi/14.1.0/thumb/v7-m/nofp/crtbegin.o

.ARM.extab
 *(.ARM.extab* .gnu.linkonce.armextab.*)

.ARM            0x08004698        0x0
                0x08004698                        __exidx_start = .
 *(.ARM.exidx*)
                0x08004698                        __exidx_end = .

.preinit_array  0x08004698        0x0
                0x08004698                        PROVIDE (__preinit_array_start = .)
 *(.preinit_array*)
                0x08004698                        PROVIDE (__preinit_array_end = .)

.init_array     0x08004698        0x4
                0x08004698                        PROVIDE (__init_array_start = .)
 *(SORT_BY_NAME(.init_array.*))
 *(.init_array*)
 .init_array    0x08004698        0x4 /usr/lib/gcc/arm-none-eabi/14.1.0/thumb/v7-m/nofp/crtbegin.o
                0x0800469c                        PROVIDE (__init_array_end = .)

.fini_array     0x0800469c        0x4
                0x0800469c                        PROVIDE (__fini_array_start = .)
 *(SORT_BY_NAME(.fini_array.*))
 *(.fini_array*)
 .fini_array    0x0800469c        0x4 /usr/lib/gcc/arm-none-eabi/14.1.0/thumb/v7-m/nofp/crtbegin.o
                0x080046a0                        PROVIDE (__fini_array_end = .)
                0x080046a0                        _sidata = LOADADDR (.data)

.data           0x20000000       0xf0 load address 0x080046a0
                0x20000000                        . = ALIGN (0x4)
                0x20000000                        _sdata = .
 *(.data)
 *(.data*)
 .data.uwTickFreq
                0x20000000        0x1 build/stm32f1xx_hal.o
                0x20000000                uwTickFreq
 *fill*         0x20000001        0x3 
 .data.uwTickPrio
                0x20000004        0x4 build/stm32f1xx_hal.o
                0x20000004                uwTickPrio
 .data.SystemCoreClock
                0x20000008        0x4 build/system_stm32f1xx.o
                0x20000008                SystemCoreClock
 *fill*         0x2000000c        0x4 
 .data.KalmanY  0x20000010       0x48 build/mpu6050.o
                0x20000010                KalmanY
 .data.KalmanX  0x20000058       0x48 build/mpu6050.o
                0x20000058                KalmanX
 .data._impure_ptr
                0x200000a0        0x4 /usr/lib/gcc/arm-none-eabi/14.1.0/../../../../arm-none-eabi/lib/thumb/v7-m/nofp/libc_nano.a(libc_a-impure.o)
                0x200000a0                _impure_ptr
 .data._impure_data
                0x200000a4       0x4c /usr/lib/gcc/arm-none-eabi/14.1.0/../../../../arm-none-eabi/lib/thumb/v7-m/nofp/libc_nano.a(libc_a-impure.o)
                0x200000a4                _impure_data
                0x200000f0                        . = ALIGN (0x4)
                0x200000f0                        _edata = .

.igot.plt       0x200000f0        0x0 load address 0x08004790
 .igot.plt      0x200000f0        0x0 /usr/lib/gcc/arm-none-eabi/14.1.0/thumb/v7-m/nofp/crtbegin.o
                0x200000f0                        . = ALIGN (0x4)

.bss            0x200000f0      0x2f4 load address 0x08004790
                0x200000f0                        _sbss = .
                0x200000f0                        __bss_start__ = _sbss
 *(.bss)
 *(.bss*)
 .bss.completed.1
                0x200000f0        0x1 /usr/lib/gcc/arm-none-eabi/14.1.0/thumb/v7-m/nofp/crtbegin.o
 *fill*         0x200000f1        0x3 
 .bss.object.0  0x200000f4       0x18 /usr/lib/gcc/arm-none-eabi/14.1.0/thumb/v7-m/nofp/crtbegin.o
 *fill*         0x2000010c        0x4 
 .bss.MPU6050   0x20000110       0x58 build/main.o
                0x20000110                MPU6050
 .bss.uwTick    0x20000168        0x4 build/stm32f1xx_hal.o
                0x20000168                uwTick
 .bss.hi2c2     0x2000016c       0x54 build/i2c.o
                0x2000016c                hi2c2
 .bss.hi2c1     0x200001c0       0x54 build/i2c.o
                0x200001c0                hi2c1
 .bss.huart1    0x20000214       0x48 build/usart.o
                0x20000214                huart1
 .bss._ds1307_ui2c
                0x2000025c        0x4 build/ds1307_for_stm32_hal.o
                0x2000025c                _ds1307_ui2c
 .bss.timer     0x20000260        0x4 build/mpu6050.o
                0x20000260                timer
 .bss.htim2     0x20000264       0x48 build/tim.o
                0x20000264                htim2
 .bss.__sf      0x200002ac      0x138 /usr/lib/gcc/arm-none-eabi/14.1.0/../../../../arm-none-eabi/lib/thumb/v7-m/nofp/libc_nano.a(libc_a-findfp.o)
                0x200002ac                __sf
 *(COMMON)
                0x200003e4                        . = ALIGN (0x4)
                0x200003e4                        _ebss = .
                0x200003e4                        __bss_end__ = _ebss

._user_heap_stack
                0x200003e4      0x604 load address 0x08004790
                0x200003e8                        . = ALIGN (0x8)
 *fill*         0x200003e4        0x4 
                [!provide]                        PROVIDE (end = .)
                0x200003e8                        PROVIDE (_end = .)
                0x200005e8                        . = (. + _Min_Heap_Size)
 *fill*         0x200003e8      0x200 
                0x200009e8                        . = (. + _Min_Stack_Size)
 *fill*         0x200005e8      0x400 
                0x200009e8                        . = ALIGN (0x8)

/DISCARD/
 libc.a(*)
 libm.a(*)
 libgcc.a(*)

.ARM.attributes
                0x00000000       0x29
 *(.ARM.attributes)
 .ARM.attributes
                0x00000000       0x1d /usr/lib/gcc/arm-none-eabi/14.1.0/thumb/v7-m/nofp/crti.o
 .ARM.attributes
                0x0000001d       0x2d /usr/lib/gcc/arm-none-eabi/14.1.0/thumb/v7-m/nofp/crtbegin.o
 .ARM.attributes
                0x0000004a       0x2d build/main.o
 .ARM.attributes
                0x00000077       0x2d build/stm32f1xx_it.o
 .ARM.attributes
                0x000000a4       0x2d build/stm32f1xx_hal_msp.o
 .ARM.attributes
                0x000000d1       0x2d build/stm32f1xx_hal_tim.o
 .ARM.attributes
                0x000000fe       0x2d build/stm32f1xx_hal_tim_ex.o
 .ARM.attributes
                0x0000012b       0x2d build/stm32f1xx_hal_uart.o
 .ARM.attributes
                0x00000158       0x2d build/stm32f1xx_hal.o
 .ARM.attributes
                0x00000185       0x2d build/stm32f1xx_hal_rcc.o
 .ARM.attributes
                0x000001b2       0x2d build/stm32f1xx_hal_gpio.o
 .ARM.attributes
                0x000001df       0x2d build/stm32f1xx_hal_cortex.o
 .ARM.attributes
                0x0000020c       0x2d build/system_stm32f1xx.o
 .ARM.attributes
                0x00000239       0x2d build/gpio.o
 .ARM.attributes
                0x00000266       0x2d build/i2c.o
 .ARM.attributes
                0x00000293       0x2d build/usart.o
 .ARM.attributes
                0x000002c0       0x2d build/ds1307_for_stm32_hal.o
 .ARM.attributes
                0x000002ed       0x2d build/mpu6050.o
 .ARM.attributes
                0x0000031a       0x2d build/stm32f1xx_hal_i2c.o
 .ARM.attributes
                0x00000347       0x2d build/tim.o
 .ARM.attributes
                0x00000374       0x21 build/startup_stm32f103xb.o
 .ARM.attributes
                0x00000395       0x2d /usr/lib/gcc/arm-none-eabi/14.1.0/../../../../arm-none-eabi/lib/thumb/v7-m/nofp/libc_nano.a(libc_a-findfp.o)
 .ARM.attributes
                0x000003c2       0x2d /usr/lib/gcc/arm-none-eabi/14.1.0/../../../../arm-none-eabi/lib/thumb/v7-m/nofp/libc_nano.a(libc_a-memset.o)
 .ARM.attributes
                0x000003ef       0x2d /usr/lib/gcc/arm-none-eabi/14.1.0/../../../../arm-none-eabi/lib/thumb/v7-m/nofp/libc_nano.a(libc_a-impure.o)
 .ARM.attributes
                0x0000041c       0x2d /usr/lib/gcc/arm-none-eabi/14.1.0/../../../../arm-none-eabi/lib/thumb/v7-m/nofp/libc_nano.a(libc_a-errno.o)
 .ARM.attributes
                0x00000449       0x2d /usr/lib/gcc/arm-none-eabi/14.1.0/../../../../arm-none-eabi/lib/thumb/v7-m/nofp/libc_nano.a(libc_a-init.o)
 .ARM.attributes
                0x00000476       0x2d /usr/lib/gcc/arm-none-eabi/14.1.0/../../../../arm-none-eabi/lib/thumb/v7-m/nofp/libm.a(libm_a-w_atan2.o)
 .ARM.attributes
                0x000004a3       0x2d /usr/lib/gcc/arm-none-eabi/14.1.0/../../../../arm-none-eabi/lib/thumb/v7-m/nofp/libm.a(libm_a-w_sqrt.o)
 .ARM.attributes
                0x000004d0       0x2d /usr/lib/gcc/arm-none-eabi/14.1.0/../../../../arm-none-eabi/lib/thumb/v7-m/nofp/libm.a(libm_a-s_atan.o)
 .ARM.attributes
                0x000004fd       0x2d /usr/lib/gcc/arm-none-eabi/14.1.0/../../../../arm-none-eabi/lib/thumb/v7-m/nofp/libm.a(libm_a-s_fabs.o)
 .ARM.attributes
                0x0000052a       0x2d /usr/lib/gcc/arm-none-eabi/14.1.0/../../../../arm-none-eabi/lib/thumb/v7-m/nofp/libm.a(libm_a-e_sqrt.o)
 .ARM.attributes
                0x00000557       0x2d /usr/lib/gcc/arm-none-eabi/14.1.0/../../../../arm-none-eabi/lib/thumb/v7-m/nofp/libm.a(libm_a-e_atan2.o)
 .ARM.attributes
                0x00000584       0x1d /usr/lib/gcc/arm-none-eabi/14.1.0/thumb/v7-m/nofp/libgcc.a(_arm_addsubdf3.o)
 .ARM.attributes
                0x000005a1       0x1d /usr/lib/gcc/arm-none-eabi/14.1.0/thumb/v7-m/nofp/libgcc.a(_arm_muldivdf3.o)
 .ARM.attributes
                0x000005be       0x1d /usr/lib/gcc/arm-none-eabi/14.1.0/thumb/v7-m/nofp/libgcc.a(_arm_cmpdf2.o)
 .ARM.attributes
                0x000005db       0x1d /usr/lib/gcc/arm-none-eabi/14.1.0/thumb/v7-m/nofp/libgcc.a(_arm_unorddf2.o)
 .ARM.attributes
                0x000005f8       0x1d /usr/lib/gcc/arm-none-eabi/14.1.0/thumb/v7-m/nofp/libgcc.a(_arm_addsubsf3.o)
 .ARM.attributes
                0x00000615       0x1d /usr/lib/gcc/arm-none-eabi/14.1.0/thumb/v7-m/nofp/libgcc.a(_arm_muldivsf3.o)
 .ARM.attributes
                0x00000632       0x1d /usr/lib/gcc/arm-none-eabi/14.1.0/thumb/v7-m/nofp/crtn.o
OUTPUT(build/Board_C24_neovim.elf elf32-littlearm)
LOAD linker stubs
LOAD /usr/lib/gcc/arm-none-eabi/14.1.0/../../../../arm-none-eabi/lib/thumb/v7-m/nofp/libc.a
LOAD /usr/lib/gcc/arm-none-eabi/14.1.0/../../../../arm-none-eabi/lib/thumb/v7-m/nofp/libm.a
LOAD /usr/lib/gcc/arm-none-eabi/14.1.0/thumb/v7-m/nofp/libgcc.a

.debug_info     0x00000000    0x191cc
 .debug_info    0x00000000     0x1a48 build/main.o
 .debug_info    0x00001a48      0x158 build/stm32f1xx_it.o
 .debug_info    0x00001ba0      0x238 build/stm32f1xx_hal_msp.o
 .debug_info    0x00001dd8     0x411c build/stm32f1xx_hal_tim.o
 .debug_info    0x00005ef4     0x1d41 build/stm32f1xx_hal_tim_ex.o
 .debug_info    0x00007c35     0x440c build/stm32f1xx_hal_uart.o
 .debug_info    0x0000c041      0x880 build/stm32f1xx_hal.o
 .debug_info    0x0000c8c1      0xb10 build/stm32f1xx_hal_rcc.o
 .debug_info    0x0000d3d1      0x6d7 build/stm32f1xx_hal_gpio.o
 .debug_info    0x0000daa8      0xe3f build/stm32f1xx_hal_cortex.o
 .debug_info    0x0000e8e7      0x26e build/system_stm32f1xx.o
 .debug_info    0x0000eb55      0x409 build/gpio.o
 .debug_info    0x0000ef5e      0xa7b build/i2c.o
 .debug_info    0x0000f9d9      0x93f build/usart.o
 .debug_info    0x00010318      0xfdd build/ds1307_for_stm32_hal.o
 .debug_info    0x000112f5     0x120b build/mpu6050.o
 .debug_info    0x00012500     0x3d20 build/stm32f1xx_hal_i2c.o
 .debug_info    0x00016220      0xc66 build/tim.o
 .debug_info    0x00016e86       0x30 build/startup_stm32f103xb.o
 .debug_info    0x00016eb6      0xfb5 /usr/lib/gcc/arm-none-eabi/14.1.0/../../../../arm-none-eabi/lib/thumb/v7-m/nofp/libc_nano.a(libc_a-findfp.o)
 .debug_info    0x00017e6b       0xe0 /usr/lib/gcc/arm-none-eabi/14.1.0/../../../../arm-none-eabi/lib/thumb/v7-m/nofp/libc_nano.a(libc_a-memset.o)
 .debug_info    0x00017f4b      0x715 /usr/lib/gcc/arm-none-eabi/14.1.0/../../../../arm-none-eabi/lib/thumb/v7-m/nofp/libc_nano.a(libc_a-impure.o)
 .debug_info    0x00018660      0x6fb /usr/lib/gcc/arm-none-eabi/14.1.0/../../../../arm-none-eabi/lib/thumb/v7-m/nofp/libc_nano.a(libc_a-errno.o)
 .debug_info    0x00018d5b      0x10b /usr/lib/gcc/arm-none-eabi/14.1.0/../../../../arm-none-eabi/lib/thumb/v7-m/nofp/libc_nano.a(libc_a-init.o)
 .debug_info    0x00018e66       0xd3 /usr/lib/gcc/arm-none-eabi/14.1.0/thumb/v7-m/nofp/libgcc.a(_arm_addsubdf3.o)
 .debug_info    0x00018f39       0x57 /usr/lib/gcc/arm-none-eabi/14.1.0/thumb/v7-m/nofp/libgcc.a(_arm_muldivdf3.o)
 .debug_info    0x00018f90       0xdf /usr/lib/gcc/arm-none-eabi/14.1.0/thumb/v7-m/nofp/libgcc.a(_arm_cmpdf2.o)
 .debug_info    0x0001906f       0x3c /usr/lib/gcc/arm-none-eabi/14.1.0/thumb/v7-m/nofp/libgcc.a(_arm_unorddf2.o)
 .debug_info    0x000190ab       0xca /usr/lib/gcc/arm-none-eabi/14.1.0/thumb/v7-m/nofp/libgcc.a(_arm_addsubsf3.o)
 .debug_info    0x00019175       0x57 /usr/lib/gcc/arm-none-eabi/14.1.0/thumb/v7-m/nofp/libgcc.a(_arm_muldivsf3.o)

.debug_abbrev   0x00000000     0x325b
 .debug_abbrev  0x00000000      0x338 build/main.o
 .debug_abbrev  0x00000338       0x80 build/stm32f1xx_it.o
 .debug_abbrev  0x000003b8       0xe7 build/stm32f1xx_hal_msp.o
 .debug_abbrev  0x0000049f      0x2bd build/stm32f1xx_hal_tim.o
 .debug_abbrev  0x0000075c      0x2b7 build/stm32f1xx_hal_tim_ex.o
 .debug_abbrev  0x00000a13      0x35f build/stm32f1xx_hal_uart.o
 .debug_abbrev  0x00000d72      0x232 build/stm32f1xx_hal.o
 .debug_abbrev  0x00000fa4      0x2d6 build/stm32f1xx_hal_rcc.o
 .debug_abbrev  0x0000127a      0x222 build/stm32f1xx_hal_gpio.o
 .debug_abbrev  0x0000149c      0x3aa build/stm32f1xx_hal_cortex.o
 .debug_abbrev  0x00001846      0x140 build/system_stm32f1xx.o
 .debug_abbrev  0x00001986      0x14e build/gpio.o
 .debug_abbrev  0x00001ad4      0x1f6 build/i2c.o
 .debug_abbrev  0x00001cca      0x1fd build/usart.o
 .debug_abbrev  0x00001ec7      0x262 build/ds1307_for_stm32_hal.o
 .debug_abbrev  0x00002129      0x266 build/mpu6050.o
 .debug_abbrev  0x0000238f      0x31e build/stm32f1xx_hal_i2c.o
 .debug_abbrev  0x000026ad      0x26f build/tim.o
 .debug_abbrev  0x0000291c       0x1d build/startup_stm32f103xb.o
 .debug_abbrev  0x00002939      0x424 /usr/lib/gcc/arm-none-eabi/14.1.0/../../../../arm-none-eabi/lib/thumb/v7-m/nofp/libc_nano.a(libc_a-findfp.o)
 .debug_abbrev  0x00002d5d       0x9e /usr/lib/gcc/arm-none-eabi/14.1.0/../../../../arm-none-eabi/lib/thumb/v7-m/nofp/libc_nano.a(libc_a-memset.o)
 .debug_abbrev  0x00002dfb      0x149 /usr/lib/gcc/arm-none-eabi/14.1.0/../../../../arm-none-eabi/lib/thumb/v7-m/nofp/libc_nano.a(libc_a-impure.o)
 .debug_abbrev  0x00002f44      0x15e /usr/lib/gcc/arm-none-eabi/14.1.0/../../../../arm-none-eabi/lib/thumb/v7-m/nofp/libc_nano.a(libc_a-errno.o)
 .debug_abbrev  0x000030a2       0xc9 /usr/lib/gcc/arm-none-eabi/14.1.0/../../../../arm-none-eabi/lib/thumb/v7-m/nofp/libc_nano.a(libc_a-init.o)
 .debug_abbrev  0x0000316b       0x28 /usr/lib/gcc/arm-none-eabi/14.1.0/thumb/v7-m/nofp/libgcc.a(_arm_addsubdf3.o)
 .debug_abbrev  0x00003193       0x28 /usr/lib/gcc/arm-none-eabi/14.1.0/thumb/v7-m/nofp/libgcc.a(_arm_muldivdf3.o)
 .debug_abbrev  0x000031bb       0x28 /usr/lib/gcc/arm-none-eabi/14.1.0/thumb/v7-m/nofp/libgcc.a(_arm_cmpdf2.o)
 .debug_abbrev  0x000031e3       0x28 /usr/lib/gcc/arm-none-eabi/14.1.0/thumb/v7-m/nofp/libgcc.a(_arm_unorddf2.o)
 .debug_abbrev  0x0000320b       0x28 /usr/lib/gcc/arm-none-eabi/14.1.0/thumb/v7-m/nofp/libgcc.a(_arm_addsubsf3.o)
 .debug_abbrev  0x00003233       0x28 /usr/lib/gcc/arm-none-eabi/14.1.0/thumb/v7-m/nofp/libgcc.a(_arm_muldivsf3.o)

.debug_loc      0x00000000    0x155ea
 .debug_loc     0x00000000      0x295 build/main.o
 .debug_loc     0x00000295       0x20 build/stm32f1xx_it.o
 .debug_loc     0x000002b5       0x41 build/stm32f1xx_hal_msp.o
 .debug_loc     0x000002f6     0x614f build/stm32f1xx_hal_tim.o
 .debug_loc     0x00006445     0x22b2 build/stm32f1xx_hal_tim_ex.o
 .debug_loc     0x000086f7     0x520c build/stm32f1xx_hal_uart.o
 .debug_loc     0x0000d903      0x1f9 build/stm32f1xx_hal.o
 .debug_loc     0x0000dafc      0x7c6 build/stm32f1xx_hal_rcc.o
 .debug_loc     0x0000e2c2      0x55f build/stm32f1xx_hal_gpio.o
 .debug_loc     0x0000e821      0x8b4 build/stm32f1xx_hal_cortex.o
 .debug_loc     0x0000f0d5      0x11b build/system_stm32f1xx.o
 .debug_loc     0x0000f1f0       0x39 build/gpio.o
 .debug_loc     0x0000f229      0x186 build/i2c.o
 .debug_loc     0x0000f3af      0x120 build/usart.o
 .debug_loc     0x0000f4cf      0x702 build/ds1307_for_stm32_hal.o
 .debug_loc     0x0000fbd1      0x4b5 build/mpu6050.o
 .debug_loc     0x00010086     0x5460 build/stm32f1xx_hal_i2c.o
 .debug_loc     0x000154e6      0x104 build/tim.o

.debug_aranges  0x00000000     0x1130
 .debug_aranges
                0x00000000       0x50 build/main.o
 .debug_aranges
                0x00000050       0x60 build/stm32f1xx_it.o
 .debug_aranges
                0x000000b0       0x20 build/stm32f1xx_hal_msp.o
 .debug_aranges
                0x000000d0      0x3d0 build/stm32f1xx_hal_tim.o
 .debug_aranges
                0x000004a0      0x168 build/stm32f1xx_hal_tim_ex.o
 .debug_aranges
                0x00000608      0x208 build/stm32f1xx_hal_uart.o
 .debug_aranges
                0x00000810       0xe0 build/stm32f1xx_hal.o
 .debug_aranges
                0x000008f0       0x90 build/stm32f1xx_hal_rcc.o
 .debug_aranges
                0x00000980       0x58 build/stm32f1xx_hal_gpio.o
 .debug_aranges
                0x000009d8       0xc0 build/stm32f1xx_hal_cortex.o
 .debug_aranges
                0x00000a98       0x28 build/system_stm32f1xx.o
 .debug_aranges
                0x00000ac0       0x20 build/gpio.o
 .debug_aranges
                0x00000ae0       0x38 build/i2c.o
 .debug_aranges
                0x00000b18       0x30 build/usart.o
 .debug_aranges
                0x00000b48       0xe8 build/ds1307_for_stm32_hal.o
 .debug_aranges
                0x00000c30       0x48 build/mpu6050.o
 .debug_aranges
                0x00000c78      0x2a8 build/stm32f1xx_hal_i2c.o
 .debug_aranges
                0x00000f20       0x38 build/tim.o
 .debug_aranges
                0x00000f58       0x28 build/startup_stm32f103xb.o
 .debug_aranges
                0x00000f80       0x78 /usr/lib/gcc/arm-none-eabi/14.1.0/../../../../arm-none-eabi/lib/thumb/v7-m/nofp/libc_nano.a(libc_a-findfp.o)
 .debug_aranges
                0x00000ff8       0x20 /usr/lib/gcc/arm-none-eabi/14.1.0/../../../../arm-none-eabi/lib/thumb/v7-m/nofp/libc_nano.a(libc_a-memset.o)
 .debug_aranges
                0x00001018       0x18 /usr/lib/gcc/arm-none-eabi/14.1.0/../../../../arm-none-eabi/lib/thumb/v7-m/nofp/libc_nano.a(libc_a-impure.o)
 .debug_aranges
                0x00001030       0x20 /usr/lib/gcc/arm-none-eabi/14.1.0/../../../../arm-none-eabi/lib/thumb/v7-m/nofp/libc_nano.a(libc_a-errno.o)
 .debug_aranges
                0x00001050       0x20 /usr/lib/gcc/arm-none-eabi/14.1.0/../../../../arm-none-eabi/lib/thumb/v7-m/nofp/libc_nano.a(libc_a-init.o)
 .debug_aranges
                0x00001070       0x20 /usr/lib/gcc/arm-none-eabi/14.1.0/thumb/v7-m/nofp/libgcc.a(_arm_addsubdf3.o)
 .debug_aranges
                0x00001090       0x20 /usr/lib/gcc/arm-none-eabi/14.1.0/thumb/v7-m/nofp/libgcc.a(_arm_muldivdf3.o)
 .debug_aranges
                0x000010b0       0x20 /usr/lib/gcc/arm-none-eabi/14.1.0/thumb/v7-m/nofp/libgcc.a(_arm_cmpdf2.o)
 .debug_aranges
                0x000010d0       0x20 /usr/lib/gcc/arm-none-eabi/14.1.0/thumb/v7-m/nofp/libgcc.a(_arm_unorddf2.o)
 .debug_aranges
                0x000010f0       0x20 /usr/lib/gcc/arm-none-eabi/14.1.0/thumb/v7-m/nofp/libgcc.a(_arm_addsubsf3.o)
 .debug_aranges
                0x00001110       0x20 /usr/lib/gcc/arm-none-eabi/14.1.0/thumb/v7-m/nofp/libgcc.a(_arm_muldivsf3.o)

.debug_ranges   0x00000000      0xea8
 .debug_ranges  0x00000000       0x40 build/main.o
 .debug_ranges  0x00000040       0x50 build/stm32f1xx_it.o
 .debug_ranges  0x00000090       0x10 build/stm32f1xx_hal_msp.o
 .debug_ranges  0x000000a0      0x3c0 build/stm32f1xx_hal_tim.o
 .debug_ranges  0x00000460      0x158 build/stm32f1xx_hal_tim_ex.o
 .debug_ranges  0x000005b8      0x210 build/stm32f1xx_hal_uart.o
 .debug_ranges  0x000007c8       0xd0 build/stm32f1xx_hal.o
 .debug_ranges  0x00000898       0xa0 build/stm32f1xx_hal_rcc.o
 .debug_ranges  0x00000938       0x48 build/stm32f1xx_hal_gpio.o
 .debug_ranges  0x00000980       0xb0 build/stm32f1xx_hal_cortex.o
 .debug_ranges  0x00000a30       0x18 build/system_stm32f1xx.o
 .debug_ranges  0x00000a48       0x10 build/gpio.o
 .debug_ranges  0x00000a58       0x28 build/i2c.o
 .debug_ranges  0x00000a80       0x20 build/usart.o
 .debug_ranges  0x00000aa0       0xd8 build/ds1307_for_stm32_hal.o
 .debug_ranges  0x00000b78       0x38 build/mpu6050.o
 .debug_ranges  0x00000bb0      0x2b0 build/stm32f1xx_hal_i2c.o
 .debug_ranges  0x00000e60       0x28 build/tim.o
 .debug_ranges  0x00000e88       0x20 build/startup_stm32f103xb.o

.debug_line     0x00000000    0x1326c
 .debug_line    0x00000000      0x4b7 build/main.o
 .debug_line    0x000004b7      0x138 build/stm32f1xx_it.o
 .debug_line    0x000005ef      0x100 build/stm32f1xx_hal_msp.o
 .debug_line    0x000006ef     0x4545 build/stm32f1xx_hal_tim.o
 .debug_line    0x00004c34     0x192b build/stm32f1xx_hal_tim_ex.o
 .debug_line    0x0000655f     0x3490 build/stm32f1xx_hal_uart.o
 .debug_line    0x000099ef      0x4b6 build/stm32f1xx_hal.o
 .debug_line    0x00009ea5      0xc40 build/stm32f1xx_hal_rcc.o
 .debug_line    0x0000aae5      0x551 build/stm32f1xx_hal_gpio.o
 .debug_line    0x0000b036      0x62f build/stm32f1xx_hal_cortex.o
 .debug_line    0x0000b665      0x1c8 build/system_stm32f1xx.o
 .debug_line    0x0000b82d      0x1b8 build/gpio.o
 .debug_line    0x0000b9e5      0x323 build/i2c.o
 .debug_line    0x0000bd08      0x275 build/usart.o
 .debug_line    0x0000bf7d      0x4ff build/ds1307_for_stm32_hal.o
 .debug_line    0x0000c47c      0x597 build/mpu6050.o
 .debug_line    0x0000ca13     0x54d7 build/stm32f1xx_hal_i2c.o
 .debug_line    0x00011eea      0x312 build/tim.o
 .debug_line    0x000121fc       0x71 build/startup_stm32f103xb.o
 .debug_line    0x0001226d      0x582 /usr/lib/gcc/arm-none-eabi/14.1.0/../../../../arm-none-eabi/lib/thumb/v7-m/nofp/libc_nano.a(libc_a-findfp.o)
 .debug_line    0x000127ef      0x123 /usr/lib/gcc/arm-none-eabi/14.1.0/../../../../arm-none-eabi/lib/thumb/v7-m/nofp/libc_nano.a(libc_a-memset.o)
 .debug_line    0x00012912      0x108 /usr/lib/gcc/arm-none-eabi/14.1.0/../../../../arm-none-eabi/lib/thumb/v7-m/nofp/libc_nano.a(libc_a-impure.o)
 .debug_line    0x00012a1a      0x12a /usr/lib/gcc/arm-none-eabi/14.1.0/../../../../arm-none-eabi/lib/thumb/v7-m/nofp/libc_nano.a(libc_a-errno.o)
 .debug_line    0x00012b44      0x112 /usr/lib/gcc/arm-none-eabi/14.1.0/../../../../arm-none-eabi/lib/thumb/v7-m/nofp/libc_nano.a(libc_a-init.o)
 .debug_line    0x00012c56      0x16f /usr/lib/gcc/arm-none-eabi/14.1.0/thumb/v7-m/nofp/libgcc.a(_arm_addsubdf3.o)
 .debug_line    0x00012dc5      0x184 /usr/lib/gcc/arm-none-eabi/14.1.0/thumb/v7-m/nofp/libgcc.a(_arm_muldivdf3.o)
 .debug_line    0x00012f49       0xa6 /usr/lib/gcc/arm-none-eabi/14.1.0/thumb/v7-m/nofp/libgcc.a(_arm_cmpdf2.o)
 .debug_line    0x00012fef       0x57 /usr/lib/gcc/arm-none-eabi/14.1.0/thumb/v7-m/nofp/libgcc.a(_arm_unorddf2.o)
 .debug_line    0x00013046      0x103 /usr/lib/gcc/arm-none-eabi/14.1.0/thumb/v7-m/nofp/libgcc.a(_arm_addsubsf3.o)
 .debug_line    0x00013149      0x123 /usr/lib/gcc/arm-none-eabi/14.1.0/thumb/v7-m/nofp/libgcc.a(_arm_muldivsf3.o)

.debug_str      0x00000000     0x4f6b
 .debug_str     0x00000000     0x4f6b build/main.o
                               0x1009 (size before relaxing)
 .debug_str     0x00004f6b      0x1f6 build/stm32f1xx_it.o
 .debug_str     0x00004f6b      0x1f3 build/stm32f1xx_hal_msp.o
 .debug_str     0x00004f6b     0x164e build/stm32f1xx_hal_tim.o
 .debug_str     0x00004f6b      0xe6a build/stm32f1xx_hal_tim_ex.o
 .debug_str     0x00004f6b      0xccd build/stm32f1xx_hal_uart.o
 .debug_str     0x00004f6b      0x807 build/stm32f1xx_hal.o
 .debug_str     0x00004f6b      0x604 build/stm32f1xx_hal_rcc.o
 .debug_str     0x00004f6b      0x3d9 build/stm32f1xx_hal_gpio.o
 .debug_str     0x00004f6b      0x8ac build/stm32f1xx_hal_cortex.o
 .debug_str     0x00004f6b      0x228 build/system_stm32f1xx.o
 .debug_str     0x00004f6b      0x25f build/gpio.o
 .debug_str     0x00004f6b      0x72d build/i2c.o
 .debug_str     0x00004f6b      0x6a6 build/usart.o
 .debug_str     0x00004f6b      0x931 build/ds1307_for_stm32_hal.o
 .debug_str     0x00004f6b      0x8c8 build/mpu6050.o
 .debug_str     0x00004f6b      0xf9e build/stm32f1xx_hal_i2c.o
 .debug_str     0x00004f6b      0x901 build/tim.o
 .debug_str     0x00004f6b       0x6b build/startup_stm32f103xb.o
 .debug_str     0x00004f6b      0x75a /usr/lib/gcc/arm-none-eabi/14.1.0/../../../../arm-none-eabi/lib/thumb/v7-m/nofp/libc_nano.a(libc_a-findfp.o)
 .debug_str     0x00004f6b      0x1b7 /usr/lib/gcc/arm-none-eabi/14.1.0/../../../../arm-none-eabi/lib/thumb/v7-m/nofp/libc_nano.a(libc_a-memset.o)
 .debug_str     0x00004f6b      0x4d7 /usr/lib/gcc/arm-none-eabi/14.1.0/../../../../arm-none-eabi/lib/thumb/v7-m/nofp/libc_nano.a(libc_a-impure.o)
 .debug_str     0x00004f6b      0x4d1 /usr/lib/gcc/arm-none-eabi/14.1.0/../../../../arm-none-eabi/lib/thumb/v7-m/nofp/libc_nano.a(libc_a-errno.o)
 .debug_str     0x00004f6b      0x218 /usr/lib/gcc/arm-none-eabi/14.1.0/../../../../arm-none-eabi/lib/thumb/v7-m/nofp/libc_nano.a(libc_a-init.o)
 .debug_str     0x00004f6b      0x14b /usr/lib/gcc/arm-none-eabi/14.1.0/thumb/v7-m/nofp/libgcc.a(_arm_addsubdf3.o)
 .debug_str     0x00004f6b       0xcb /usr/lib/gcc/arm-none-eabi/14.1.0/thumb/v7-m/nofp/libgcc.a(_arm_muldivdf3.o)
 .debug_str     0x00004f6b      0x154 /usr/lib/gcc/arm-none-eabi/14.1.0/thumb/v7-m/nofp/libgcc.a(_arm_cmpdf2.o)
 .debug_str     0x00004f6b       0xb9 /usr/lib/gcc/arm-none-eabi/14.1.0/thumb/v7-m/nofp/libgcc.a(_arm_unorddf2.o)
 .debug_str     0x00004f6b      0x13f /usr/lib/gcc/arm-none-eabi/14.1.0/thumb/v7-m/nofp/libgcc.a(_arm_addsubsf3.o)
 .debug_str     0x00004f6b       0xcb /usr/lib/gcc/arm-none-eabi/14.1.0/thumb/v7-m/nofp/libgcc.a(_arm_muldivsf3.o)

.comment        0x00000000       0x3c
 .comment       0x00000000       0x3c build/main.o
                                 0x1f (size before relaxing)
 .comment       0x0000003c       0x1f build/stm32f1xx_it.o
 .comment       0x0000003c       0x1f build/stm32f1xx_hal_msp.o
 .comment       0x0000003c       0x1f build/stm32f1xx_hal_tim.o
 .comment       0x0000003c       0x1f build/stm32f1xx_hal_tim_ex.o
 .comment       0x0000003c       0x1f build/stm32f1xx_hal_uart.o
 .comment       0x0000003c       0x1f build/stm32f1xx_hal.o
 .comment       0x0000003c       0x1f build/stm32f1xx_hal_rcc.o
 .comment       0x0000003c       0x1f build/stm32f1xx_hal_gpio.o
 .comment       0x0000003c       0x1f build/stm32f1xx_hal_cortex.o
 .comment       0x0000003c       0x1f build/system_stm32f1xx.o
 .comment       0x0000003c       0x1f build/gpio.o
 .comment       0x0000003c       0x1f build/i2c.o
 .comment       0x0000003c       0x1f build/usart.o
 .comment       0x0000003c       0x1f build/ds1307_for_stm32_hal.o
 .comment       0x0000003c       0x1f build/mpu6050.o
 .comment       0x0000003c       0x1f build/stm32f1xx_hal_i2c.o
 .comment       0x0000003c       0x1f build/tim.o
 .comment       0x0000003c       0x1f /usr/lib/gcc/arm-none-eabi/14.1.0/../../../../arm-none-eabi/lib/thumb/v7-m/nofp/libc_nano.a(libc_a-findfp.o)
 .comment       0x0000003c       0x1f /usr/lib/gcc/arm-none-eabi/14.1.0/../../../../arm-none-eabi/lib/thumb/v7-m/nofp/libc_nano.a(libc_a-memset.o)
 .comment       0x0000003c       0x1f /usr/lib/gcc/arm-none-eabi/14.1.0/../../../../arm-none-eabi/lib/thumb/v7-m/nofp/libc_nano.a(libc_a-impure.o)
 .comment       0x0000003c       0x1f /usr/lib/gcc/arm-none-eabi/14.1.0/../../../../arm-none-eabi/lib/thumb/v7-m/nofp/libc_nano.a(libc_a-errno.o)
 .comment       0x0000003c       0x1f /usr/lib/gcc/arm-none-eabi/14.1.0/../../../../arm-none-eabi/lib/thumb/v7-m/nofp/libc_nano.a(libc_a-init.o)

.debug_frame    0x00000000     0x306c
 .debug_frame   0x00000000       0xd0 build/main.o
 .debug_frame   0x000000d0       0xa8 build/stm32f1xx_it.o
 .debug_frame   0x00000178       0x28 build/stm32f1xx_hal_msp.o
 .debug_frame   0x000001a0      0xb14 build/stm32f1xx_hal_tim.o
 .debug_frame   0x00000cb4      0x418 build/stm32f1xx_hal_tim_ex.o
 .debug_frame   0x000010cc      0x5d4 build/stm32f1xx_hal_uart.o
 .debug_frame   0x000016a0      0x1cc build/stm32f1xx_hal.o
 .debug_frame   0x0000186c      0x184 build/stm32f1xx_hal_rcc.o
 .debug_frame   0x000019f0       0xe4 build/stm32f1xx_hal_gpio.o
 .debug_frame   0x00001ad4      0x19c build/stm32f1xx_hal_cortex.o
 .debug_frame   0x00001c70       0x30 build/system_stm32f1xx.o
 .debug_frame   0x00001ca0       0x3c build/gpio.o
 .debug_frame   0x00001cdc       0x78 build/i2c.o
 .debug_frame   0x00001d54       0x64 build/usart.o
 .debug_frame   0x00001db8      0x280 build/ds1307_for_stm32_hal.o
 .debug_frame   0x00002038       0xfc build/mpu6050.o
 .debug_frame   0x00002134      0x984 build/stm32f1xx_hal_i2c.o
 .debug_frame   0x00002ab8       0x78 build/tim.o
 .debug_frame   0x00002b30      0x144 /usr/lib/gcc/arm-none-eabi/14.1.0/../../../../arm-none-eabi/lib/thumb/v7-m/nofp/libc_nano.a(libc_a-findfp.o)
 .debug_frame   0x00002c74       0x20 /usr/lib/gcc/arm-none-eabi/14.1.0/../../../../arm-none-eabi/lib/thumb/v7-m/nofp/libc_nano.a(libc_a-memset.o)
 .debug_frame   0x00002c94       0x20 /usr/lib/gcc/arm-none-eabi/14.1.0/../../../../arm-none-eabi/lib/thumb/v7-m/nofp/libc_nano.a(libc_a-errno.o)
 .debug_frame   0x00002cb4       0x2c /usr/lib/gcc/arm-none-eabi/14.1.0/../../../../arm-none-eabi/lib/thumb/v7-m/nofp/libc_nano.a(libc_a-init.o)
 .debug_frame   0x00002ce0       0x20 /usr/lib/gcc/arm-none-eabi/14.1.0/../../../../arm-none-eabi/lib/thumb/v7-m/nofp/libm.a(libm_a-w_atan2.o)
 .debug_frame   0x00002d00       0x30 /usr/lib/gcc/arm-none-eabi/14.1.0/../../../../arm-none-eabi/lib/thumb/v7-m/nofp/libm.a(libm_a-w_sqrt.o)
 .debug_frame   0x00002d30       0x38 /usr/lib/gcc/arm-none-eabi/14.1.0/../../../../arm-none-eabi/lib/thumb/v7-m/nofp/libm.a(libm_a-s_atan.o)
 .debug_frame   0x00002d68       0x20 /usr/lib/gcc/arm-none-eabi/14.1.0/../../../../arm-none-eabi/lib/thumb/v7-m/nofp/libm.a(libm_a-s_fabs.o)
 .debug_frame   0x00002d88       0x38 /usr/lib/gcc/arm-none-eabi/14.1.0/../../../../arm-none-eabi/lib/thumb/v7-m/nofp/libm.a(libm_a-e_sqrt.o)
 .debug_frame   0x00002dc0       0x48 /usr/lib/gcc/arm-none-eabi/14.1.0/../../../../arm-none-eabi/lib/thumb/v7-m/nofp/libm.a(libm_a-e_atan2.o)
 .debug_frame   0x00002e08       0xac /usr/lib/gcc/arm-none-eabi/14.1.0/thumb/v7-m/nofp/libgcc.a(_arm_addsubdf3.o)
 .debug_frame   0x00002eb4       0x50 /usr/lib/gcc/arm-none-eabi/14.1.0/thumb/v7-m/nofp/libgcc.a(_arm_muldivdf3.o)
 .debug_frame   0x00002f04       0xc4 /usr/lib/gcc/arm-none-eabi/14.1.0/thumb/v7-m/nofp/libgcc.a(_arm_cmpdf2.o)
 .debug_frame   0x00002fc8       0x20 /usr/lib/gcc/arm-none-eabi/14.1.0/thumb/v7-m/nofp/libgcc.a(_arm_unorddf2.o)
 .debug_frame   0x00002fe8       0x4c /usr/lib/gcc/arm-none-eabi/14.1.0/thumb/v7-m/nofp/libgcc.a(_arm_addsubsf3.o)
 .debug_frame   0x00003034       0x38 /usr/lib/gcc/arm-none-eabi/14.1.0/thumb/v7-m/nofp/libgcc.a(_arm_muldivsf3.o)

.debug_loclists
                0x00000000      0xebb
 .debug_loclists
                0x00000000      0x2ac /usr/lib/gcc/arm-none-eabi/14.1.0/../../../../arm-none-eabi/lib/thumb/v7-m/nofp/libc_nano.a(libc_a-findfp.o)
 .debug_loclists
                0x000002ac       0x3b /usr/lib/gcc/arm-none-eabi/14.1.0/../../../../arm-none-eabi/lib/thumb/v7-m/nofp/libc_nano.a(libc_a-memset.o)
 .debug_loclists
                0x000002e7       0x34 /usr/lib/gcc/arm-none-eabi/14.1.0/../../../../arm-none-eabi/lib/thumb/v7-m/nofp/libc_nano.a(libc_a-init.o)
 .debug_loclists
                0x0000031b       0x48 /usr/lib/gcc/arm-none-eabi/14.1.0/../../../../arm-none-eabi/lib/thumb/v7-m/nofp/libm.a(libm_a-w_atan2.o)
 .debug_loclists
                0x00000363       0x3a /usr/lib/gcc/arm-none-eabi/14.1.0/../../../../arm-none-eabi/lib/thumb/v7-m/nofp/libm.a(libm_a-w_sqrt.o)
 .debug_loclists
                0x0000039d      0x354 /usr/lib/gcc/arm-none-eabi/14.1.0/../../../../arm-none-eabi/lib/thumb/v7-m/nofp/libm.a(libm_a-s_atan.o)
 .debug_loclists
                0x000006f1       0x1c /usr/lib/gcc/arm-none-eabi/14.1.0/../../../../arm-none-eabi/lib/thumb/v7-m/nofp/libm.a(libm_a-s_fabs.o)
 .debug_loclists
                0x0000070d      0x456 /usr/lib/gcc/arm-none-eabi/14.1.0/../../../../arm-none-eabi/lib/thumb/v7-m/nofp/libm.a(libm_a-e_sqrt.o)
 .debug_loclists
                0x00000b63      0x358 /usr/lib/gcc/arm-none-eabi/14.1.0/../../../../arm-none-eabi/lib/thumb/v7-m/nofp/libm.a(libm_a-e_atan2.o)

.debug_rnglists
                0x00000000      0x16f
 .debug_rnglists
                0x00000000       0x7d /usr/lib/gcc/arm-none-eabi/14.1.0/../../../../arm-none-eabi/lib/thumb/v7-m/nofp/libc_nano.a(libc_a-findfp.o)
 .debug_rnglists
                0x0000007d       0x13 /usr/lib/gcc/arm-none-eabi/14.1.0/../../../../arm-none-eabi/lib/thumb/v7-m/nofp/libc_nano.a(libc_a-memset.o)
 .debug_rnglists
                0x00000090       0x13 /usr/lib/gcc/arm-none-eabi/14.1.0/../../../../arm-none-eabi/lib/thumb/v7-m/nofp/libc_nano.a(libc_a-errno.o)
 .debug_rnglists
                0x000000a3       0x13 /usr/lib/gcc/arm-none-eabi/14.1.0/../../../../arm-none-eabi/lib/thumb/v7-m/nofp/libc_nano.a(libc_a-init.o)
 .debug_rnglists
                0x000000b6       0x13 /usr/lib/gcc/arm-none-eabi/14.1.0/../../../../arm-none-eabi/lib/thumb/v7-m/nofp/libm.a(libm_a-w_atan2.o)
 .debug_rnglists
                0x000000c9       0x13 /usr/lib/gcc/arm-none-eabi/14.1.0/../../../../arm-none-eabi/lib/thumb/v7-m/nofp/libm.a(libm_a-w_sqrt.o)
 .debug_rnglists
                0x000000dc       0x28 /usr/lib/gcc/arm-none-eabi/14.1.0/../../../../arm-none-eabi/lib/thumb/v7-m/nofp/libm.a(libm_a-s_atan.o)
 .debug_rnglists
                0x00000104       0x13 /usr/lib/gcc/arm-none-eabi/14.1.0/../../../../arm-none-eabi/lib/thumb/v7-m/nofp/libm.a(libm_a-s_fabs.o)
 .debug_rnglists
                0x00000117       0x20 /usr/lib/gcc/arm-none-eabi/14.1.0/../../../../arm-none-eabi/lib/thumb/v7-m/nofp/libm.a(libm_a-e_sqrt.o)
 .debug_rnglists
                0x00000137       0x38 /usr/lib/gcc/arm-none-eabi/14.1.0/../../../../arm-none-eabi/lib/thumb/v7-m/nofp/libm.a(libm_a-e_atan2.o)

.debug_line_str
                0x00000000       0xa0
 .debug_line_str
                0x00000000       0xa0 /usr/lib/gcc/arm-none-eabi/14.1.0/thumb/v7-m/nofp/libgcc.a(_arm_addsubdf3.o)
                                 0x93 (size before relaxing)
 .debug_line_str
                0x000000a0       0x93 /usr/lib/gcc/arm-none-eabi/14.1.0/thumb/v7-m/nofp/libgcc.a(_arm_muldivdf3.o)
 .debug_line_str
                0x000000a0       0x93 /usr/lib/gcc/arm-none-eabi/14.1.0/thumb/v7-m/nofp/libgcc.a(_arm_cmpdf2.o)
 .debug_line_str
                0x000000a0       0x93 /usr/lib/gcc/arm-none-eabi/14.1.0/thumb/v7-m/nofp/libgcc.a(_arm_unorddf2.o)
 .debug_line_str
                0x000000a0       0x93 /usr/lib/gcc/arm-none-eabi/14.1.0/thumb/v7-m/nofp/libgcc.a(_arm_addsubsf3.o)
 .debug_line_str
                0x000000a0       0x93 /usr/lib/gcc/arm-none-eabi/14.1.0/thumb/v7-m/nofp/libgcc.a(_arm_muldivsf3.o)

Cross Reference Table

Symbol                                            File
ADC1_2_IRQHandler                                 build/startup_stm32f103xb.o
AHBPrescTable                                     build/system_stm32f1xx.o
                                                  build/stm32f1xx_hal_rcc.o
APBPrescTable                                     build/system_stm32f1xx.o
                                                  build/stm32f1xx_hal_rcc.o
Accel_Z_corrector                                 build/mpu6050.o
BusFault_Handler                                  build/stm32f1xx_it.o
CAN1_RX1_IRQHandler                               build/startup_stm32f103xb.o
CAN1_SCE_IRQHandler                               build/startup_stm32f103xb.o
DAYS_OF_WEEK                                      build/main.o
DMA1_Channel1_IRQHandler                          build/startup_stm32f103xb.o
DMA1_Channel2_IRQHandler                          build/startup_stm32f103xb.o
DMA1_Channel3_IRQHandler                          build/startup_stm32f103xb.o
DMA1_Channel4_IRQHandler                          build/startup_stm32f103xb.o
DMA1_Channel5_IRQHandler                          build/startup_stm32f103xb.o
DMA1_Channel6_IRQHandler                          build/startup_stm32f103xb.o
DMA1_Channel7_IRQHandler                          build/startup_stm32f103xb.o
DS1307_DecodeBCD                                  build/ds1307_for_stm32_hal.o
DS1307_EncodeBCD                                  build/ds1307_for_stm32_hal.o
DS1307_GetClockHalt                               build/ds1307_for_stm32_hal.o
DS1307_GetDate                                    build/ds1307_for_stm32_hal.o
                                                  build/main.o
DS1307_GetDayOfWeek                               build/ds1307_for_stm32_hal.o
                                                  build/main.o
DS1307_GetHour                                    build/ds1307_for_stm32_hal.o
                                                  build/main.o
DS1307_GetMinute                                  build/ds1307_for_stm32_hal.o
                                                  build/main.o
DS1307_GetMonth                                   build/ds1307_for_stm32_hal.o
                                                  build/main.o
DS1307_GetRegByte                                 build/ds1307_for_stm32_hal.o
DS1307_GetSecond                                  build/ds1307_for_stm32_hal.o
                                                  build/main.o
DS1307_GetTimeZoneHour                            build/ds1307_for_stm32_hal.o
                                                  build/main.o
DS1307_GetTimeZoneMin                             build/ds1307_for_stm32_hal.o
                                                  build/main.o
DS1307_GetYear                                    build/ds1307_for_stm32_hal.o
                                                  build/main.o
DS1307_Init                                       build/ds1307_for_stm32_hal.o
                                                  build/main.o
DS1307_SetClockHalt                               build/ds1307_for_stm32_hal.o
DS1307_SetDate                                    build/ds1307_for_stm32_hal.o
                                                  build/main.o
DS1307_SetDayOfWeek                               build/ds1307_for_stm32_hal.o
                                                  build/main.o
DS1307_SetEnableSquareWave                        build/ds1307_for_stm32_hal.o
DS1307_SetHour                                    build/ds1307_for_stm32_hal.o
                                                  build/main.o
DS1307_SetInterruptRate                           build/ds1307_for_stm32_hal.o
DS1307_SetMinute                                  build/ds1307_for_stm32_hal.o
                                                  build/main.o
DS1307_SetMonth                                   build/ds1307_for_stm32_hal.o
                                                  build/main.o
DS1307_SetRegByte                                 build/ds1307_for_stm32_hal.o
DS1307_SetSecond                                  build/ds1307_for_stm32_hal.o
                                                  build/main.o
DS1307_SetTimeZone                                build/ds1307_for_stm32_hal.o
                                                  build/main.o
DS1307_SetYear                                    build/ds1307_for_stm32_hal.o
                                                  build/main.o
DebugMon_Handler                                  build/stm32f1xx_it.o
Default_Handler                                   build/startup_stm32f103xb.o
EXTI0_IRQHandler                                  build/startup_stm32f103xb.o
EXTI15_10_IRQHandler                              build/startup_stm32f103xb.o
EXTI1_IRQHandler                                  build/startup_stm32f103xb.o
EXTI2_IRQHandler                                  build/startup_stm32f103xb.o
EXTI3_IRQHandler                                  build/startup_stm32f103xb.o
EXTI4_IRQHandler                                  build/startup_stm32f103xb.o
EXTI9_5_IRQHandler                                build/startup_stm32f103xb.o
Error_Handler                                     build/main.o
                                                  build/tim.o
                                                  build/usart.o
                                                  build/i2c.o
FLASH_IRQHandler                                  build/startup_stm32f103xb.o
FLASH_PageErase                                   build/stm32f1xx_hal_flash_ex.o
                                                  build/stm32f1xx_hal_flash.o
FLASH_WaitForLastOperation                        build/stm32f1xx_hal_flash.o
                                                  build/stm32f1xx_hal_flash_ex.o
HAL_DBGMCU_DisableDBGSleepMode                    build/stm32f1xx_hal.o
HAL_DBGMCU_DisableDBGStandbyMode                  build/stm32f1xx_hal.o
HAL_DBGMCU_DisableDBGStopMode                     build/stm32f1xx_hal.o
HAL_DBGMCU_EnableDBGSleepMode                     build/stm32f1xx_hal.o
HAL_DBGMCU_EnableDBGStandbyMode                   build/stm32f1xx_hal.o
HAL_DBGMCU_EnableDBGStopMode                      build/stm32f1xx_hal.o
HAL_DMA_Abort                                     build/stm32f1xx_hal_dma.o
                                                  build/stm32f1xx_hal_uart.o
HAL_DMA_Abort_IT                                  build/stm32f1xx_hal_dma.o
                                                  build/stm32f1xx_hal_i2c.o
                                                  build/stm32f1xx_hal_uart.o
                                                  build/stm32f1xx_hal_tim_ex.o
                                                  build/stm32f1xx_hal_tim.o
HAL_DMA_DeInit                                    build/stm32f1xx_hal_dma.o
HAL_DMA_GetError                                  build/stm32f1xx_hal_dma.o
                                                  build/stm32f1xx_hal_uart.o
HAL_DMA_GetState                                  build/stm32f1xx_hal_dma.o
                                                  build/stm32f1xx_hal_i2c.o
HAL_DMA_IRQHandler                                build/stm32f1xx_hal_dma.o
HAL_DMA_Init                                      build/stm32f1xx_hal_dma.o
HAL_DMA_PollForTransfer                           build/stm32f1xx_hal_dma.o
HAL_DMA_RegisterCallback                          build/stm32f1xx_hal_dma.o
HAL_DMA_Start                                     build/stm32f1xx_hal_dma.o
HAL_DMA_Start_IT                                  build/stm32f1xx_hal_dma.o
                                                  build/stm32f1xx_hal_i2c.o
                                                  build/stm32f1xx_hal_uart.o
                                                  build/stm32f1xx_hal_tim_ex.o
                                                  build/stm32f1xx_hal_tim.o
HAL_DMA_UnRegisterCallback                        build/stm32f1xx_hal_dma.o
HAL_DeInit                                        build/stm32f1xx_hal.o
HAL_Delay                                         build/stm32f1xx_hal.o
                                                  build/main.o
HAL_EXTI_ClearConfigLine                          build/stm32f1xx_hal_exti.o
HAL_EXTI_ClearPending                             build/stm32f1xx_hal_exti.o
HAL_EXTI_GenerateSWI                              build/stm32f1xx_hal_exti.o
HAL_EXTI_GetConfigLine                            build/stm32f1xx_hal_exti.o
HAL_EXTI_GetHandle                                build/stm32f1xx_hal_exti.o
HAL_EXTI_GetPending                               build/stm32f1xx_hal_exti.o
HAL_EXTI_IRQHandler                               build/stm32f1xx_hal_exti.o
HAL_EXTI_RegisterCallback                         build/stm32f1xx_hal_exti.o
HAL_EXTI_SetConfigLine                            build/stm32f1xx_hal_exti.o
HAL_FLASHEx_Erase                                 build/stm32f1xx_hal_flash_ex.o
HAL_FLASHEx_Erase_IT                              build/stm32f1xx_hal_flash_ex.o
HAL_FLASHEx_OBErase                               build/stm32f1xx_hal_flash_ex.o
HAL_FLASHEx_OBGetConfig                           build/stm32f1xx_hal_flash_ex.o
HAL_FLASHEx_OBGetUserData                         build/stm32f1xx_hal_flash_ex.o
HAL_FLASHEx_OBProgram                             build/stm32f1xx_hal_flash_ex.o
HAL_FLASH_EndOfOperationCallback                  build/stm32f1xx_hal_flash.o
HAL_FLASH_GetError                                build/stm32f1xx_hal_flash.o
HAL_FLASH_IRQHandler                              build/stm32f1xx_hal_flash.o
HAL_FLASH_Lock                                    build/stm32f1xx_hal_flash.o
HAL_FLASH_OB_Launch                               build/stm32f1xx_hal_flash.o
HAL_FLASH_OB_Lock                                 build/stm32f1xx_hal_flash.o
HAL_FLASH_OB_Unlock                               build/stm32f1xx_hal_flash.o
HAL_FLASH_OperationErrorCallback                  build/stm32f1xx_hal_flash.o
HAL_FLASH_Program                                 build/stm32f1xx_hal_flash.o
HAL_FLASH_Program_IT                              build/stm32f1xx_hal_flash.o
HAL_FLASH_Unlock                                  build/stm32f1xx_hal_flash.o
HAL_GPIOEx_ConfigEventout                         build/stm32f1xx_hal_gpio_ex.o
HAL_GPIOEx_DisableEventout                        build/stm32f1xx_hal_gpio_ex.o
HAL_GPIOEx_EnableEventout                         build/stm32f1xx_hal_gpio_ex.o
HAL_GPIO_DeInit                                   build/stm32f1xx_hal_gpio.o
                                                  build/usart.o
                                                  build/i2c.o
HAL_GPIO_EXTI_Callback                            build/stm32f1xx_hal_gpio.o
HAL_GPIO_EXTI_IRQHandler                          build/stm32f1xx_hal_gpio.o
HAL_GPIO_Init                                     build/stm32f1xx_hal_gpio.o
                                                  build/tim.o
                                                  build/usart.o
                                                  build/i2c.o
                                                  build/gpio.o
                                                  build/stm32f1xx_hal_rcc.o
HAL_GPIO_LockPin                                  build/stm32f1xx_hal_gpio.o
HAL_GPIO_ReadPin                                  build/stm32f1xx_hal_gpio.o
                                                  build/main.o
HAL_GPIO_TogglePin                                build/stm32f1xx_hal_gpio.o
                                                  build/main.o
HAL_GPIO_WritePin                                 build/stm32f1xx_hal_gpio.o
                                                  build/gpio.o
                                                  build/main.o
HAL_GetDEVID                                      build/stm32f1xx_hal.o
HAL_GetHalVersion                                 build/stm32f1xx_hal.o
HAL_GetREVID                                      build/stm32f1xx_hal.o
HAL_GetTick                                       build/stm32f1xx_hal.o
                                                  build/stm32f1xx_hal_i2c.o
                                                  build/mpu6050.o
                                                  build/stm32f1xx_hal_flash.o
                                                  build/stm32f1xx_hal_dma.o
                                                  build/stm32f1xx_hal_rcc_ex.o
                                                  build/stm32f1xx_hal_rcc.o
                                                  build/stm32f1xx_hal_uart.o
HAL_GetTickFreq                                   build/stm32f1xx_hal.o
HAL_GetTickPrio                                   build/stm32f1xx_hal.o
HAL_GetUIDw0                                      build/stm32f1xx_hal.o
HAL_GetUIDw1                                      build/stm32f1xx_hal.o
HAL_GetUIDw2                                      build/stm32f1xx_hal.o
HAL_HalfDuplex_EnableReceiver                     build/stm32f1xx_hal_uart.o
HAL_HalfDuplex_EnableTransmitter                  build/stm32f1xx_hal_uart.o
HAL_HalfDuplex_Init                               build/stm32f1xx_hal_uart.o
HAL_I2C_AbortCpltCallback                         build/stm32f1xx_hal_i2c.o
HAL_I2C_AddrCallback                              build/stm32f1xx_hal_i2c.o
HAL_I2C_DeInit                                    build/stm32f1xx_hal_i2c.o
HAL_I2C_DisableListen_IT                          build/stm32f1xx_hal_i2c.o
HAL_I2C_ER_IRQHandler                             build/stm32f1xx_hal_i2c.o
HAL_I2C_EV_IRQHandler                             build/stm32f1xx_hal_i2c.o
HAL_I2C_EnableListen_IT                           build/stm32f1xx_hal_i2c.o
HAL_I2C_ErrorCallback                             build/stm32f1xx_hal_i2c.o
HAL_I2C_GetError                                  build/stm32f1xx_hal_i2c.o
HAL_I2C_GetMode                                   build/stm32f1xx_hal_i2c.o
HAL_I2C_GetState                                  build/stm32f1xx_hal_i2c.o
HAL_I2C_Init                                      build/stm32f1xx_hal_i2c.o
                                                  build/i2c.o
HAL_I2C_IsDeviceReady                             build/stm32f1xx_hal_i2c.o
HAL_I2C_ListenCpltCallback                        build/stm32f1xx_hal_i2c.o
HAL_I2C_MasterRxCpltCallback                      build/stm32f1xx_hal_i2c.o
HAL_I2C_MasterTxCpltCallback                      build/stm32f1xx_hal_i2c.o
HAL_I2C_Master_Abort_IT                           build/stm32f1xx_hal_i2c.o
HAL_I2C_Master_Receive                            build/stm32f1xx_hal_i2c.o
                                                  build/ds1307_for_stm32_hal.o
HAL_I2C_Master_Receive_DMA                        build/stm32f1xx_hal_i2c.o
HAL_I2C_Master_Receive_IT                         build/stm32f1xx_hal_i2c.o
HAL_I2C_Master_Seq_Receive_DMA                    build/stm32f1xx_hal_i2c.o
HAL_I2C_Master_Seq_Receive_IT                     build/stm32f1xx_hal_i2c.o
HAL_I2C_Master_Seq_Transmit_DMA                   build/stm32f1xx_hal_i2c.o
HAL_I2C_Master_Seq_Transmit_IT                    build/stm32f1xx_hal_i2c.o
HAL_I2C_Master_Transmit                           build/stm32f1xx_hal_i2c.o
                                                  build/ds1307_for_stm32_hal.o
HAL_I2C_Master_Transmit_DMA                       build/stm32f1xx_hal_i2c.o
HAL_I2C_Master_Transmit_IT                        build/stm32f1xx_hal_i2c.o
HAL_I2C_MemRxCpltCallback                         build/stm32f1xx_hal_i2c.o
HAL_I2C_MemTxCpltCallback                         build/stm32f1xx_hal_i2c.o
HAL_I2C_Mem_Read                                  build/stm32f1xx_hal_i2c.o
                                                  build/mpu6050.o
HAL_I2C_Mem_Read_DMA                              build/stm32f1xx_hal_i2c.o
HAL_I2C_Mem_Read_IT                               build/stm32f1xx_hal_i2c.o
HAL_I2C_Mem_Write                                 build/stm32f1xx_hal_i2c.o
                                                  build/mpu6050.o
HAL_I2C_Mem_Write_DMA                             build/stm32f1xx_hal_i2c.o
HAL_I2C_Mem_Write_IT                              build/stm32f1xx_hal_i2c.o
HAL_I2C_MspDeInit                                 build/i2c.o
HAL_I2C_MspInit                                   build/i2c.o
HAL_I2C_SlaveRxCpltCallback                       build/stm32f1xx_hal_i2c.o
HAL_I2C_SlaveTxCpltCallback                       build/stm32f1xx_hal_i2c.o
HAL_I2C_Slave_Receive                             build/stm32f1xx_hal_i2c.o
HAL_I2C_Slave_Receive_DMA                         build/stm32f1xx_hal_i2c.o
HAL_I2C_Slave_Receive_IT                          build/stm32f1xx_hal_i2c.o
HAL_I2C_Slave_Seq_Receive_DMA                     build/stm32f1xx_hal_i2c.o
HAL_I2C_Slave_Seq_Receive_IT                      build/stm32f1xx_hal_i2c.o
HAL_I2C_Slave_Seq_Transmit_DMA                    build/stm32f1xx_hal_i2c.o
HAL_I2C_Slave_Seq_Transmit_IT                     build/stm32f1xx_hal_i2c.o
HAL_I2C_Slave_Transmit                            build/stm32f1xx_hal_i2c.o
HAL_I2C_Slave_Transmit_DMA                        build/stm32f1xx_hal_i2c.o
HAL_I2C_Slave_Transmit_IT                         build/stm32f1xx_hal_i2c.o
HAL_IncTick                                       build/stm32f1xx_hal.o
                                                  build/stm32f1xx_it.o
HAL_Init                                          build/stm32f1xx_hal.o
                                                  build/main.o
HAL_InitTick                                      build/stm32f1xx_hal.o
                                                  build/stm32f1xx_hal_rcc.o
HAL_LIN_Init                                      build/stm32f1xx_hal_uart.o
HAL_LIN_SendBreak                                 build/stm32f1xx_hal_uart.o
HAL_MspDeInit                                     build/stm32f1xx_hal.o
HAL_MspInit                                       build/stm32f1xx_hal_msp.o
HAL_MultiProcessor_EnterMuteMode                  build/stm32f1xx_hal_uart.o
HAL_MultiProcessor_ExitMuteMode                   build/stm32f1xx_hal_uart.o
HAL_MultiProcessor_Init                           build/stm32f1xx_hal_uart.o
HAL_NVIC_ClearPendingIRQ                          build/stm32f1xx_hal_cortex.o
HAL_NVIC_DisableIRQ                               build/stm32f1xx_hal_cortex.o
HAL_NVIC_EnableIRQ                                build/stm32f1xx_hal_cortex.o
HAL_NVIC_GetActive                                build/stm32f1xx_hal_cortex.o
HAL_NVIC_GetPendingIRQ                            build/stm32f1xx_hal_cortex.o
HAL_NVIC_GetPriority                              build/stm32f1xx_hal_cortex.o
HAL_NVIC_GetPriorityGrouping                      build/stm32f1xx_hal_cortex.o
HAL_NVIC_SetPendingIRQ                            build/stm32f1xx_hal_cortex.o
HAL_NVIC_SetPriority                              build/stm32f1xx_hal_cortex.o
                                                  build/stm32f1xx_hal.o
HAL_NVIC_SetPriorityGrouping                      build/stm32f1xx_hal_cortex.o
                                                  build/stm32f1xx_hal.o
HAL_NVIC_SystemReset                              build/stm32f1xx_hal_cortex.o
                                                  build/stm32f1xx_hal_flash.o
HAL_PWR_ConfigPVD                                 build/stm32f1xx_hal_pwr.o
HAL_PWR_DeInit                                    build/stm32f1xx_hal_pwr.o
HAL_PWR_DisableBkUpAccess                         build/stm32f1xx_hal_pwr.o
HAL_PWR_DisablePVD                                build/stm32f1xx_hal_pwr.o
HAL_PWR_DisableSEVOnPend                          build/stm32f1xx_hal_pwr.o
HAL_PWR_DisableSleepOnExit                        build/stm32f1xx_hal_pwr.o
HAL_PWR_DisableWakeUpPin                          build/stm32f1xx_hal_pwr.o
HAL_PWR_EnableBkUpAccess                          build/stm32f1xx_hal_pwr.o
HAL_PWR_EnablePVD                                 build/stm32f1xx_hal_pwr.o
HAL_PWR_EnableSEVOnPend                           build/stm32f1xx_hal_pwr.o
HAL_PWR_EnableSleepOnExit                         build/stm32f1xx_hal_pwr.o
HAL_PWR_EnableWakeUpPin                           build/stm32f1xx_hal_pwr.o
HAL_PWR_EnterSLEEPMode                            build/stm32f1xx_hal_pwr.o
HAL_PWR_EnterSTANDBYMode                          build/stm32f1xx_hal_pwr.o
HAL_PWR_EnterSTOPMode                             build/stm32f1xx_hal_pwr.o
HAL_PWR_PVDCallback                               build/stm32f1xx_hal_pwr.o
HAL_PWR_PVD_IRQHandler                            build/stm32f1xx_hal_pwr.o
HAL_RCCEx_GetPeriphCLKConfig                      build/stm32f1xx_hal_rcc_ex.o
HAL_RCCEx_GetPeriphCLKFreq                        build/stm32f1xx_hal_rcc_ex.o
HAL_RCCEx_PeriphCLKConfig                         build/stm32f1xx_hal_rcc_ex.o
HAL_RCC_CSSCallback                               build/stm32f1xx_hal_rcc.o
HAL_RCC_ClockConfig                               build/stm32f1xx_hal_rcc.o
                                                  build/main.o
HAL_RCC_DeInit                                    build/stm32f1xx_hal_rcc.o
HAL_RCC_DisableCSS                                build/stm32f1xx_hal_rcc.o
HAL_RCC_EnableCSS                                 build/stm32f1xx_hal_rcc.o
HAL_RCC_GetClockConfig                            build/stm32f1xx_hal_rcc.o
HAL_RCC_GetHCLKFreq                               build/stm32f1xx_hal_rcc.o
HAL_RCC_GetOscConfig                              build/stm32f1xx_hal_rcc.o
HAL_RCC_GetPCLK1Freq                              build/stm32f1xx_hal_rcc.o
                                                  build/stm32f1xx_hal_i2c.o
                                                  build/stm32f1xx_hal_uart.o
HAL_RCC_GetPCLK2Freq                              build/stm32f1xx_hal_rcc.o
                                                  build/stm32f1xx_hal_rcc_ex.o
                                                  build/stm32f1xx_hal_uart.o
HAL_RCC_GetSysClockFreq                           build/stm32f1xx_hal_rcc.o
HAL_RCC_MCOConfig                                 build/stm32f1xx_hal_rcc.o
HAL_RCC_NMI_IRQHandler                            build/stm32f1xx_hal_rcc.o
HAL_RCC_OscConfig                                 build/stm32f1xx_hal_rcc.o
                                                  build/main.o
HAL_ResumeTick                                    build/stm32f1xx_hal.o
HAL_SYSTICK_CLKSourceConfig                       build/stm32f1xx_hal_cortex.o
HAL_SYSTICK_Callback                              build/stm32f1xx_hal_cortex.o
HAL_SYSTICK_Config                                build/stm32f1xx_hal_cortex.o
                                                  build/stm32f1xx_hal.o
HAL_SYSTICK_IRQHandler                            build/stm32f1xx_hal_cortex.o
HAL_SetTickFreq                                   build/stm32f1xx_hal.o
HAL_SuspendTick                                   build/stm32f1xx_hal.o
HAL_TIMEx_BreakCallback                           build/stm32f1xx_hal_tim_ex.o
                                                  build/stm32f1xx_hal_tim.o
HAL_TIMEx_CommutCallback                          build/stm32f1xx_hal_tim_ex.o
                                                  build/stm32f1xx_hal_tim.o
HAL_TIMEx_CommutHalfCpltCallback                  build/stm32f1xx_hal_tim_ex.o
HAL_TIMEx_ConfigBreakDeadTime                     build/stm32f1xx_hal_tim_ex.o
HAL_TIMEx_ConfigCommutEvent                       build/stm32f1xx_hal_tim_ex.o
HAL_TIMEx_ConfigCommutEvent_DMA                   build/stm32f1xx_hal_tim_ex.o
HAL_TIMEx_ConfigCommutEvent_IT                    build/stm32f1xx_hal_tim_ex.o
HAL_TIMEx_GetChannelNState                        build/stm32f1xx_hal_tim_ex.o
HAL_TIMEx_HallSensor_DeInit                       build/stm32f1xx_hal_tim_ex.o
HAL_TIMEx_HallSensor_GetState                     build/stm32f1xx_hal_tim_ex.o
HAL_TIMEx_HallSensor_Init                         build/stm32f1xx_hal_tim_ex.o
HAL_TIMEx_HallSensor_MspDeInit                    build/stm32f1xx_hal_tim_ex.o
HAL_TIMEx_HallSensor_MspInit                      build/stm32f1xx_hal_tim_ex.o
HAL_TIMEx_HallSensor_Start                        build/stm32f1xx_hal_tim_ex.o
HAL_TIMEx_HallSensor_Start_DMA                    build/stm32f1xx_hal_tim_ex.o
HAL_TIMEx_HallSensor_Start_IT                     build/stm32f1xx_hal_tim_ex.o
HAL_TIMEx_HallSensor_Stop                         build/stm32f1xx_hal_tim_ex.o
HAL_TIMEx_HallSensor_Stop_DMA                     build/stm32f1xx_hal_tim_ex.o
HAL_TIMEx_HallSensor_Stop_IT                      build/stm32f1xx_hal_tim_ex.o
HAL_TIMEx_MasterConfigSynchronization             build/stm32f1xx_hal_tim_ex.o
                                                  build/tim.o
HAL_TIMEx_OCN_Start                               build/stm32f1xx_hal_tim_ex.o
HAL_TIMEx_OCN_Start_DMA                           build/stm32f1xx_hal_tim_ex.o
HAL_TIMEx_OCN_Start_IT                            build/stm32f1xx_hal_tim_ex.o
HAL_TIMEx_OCN_Stop                                build/stm32f1xx_hal_tim_ex.o
HAL_TIMEx_OCN_Stop_DMA                            build/stm32f1xx_hal_tim_ex.o
HAL_TIMEx_OCN_Stop_IT                             build/stm32f1xx_hal_tim_ex.o
HAL_TIMEx_OnePulseN_Start                         build/stm32f1xx_hal_tim_ex.o
HAL_TIMEx_OnePulseN_Start_IT                      build/stm32f1xx_hal_tim_ex.o
HAL_TIMEx_OnePulseN_Stop                          build/stm32f1xx_hal_tim_ex.o
HAL_TIMEx_OnePulseN_Stop_IT                       build/stm32f1xx_hal_tim_ex.o
HAL_TIMEx_PWMN_Start                              build/stm32f1xx_hal_tim_ex.o
HAL_TIMEx_PWMN_Start_DMA                          build/stm32f1xx_hal_tim_ex.o
HAL_TIMEx_PWMN_Start_IT                           build/stm32f1xx_hal_tim_ex.o
HAL_TIMEx_PWMN_Stop                               build/stm32f1xx_hal_tim_ex.o
HAL_TIMEx_PWMN_Stop_DMA                           build/stm32f1xx_hal_tim_ex.o
HAL_TIMEx_PWMN_Stop_IT                            build/stm32f1xx_hal_tim_ex.o
HAL_TIMEx_RemapConfig                             build/stm32f1xx_hal_tim_ex.o
HAL_TIM_Base_DeInit                               build/stm32f1xx_hal_tim.o
HAL_TIM_Base_GetState                             build/stm32f1xx_hal_tim.o
HAL_TIM_Base_Init                                 build/stm32f1xx_hal_tim.o
                                                  build/tim.o
HAL_TIM_Base_MspDeInit                            build/tim.o
                                                  build/stm32f1xx_hal_tim.o
HAL_TIM_Base_MspInit                              build/tim.o
                                                  build/stm32f1xx_hal_tim.o
HAL_TIM_Base_Start                                build/stm32f1xx_hal_tim.o
HAL_TIM_Base_Start_DMA                            build/stm32f1xx_hal_tim.o
HAL_TIM_Base_Start_IT                             build/stm32f1xx_hal_tim.o
HAL_TIM_Base_Stop                                 build/stm32f1xx_hal_tim.o
HAL_TIM_Base_Stop_DMA                             build/stm32f1xx_hal_tim.o
HAL_TIM_Base_Stop_IT                              build/stm32f1xx_hal_tim.o
HAL_TIM_ConfigClockSource                         build/stm32f1xx_hal_tim.o
                                                  build/tim.o
HAL_TIM_ConfigOCrefClear                          build/stm32f1xx_hal_tim.o
HAL_TIM_ConfigTI1Input                            build/stm32f1xx_hal_tim.o
HAL_TIM_DMABurstState                             build/stm32f1xx_hal_tim.o
HAL_TIM_DMABurst_MultiReadStart                   build/stm32f1xx_hal_tim.o
HAL_TIM_DMABurst_MultiWriteStart                  build/stm32f1xx_hal_tim.o
HAL_TIM_DMABurst_ReadStart                        build/stm32f1xx_hal_tim.o
HAL_TIM_DMABurst_ReadStop                         build/stm32f1xx_hal_tim.o
HAL_TIM_DMABurst_WriteStart                       build/stm32f1xx_hal_tim.o
HAL_TIM_DMABurst_WriteStop                        build/stm32f1xx_hal_tim.o
HAL_TIM_Encoder_DeInit                            build/stm32f1xx_hal_tim.o
HAL_TIM_Encoder_GetState                          build/stm32f1xx_hal_tim.o
HAL_TIM_Encoder_Init                              build/stm32f1xx_hal_tim.o
HAL_TIM_Encoder_MspDeInit                         build/stm32f1xx_hal_tim.o
HAL_TIM_Encoder_MspInit                           build/stm32f1xx_hal_tim.o
HAL_TIM_Encoder_Start                             build/stm32f1xx_hal_tim.o
HAL_TIM_Encoder_Start_DMA                         build/stm32f1xx_hal_tim.o
HAL_TIM_Encoder_Start_IT                          build/stm32f1xx_hal_tim.o
HAL_TIM_Encoder_Stop                              build/stm32f1xx_hal_tim.o
HAL_TIM_Encoder_Stop_DMA                          build/stm32f1xx_hal_tim.o
HAL_TIM_Encoder_Stop_IT                           build/stm32f1xx_hal_tim.o
HAL_TIM_ErrorCallback                             build/stm32f1xx_hal_tim.o
                                                  build/stm32f1xx_hal_tim_ex.o
HAL_TIM_GenerateEvent                             build/stm32f1xx_hal_tim.o
HAL_TIM_GetActiveChannel                          build/stm32f1xx_hal_tim.o
HAL_TIM_GetChannelState                           build/stm32f1xx_hal_tim.o
HAL_TIM_IC_CaptureCallback                        build/stm32f1xx_hal_tim.o
HAL_TIM_IC_CaptureHalfCpltCallback                build/stm32f1xx_hal_tim.o
HAL_TIM_IC_ConfigChannel                          build/stm32f1xx_hal_tim.o
HAL_TIM_IC_DeInit                                 build/stm32f1xx_hal_tim.o
HAL_TIM_IC_GetState                               build/stm32f1xx_hal_tim.o
HAL_TIM_IC_Init                                   build/stm32f1xx_hal_tim.o
HAL_TIM_IC_MspDeInit                              build/stm32f1xx_hal_tim.o
HAL_TIM_IC_MspInit                                build/stm32f1xx_hal_tim.o
HAL_TIM_IC_Start                                  build/stm32f1xx_hal_tim.o
HAL_TIM_IC_Start_DMA                              build/stm32f1xx_hal_tim.o
HAL_TIM_IC_Start_IT                               build/stm32f1xx_hal_tim.o
HAL_TIM_IC_Stop                                   build/stm32f1xx_hal_tim.o
HAL_TIM_IC_Stop_DMA                               build/stm32f1xx_hal_tim.o
HAL_TIM_IC_Stop_IT                                build/stm32f1xx_hal_tim.o
HAL_TIM_IRQHandler                                build/stm32f1xx_hal_tim.o
HAL_TIM_MspPostInit                               build/tim.o
HAL_TIM_OC_ConfigChannel                          build/stm32f1xx_hal_tim.o
HAL_TIM_OC_DeInit                                 build/stm32f1xx_hal_tim.o
HAL_TIM_OC_DelayElapsedCallback                   build/stm32f1xx_hal_tim.o
HAL_TIM_OC_GetState                               build/stm32f1xx_hal_tim.o
HAL_TIM_OC_Init                                   build/stm32f1xx_hal_tim.o
HAL_TIM_OC_MspDeInit                              build/stm32f1xx_hal_tim.o
HAL_TIM_OC_MspInit                                build/stm32f1xx_hal_tim.o
HAL_TIM_OC_Start                                  build/stm32f1xx_hal_tim.o
HAL_TIM_OC_Start_DMA                              build/stm32f1xx_hal_tim.o
HAL_TIM_OC_Start_IT                               build/stm32f1xx_hal_tim.o
HAL_TIM_OC_Stop                                   build/stm32f1xx_hal_tim.o
HAL_TIM_OC_Stop_DMA                               build/stm32f1xx_hal_tim.o
HAL_TIM_OC_Stop_IT                                build/stm32f1xx_hal_tim.o
HAL_TIM_OnePulse_ConfigChannel                    build/stm32f1xx_hal_tim.o
HAL_TIM_OnePulse_DeInit                           build/stm32f1xx_hal_tim.o
HAL_TIM_OnePulse_GetState                         build/stm32f1xx_hal_tim.o
HAL_TIM_OnePulse_Init                             build/stm32f1xx_hal_tim.o
HAL_TIM_OnePulse_MspDeInit                        build/stm32f1xx_hal_tim.o
HAL_TIM_OnePulse_MspInit                          build/stm32f1xx_hal_tim.o
HAL_TIM_OnePulse_Start                            build/stm32f1xx_hal_tim.o
HAL_TIM_OnePulse_Start_IT                         build/stm32f1xx_hal_tim.o
HAL_TIM_OnePulse_Stop                             build/stm32f1xx_hal_tim.o
HAL_TIM_OnePulse_Stop_IT                          build/stm32f1xx_hal_tim.o
HAL_TIM_PWM_ConfigChannel                         build/stm32f1xx_hal_tim.o
                                                  build/tim.o
HAL_TIM_PWM_DeInit                                build/stm32f1xx_hal_tim.o
HAL_TIM_PWM_GetState                              build/stm32f1xx_hal_tim.o
HAL_TIM_PWM_Init                                  build/stm32f1xx_hal_tim.o
                                                  build/tim.o
HAL_TIM_PWM_MspDeInit                             build/stm32f1xx_hal_tim.o