Archive member included to satisfy reference by file (symbol)

/usr/lib/gcc/arm-none-eabi/14.1.0/../../../../arm-none-eabi/lib/thumb/v7-m/nofp/libc_nano.a(libc_a-atexit.o)
                              /usr/lib/gcc/arm-none-eabi/14.1.0/../../../../arm-none-eabi/lib/thumb/v7-m/nofp/crt0.o (atexit)
/usr/lib/gcc/arm-none-eabi/14.1.0/../../../../arm-none-eabi/lib/thumb/v7-m/nofp/libc_nano.a(libc_a-exit.o)
                              /usr/lib/gcc/arm-none-eabi/14.1.0/../../../../arm-none-eabi/lib/thumb/v7-m/nofp/crt0.o (exit)
/usr/lib/gcc/arm-none-eabi/14.1.0/../../../../arm-none-eabi/lib/thumb/v7-m/nofp/libc_nano.a(libc_a-findfp.o)
                              /usr/lib/gcc/arm-none-eabi/14.1.0/../../../../arm-none-eabi/lib/thumb/v7-m/nofp/libc_nano.a(libc_a-exit.o) (__stdio_exit_handler)
/usr/lib/gcc/arm-none-eabi/14.1.0/../../../../arm-none-eabi/lib/thumb/v7-m/nofp/libc_nano.a(libc_a-fwalk.o)
                              /usr/lib/gcc/arm-none-eabi/14.1.0/../../../../arm-none-eabi/lib/thumb/v7-m/nofp/libc_nano.a(libc_a-findfp.o) (_fwalk_sglue)
/usr/lib/gcc/arm-none-eabi/14.1.0/../../../../arm-none-eabi/lib/thumb/v7-m/nofp/libc_nano.a(libc_a-sprintf.o)
                              build/main.o (sprintf)
/usr/lib/gcc/arm-none-eabi/14.1.0/../../../../arm-none-eabi/lib/thumb/v7-m/nofp/libc_nano.a(libc_a-stdio.o)
                              /usr/lib/gcc/arm-none-eabi/14.1.0/../../../../arm-none-eabi/lib/thumb/v7-m/nofp/libc_nano.a(libc_a-findfp.o) (__sread)
/usr/lib/gcc/arm-none-eabi/14.1.0/../../../../arm-none-eabi/lib/thumb/v7-m/nofp/libc_nano.a(libc_a-memset.o)
                              /usr/lib/gcc/arm-none-eabi/14.1.0/../../../../arm-none-eabi/lib/thumb/v7-m/nofp/crt0.o (memset)
/usr/lib/gcc/arm-none-eabi/14.1.0/../../../../arm-none-eabi/lib/thumb/v7-m/nofp/libc_nano.a(libc_a-closer.o)
                              /usr/lib/gcc/arm-none-eabi/14.1.0/../../../../arm-none-eabi/lib/thumb/v7-m/nofp/libc_nano.a(libc_a-stdio.o) (_close_r)
/usr/lib/gcc/arm-none-eabi/14.1.0/../../../../arm-none-eabi/lib/thumb/v7-m/nofp/libc_nano.a(libc_a-reent.o)
                              /usr/lib/gcc/arm-none-eabi/14.1.0/../../../../arm-none-eabi/lib/thumb/v7-m/nofp/libc_nano.a(libc_a-closer.o) (errno)
/usr/lib/gcc/arm-none-eabi/14.1.0/../../../../arm-none-eabi/lib/thumb/v7-m/nofp/libc_nano.a(libc_a-impure.o)
                              /usr/lib/gcc/arm-none-eabi/14.1.0/../../../../arm-none-eabi/lib/thumb/v7-m/nofp/libc_nano.a(libc_a-sprintf.o) (_impure_ptr)
/usr/lib/gcc/arm-none-eabi/14.1.0/../../../../arm-none-eabi/lib/thumb/v7-m/nofp/libc_nano.a(libc_a-lseekr.o)
                              /usr/lib/gcc/arm-none-eabi/14.1.0/../../../../arm-none-eabi/lib/thumb/v7-m/nofp/libc_nano.a(libc_a-stdio.o) (_lseek_r)
/usr/lib/gcc/arm-none-eabi/14.1.0/../../../../arm-none-eabi/lib/thumb/v7-m/nofp/libc_nano.a(libc_a-readr.o)
                              /usr/lib/gcc/arm-none-eabi/14.1.0/../../../../arm-none-eabi/lib/thumb/v7-m/nofp/libc_nano.a(libc_a-stdio.o) (_read_r)
/usr/lib/gcc/arm-none-eabi/14.1.0/../../../../arm-none-eabi/lib/thumb/v7-m/nofp/libc_nano.a(libc_a-writer.o)
                              /usr/lib/gcc/arm-none-eabi/14.1.0/../../../../arm-none-eabi/lib/thumb/v7-m/nofp/libc_nano.a(libc_a-stdio.o) (_write_r)
/usr/lib/gcc/arm-none-eabi/14.1.0/../../../../arm-none-eabi/lib/thumb/v7-m/nofp/libc_nano.a(libc_a-errno.o)
                              build/sysmem.o (__errno)
/usr/lib/gcc/arm-none-eabi/14.1.0/../../../../arm-none-eabi/lib/thumb/v7-m/nofp/libc_nano.a(libc_a-init.o)
                              /usr/lib/gcc/arm-none-eabi/14.1.0/../../../../arm-none-eabi/lib/thumb/v7-m/nofp/crt0.o (__libc_init_array)
/usr/lib/gcc/arm-none-eabi/14.1.0/../../../../arm-none-eabi/lib/thumb/v7-m/nofp/libc_nano.a(libc_a-fini.o)
                              /usr/lib/gcc/arm-none-eabi/14.1.0/../../../../arm-none-eabi/lib/thumb/v7-m/nofp/crt0.o (__libc_fini_array)
/usr/lib/gcc/arm-none-eabi/14.1.0/../../../../arm-none-eabi/lib/thumb/v7-m/nofp/libc_nano.a(libc_a-lock.o)
                              /usr/lib/gcc/arm-none-eabi/14.1.0/../../../../arm-none-eabi/lib/thumb/v7-m/nofp/libc_nano.a(libc_a-findfp.o) (__retarget_lock_init_recursive)
/usr/lib/gcc/arm-none-eabi/14.1.0/../../../../arm-none-eabi/lib/thumb/v7-m/nofp/libc_nano.a(libc_a-strlen.o)
                              build/main.o (strlen)
/usr/lib/gcc/arm-none-eabi/14.1.0/../../../../arm-none-eabi/lib/thumb/v7-m/nofp/libc_nano.a(libc_a-__atexit.o)
                              /usr/lib/gcc/arm-none-eabi/14.1.0/../../../../arm-none-eabi/lib/thumb/v7-m/nofp/libc_nano.a(libc_a-atexit.o) (__register_exitproc)
/usr/lib/gcc/arm-none-eabi/14.1.0/../../../../arm-none-eabi/lib/thumb/v7-m/nofp/libc_nano.a(libc_a-__call_atexit.o)
                              /usr/lib/gcc/arm-none-eabi/14.1.0/../../../../arm-none-eabi/lib/thumb/v7-m/nofp/libc_nano.a(libc_a-__atexit.o) (__call_exitprocs)
[...]
Memory Configuration

Name             Origin             Length             Attributes
RAM              0x20000000         0x00005000         xrw
FLASH            0x08000000         0x00010000         xr
*default*        0x00000000         0xffffffff

Linker script and memory map

LOAD /usr/lib/gcc/arm-none-eabi/14.1.0/thumb/v7-m/nofp/crti.o
LOAD /usr/lib/gcc/arm-none-eabi/14.1.0/thumb/v7-m/nofp/crtbegin.o
LOAD /usr/lib/gcc/arm-none-eabi/14.1.0/../../../../arm-none-eabi/lib/thumb/v7-m/nofp/crt0.o
LOAD build/main.o
LOAD build/stm32f1xx_it.o
LOAD build/stm32f1xx_hal_msp.o
LOAD build/stm32f1xx_hal_gpio_ex.o
LOAD build/stm32f1xx_hal_tim.o
LOAD build/stm32f1xx_hal_tim_ex.o
LOAD build/stm32f1xx_hal_uart.o
LOAD build/stm32f1xx_hal.o
LOAD build/stm32f1xx_hal_rcc.o
LOAD build/stm32f1xx_hal_rcc_ex.o
LOAD build/stm32f1xx_hal_gpio.o
LOAD build/stm32f1xx_hal_dma.o
LOAD build/stm32f1xx_hal_cortex.o
LOAD build/stm32f1xx_hal_pwr.o
LOAD build/stm32f1xx_hal_flash.o
LOAD build/stm32f1xx_hal_flash_ex.o
LOAD build/stm32f1xx_hal_exti.o
LOAD build/system_stm32f1xx.o
LOAD build/sysmem.o
LOAD build/syscalls.o
LOAD build/gpio.o
LOAD build/i2c.o
LOAD build/usart.o
LOAD build/ds1307_for_stm32_hal.o
LOAD build/mpu6050.o
LOAD build/stm32f1xx_hal_i2c.o
LOAD build/tim.o
LOAD build/startup_stm32f103xb.o
LOAD /usr/lib/gcc/arm-none-eabi/14.1.0/../../../../arm-none-eabi/lib/thumb/v7-m/nofp/libc_nano.a
LOAD /usr/lib/gcc/arm-none-eabi/14.1.0/../../../../arm-none-eabi/lib/thumb/v7-m/nofp/libm.a
LOAD /usr/lib/gcc/arm-none-eabi/14.1.0/../../../../arm-none-eabi/lib/thumb/v7-m/nofp/libnosys.a
START GROUP
LOAD /usr/lib/gcc/arm-none-eabi/14.1.0/thumb/v7-m/nofp/libgcc.a
LOAD /usr/lib/gcc/arm-none-eabi/14.1.0/../../../../arm-none-eabi/lib/thumb/v7-m/nofp/libc_nano.a
END GROUP
START GROUP
LOAD /usr/lib/gcc/arm-none-eabi/14.1.0/thumb/v7-m/nofp/libgcc.a
LOAD /usr/lib/gcc/arm-none-eabi/14.1.0/../../../../arm-none-eabi/lib/thumb/v7-m/nofp/libc_nano.a
END GROUP
LOAD /usr/lib/gcc/arm-none-eabi/14.1.0/thumb/v7-m/nofp/crtend.o
LOAD /usr/lib/gcc/arm-none-eabi/14.1.0/thumb/v7-m/nofp/crtn.o
                0x20005000                        _estack = (ORIGIN (RAM) + LENGTH (RAM))
                0x00000200                        _Min_Heap_Size = 0x200
                0x00000400                        _Min_Stack_Size = 0x400

.isr_vector     0x08000000      0x10c
                0x08000000                        . = ALIGN (0x4)
 *(.isr_vector)
 .isr_vector    0x08000000      0x10c build/startup_stm32f103xb.o
                0x08000000                g_pfnVectors
                0x0800010c                        . = ALIGN (0x4)

.text           0x0800010c     0x30b4
                0x0800010c                        . = ALIGN (0x4)
 *(.text)
 .text          0x0800010c       0x10 /usr/lib/gcc/arm-none-eabi/14.1.0/../../../../arm-none-eabi/lib/thumb/v7-m/nofp/libc_nano.a(libc_a-strlen.o)
                0x0800010c                strlen
 *(.text*)
 .text.__do_global_dtors_aux
                0x0800011c       0x24 /usr/lib/gcc/arm-none-eabi/14.1.0/thumb/v7-m/nofp/crtbegin.o
 .text.frame_dummy
                0x08000140       0x1c /usr/lib/gcc/arm-none-eabi/14.1.0/thumb/v7-m/nofp/crtbegin.o
 .text.test_led
                0x0800015c       0x98 build/main.o
                0x0800015c                test_led
 .text.test_ds1307
                0x080001f4       0x80 build/main.o
                0x080001f4                test_ds1307
 .text.Error_Handler
                0x08000274        0x4 build/main.o
                0x08000274                Error_Handler
 .text.SystemClock_Config
                0x08000278       0x52 build/main.o
                0x08000278                SystemClock_Config
 *fill*         0x080002ca        0x2 
 .text.main     0x080002cc       0xac build/main.o
                0x080002cc                main
 .text.NMI_Handler
                0x08000378        0x2 build/stm32f1xx_it.o
                0x08000378                NMI_Handler
 .text.HardFault_Handler
                0x0800037a        0x2 build/stm32f1xx_it.o
                0x0800037a                HardFault_Handler
 .text.MemManage_Handler
                0x0800037c        0x2 build/stm32f1xx_it.o
                0x0800037c                MemManage_Handler
 .text.BusFault_Handler
                0x0800037e        0x2 build/stm32f1xx_it.o
                0x0800037e                BusFault_Handler
 .text.UsageFault_Handler
                0x08000380        0x2 build/stm32f1xx_it.o
                0x08000380                UsageFault_Handler
 .text.SVC_Handler
                0x08000382        0x2 build/stm32f1xx_it.o
                0x08000382                SVC_Handler
 .text.DebugMon_Handler
                0x08000384        0x2 build/stm32f1xx_it.o
                0x08000384                DebugMon_Handler
 .text.PendSV_Handler
                0x08000386        0x2 build/stm32f1xx_it.o
                0x08000386                PendSV_Handler
 .text.SysTick_Handler
                0x08000388        0x8 build/stm32f1xx_it.o
                0x08000388                SysTick_Handler
 .text.HAL_MspInit
                0x08000390       0x44 build/stm32f1xx_hal_msp.o
                0x08000390                HAL_MspInit
 .text.TIM_OC1_SetConfig
                0x080003d4       0x54 build/stm32f1xx_hal_tim.o
 .text.TIM_OC3_SetConfig
                0x08000428       0x5c build/stm32f1xx_hal_tim.o
 .text.TIM_OC4_SetConfig
                0x08000484       0x48 build/stm32f1xx_hal_tim.o
 .text.TIM_TI1_ConfigInputStage
                0x080004cc       0x24 build/stm32f1xx_hal_tim.o
 .text.TIM_TI2_ConfigInputStage
                0x080004f0       0x26 build/stm32f1xx_hal_tim.o
 .text.TIM_ITRx_SetConfig
                0x08000516       0x10 build/stm32f1xx_hal_tim.o
 .text.HAL_TIM_PWM_MspInit
                0x08000526        0x2 build/stm32f1xx_hal_tim.o
                0x08000526                HAL_TIM_PWM_MspInit
 .text.TIM_Base_SetConfig
                0x08000528       0x74 build/stm32f1xx_hal_tim.o
                0x08000528                TIM_Base_SetConfig
 .text.HAL_TIM_Base_Init
                0x0800059c       0x58 build/stm32f1xx_hal_tim.o
                0x0800059c                HAL_TIM_Base_Init
 .text.HAL_TIM_PWM_Init
                0x080005f4       0x58 build/stm32f1xx_hal_tim.o
                0x080005f4                HAL_TIM_PWM_Init
 .text.TIM_OC2_SetConfig
                0x0800064c       0x5c build/stm32f1xx_hal_tim.o
                0x0800064c                TIM_OC2_SetConfig
 .text.HAL_TIM_PWM_ConfigChannel
                0x080006a8      0x108 build/stm32f1xx_hal_tim.o
                0x080006a8                HAL_TIM_PWM_ConfigChannel
 .text.TIM_ETR_SetConfig
                0x080007b0       0x18 build/stm32f1xx_hal_tim.o
                0x080007b0                TIM_ETR_SetConfig
 .text.HAL_TIM_ConfigClockSource
                0x080007c8       0xfe build/stm32f1xx_hal_tim.o
                0x080007c8                HAL_TIM_ConfigClockSource
 .text.TIM_CCxChannelCmd
                0x080008c6       0x1e build/stm32f1xx_hal_tim.o
                0x080008c6                TIM_CCxChannelCmd
 .text.HAL_TIM_PWM_Start
                0x080008e4       0xd4 build/stm32f1xx_hal_tim.o
                0x080008e4                HAL_TIM_PWM_Start
 .text.HAL_TIMEx_MasterConfigSynchronization
                0x080009b8       0x6c build/stm32f1xx_hal_tim_ex.o
                0x080009b8                HAL_TIMEx_MasterConfigSynchronization
 .text.UART_SetConfig
                0x08000a24       0x94 build/stm32f1xx_hal_uart.o
 .text.UART_WaitOnFlagUntilTimeout
                0x08000ab8       0x84 build/stm32f1xx_hal_uart.o
 .text.HAL_UART_Init
                0x08000b3c       0x60 build/stm32f1xx_hal_uart.o
                0x08000b3c                HAL_UART_Init
 .text.HAL_UART_Transmit
                0x08000b9c       0xbc build/stm32f1xx_hal_uart.o
                0x08000b9c                HAL_UART_Transmit
 .text.HAL_InitTick
                0x08000c58       0x4c build/stm32f1xx_hal.o
                0x08000c58                HAL_InitTick
 .text.HAL_Init
                0x08000ca4       0x24 build/stm32f1xx_hal.o
                0x08000ca4                HAL_Init
 .text.HAL_IncTick
                0x08000cc8       0x18 build/stm32f1xx_hal.o
                0x08000cc8                HAL_IncTick
 .text.HAL_GetTick
                0x08000ce0        0xc build/stm32f1xx_hal.o
                0x08000ce0                HAL_GetTick
 .text.HAL_Delay
                0x08000cec       0x28 build/stm32f1xx_hal.o
                0x08000cec                HAL_Delay
 .text.RCC_Delay
                0x08000d14       0x2c build/stm32f1xx_hal_rcc.o
 .text.HAL_RCC_OscConfig
                0x08000d40      0x410 build/stm32f1xx_hal_rcc.o
                0x08000d40                HAL_RCC_OscConfig
 .text.HAL_RCC_GetSysClockFreq
                0x08001150       0x54 build/stm32f1xx_hal_rcc.o
                0x08001150                HAL_RCC_GetSysClockFreq
 .text.HAL_RCC_ClockConfig
                0x080011a4      0x16c build/stm32f1xx_hal_rcc.o
                0x080011a4                HAL_RCC_ClockConfig
 .text.HAL_RCC_GetHCLKFreq
                0x08001310        0xc build/stm32f1xx_hal_rcc.o
                0x08001310                HAL_RCC_GetHCLKFreq
 .text.HAL_RCC_GetPCLK1Freq
                0x0800131c       0x20 build/stm32f1xx_hal_rcc.o
                0x0800131c                HAL_RCC_GetPCLK1Freq
 .text.HAL_RCC_GetPCLK2Freq
                0x0800133c       0x20 build/stm32f1xx_hal_rcc.o
                0x0800133c                HAL_RCC_GetPCLK2Freq
 .text.HAL_GPIO_Init
                0x0800135c      0x214 build/stm32f1xx_hal_gpio.o
                0x0800135c                HAL_GPIO_Init
 .text.HAL_GPIO_WritePin
                0x08001570        0xc build/stm32f1xx_hal_gpio.o
                0x08001570                HAL_GPIO_WritePin
 .text.HAL_GPIO_TogglePin
                0x0800157c       0x12 build/stm32f1xx_hal_gpio.o
                0x0800157c                HAL_GPIO_TogglePin
 *fill*         0x0800158e        0x2 
 .text.__NVIC_SetPriority
                0x08001590       0x28 build/stm32f1xx_hal_cortex.o
 .text.NVIC_EncodePriority
                0x080015b8       0x3e build/stm32f1xx_hal_cortex.o
 *fill*         0x080015f6        0x2 
 .text.HAL_NVIC_SetPriorityGrouping
                0x080015f8       0x24 build/stm32f1xx_hal_cortex.o
                0x080015f8                HAL_NVIC_SetPriorityGrouping
 .text.HAL_NVIC_SetPriority
                0x0800161c       0x20 build/stm32f1xx_hal_cortex.o
                0x0800161c                HAL_NVIC_SetPriority
 .text.HAL_SYSTICK_Config
                0x0800163c       0x28 build/stm32f1xx_hal_cortex.o
                0x0800163c                HAL_SYSTICK_Config
 .text.SystemInit
                0x08001664        0x2 build/system_stm32f1xx.o
                0x08001664                SystemInit
 *fill*         0x08001666        0x2 
 .text._sbrk    0x08001668       0x48 build/sysmem.o
                0x08001668                _sbrk
 .text.MX_GPIO_Init
                0x080016b0       0xf8 build/gpio.o
                0x080016b0                MX_GPIO_Init
 .text.MX_I2C1_Init
                0x080017a8       0x3c build/i2c.o
                0x080017a8                MX_I2C1_Init
 .text.MX_I2C2_Init
                0x080017e4       0x3c build/i2c.o
                0x080017e4                MX_I2C2_Init
 .text.HAL_I2C_MspInit
                0x08001820       0xac build/i2c.o
                0x08001820                HAL_I2C_MspInit
 .text.MX_USART1_UART_Init
                0x080018cc       0x34 build/usart.o
                0x080018cc                MX_USART1_UART_Init
 .text.HAL_UART_MspInit
                0x08001900       0x7c build/usart.o
                0x08001900                HAL_UART_MspInit
 .text.DS1307_SetRegByte
                0x0800197c       0x2c build/ds1307_for_stm32_hal.o
                0x0800197c                DS1307_SetRegByte
 .text.DS1307_GetRegByte
                0x080019a8       0x3c build/ds1307_for_stm32_hal.o
                0x080019a8                DS1307_GetRegByte
 .text.DS1307_SetClockHalt
                0x080019e4       0x1c build/ds1307_for_stm32_hal.o
                0x080019e4                DS1307_SetClockHalt
 .text.DS1307_Init
                0x08001a00       0x14 build/ds1307_for_stm32_hal.o
                0x08001a00                DS1307_Init
 .text.DS1307_GetClockHalt
                0x08001a14        0xe build/ds1307_for_stm32_hal.o
                0x08001a14                DS1307_GetClockHalt
 .text.DS1307_GetTimeZoneHour
                0x08001a22        0xc build/ds1307_for_stm32_hal.o
                0x08001a22                DS1307_GetTimeZoneHour
 .text.DS1307_GetTimeZoneMin
                0x08001a2e        0xa build/ds1307_for_stm32_hal.o
                0x08001a2e                DS1307_GetTimeZoneMin
 .text.DS1307_SetTimeZone
                0x08001a38       0x16 build/ds1307_for_stm32_hal.o
                0x08001a38                DS1307_SetTimeZone
 .text.DS1307_DecodeBCD
                0x08001a4e       0x12 build/ds1307_for_stm32_hal.o
                0x08001a4e                DS1307_DecodeBCD
 .text.DS1307_GetDayOfWeek
                0x08001a60        0xe build/ds1307_for_stm32_hal.o
                0x08001a60                DS1307_GetDayOfWeek
 .text.DS1307_GetDate
                0x08001a6e        0xe build/ds1307_for_stm32_hal.o
                0x08001a6e                DS1307_GetDate
 .text.DS1307_GetMonth
                0x08001a7c        0xe build/ds1307_for_stm32_hal.o
                0x08001a7c                DS1307_GetMonth
 .text.DS1307_GetYear
                0x08001a8a       0x24 build/ds1307_for_stm32_hal.o
                0x08001a8a                DS1307_GetYear
 .text.DS1307_GetHour
                0x08001aae       0x12 build/ds1307_for_stm32_hal.o
                0x08001aae                DS1307_GetHour
 .text.DS1307_GetMinute
                0x08001ac0        0xe build/ds1307_for_stm32_hal.o
                0x08001ac0                DS1307_GetMinute
 .text.DS1307_GetSecond
                0x08001ace       0x12 build/ds1307_for_stm32_hal.o
                0x08001ace                DS1307_GetSecond
 .text.DS1307_EncodeBCD
                0x08001ae0       0x20 build/ds1307_for_stm32_hal.o
                0x08001ae0                DS1307_EncodeBCD
 .text.DS1307_SetDayOfWeek
                0x08001b00       0x10 build/ds1307_for_stm32_hal.o
                0x08001b00                DS1307_SetDayOfWeek
 .text.DS1307_SetDate
                0x08001b10       0x10 build/ds1307_for_stm32_hal.o
                0x08001b10                DS1307_SetDate
 .text.DS1307_SetMonth
                0x08001b20       0x10 build/ds1307_for_stm32_hal.o
                0x08001b20                DS1307_SetMonth
 .text.DS1307_SetYear
                0x08001b30       0x30 build/ds1307_for_stm32_hal.o
                0x08001b30                DS1307_SetYear
 .text.DS1307_SetHour
                0x08001b60       0x14 build/ds1307_for_stm32_hal.o
                0x08001b60                DS1307_SetHour
 .text.DS1307_SetMinute
                0x08001b74       0x10 build/ds1307_for_stm32_hal.o
                0x08001b74                DS1307_SetMinute
 .text.DS1307_SetSecond
                0x08001b84       0x1a build/ds1307_for_stm32_hal.o
                0x08001b84                DS1307_SetSecond
 .text.I2C_IsAcknowledgeFailed
                0x08001b9e       0x32 build/stm32f1xx_hal_i2c.o
 .text.I2C_WaitOnFlagUntilTimeout
                0x08001bd0       0xaa build/stm32f1xx_hal_i2c.o
 .text.I2C_WaitOnMasterAddressFlagUntilTimeout
                0x08001c7a       0xd6 build/stm32f1xx_hal_i2c.o
 .text.I2C_MasterRequestWrite
                0x08001d50       0xb4 build/stm32f1xx_hal_i2c.o
 .text.I2C_MasterRequestRead
                0x08001e04      0x120 build/stm32f1xx_hal_i2c.o
 .text.I2C_WaitOnTXEFlagUntilTimeout
                0x08001f24       0x5e build/stm32f1xx_hal_i2c.o
 .text.I2C_WaitOnBTFFlagUntilTimeout
                0x08001f82       0x5e build/stm32f1xx_hal_i2c.o
 .text.I2C_WaitOnRXNEFlagUntilTimeout
                0x08001fe0       0x78 build/stm32f1xx_hal_i2c.o
 .text.HAL_I2C_Init
                0x08002058      0x1bc build/stm32f1xx_hal_i2c.o
                0x08002058                HAL_I2C_Init
 .text.HAL_I2C_Master_Transmit
                0x08002214      0x174 build/stm32f1xx_hal_i2c.o
                0x08002214                HAL_I2C_Master_Transmit
 .text.HAL_I2C_Master_Receive
                0x08002388      0x354 build/stm32f1xx_hal_i2c.o
                0x08002388                HAL_I2C_Master_Receive
 .text.HAL_TIM_Base_MspInit
                0x080026dc       0x26 build/tim.o
                0x080026dc                HAL_TIM_Base_MspInit
 *fill*         0x08002702        0x2 
 .text.HAL_TIM_MspPostInit
                0x08002704       0x4c build/tim.o
                0x08002704                HAL_TIM_MspPostInit
 .text.MX_TIM2_Init
                0x08002750       0xac build/tim.o
                0x08002750                MX_TIM2_Init
 .text.Reset_Handler
                0x080027fc       0x48 build/startup_stm32f103xb.o
                0x080027fc                Reset_Handler
 .text.Default_Handler
                0x08002844        0x2 build/startup_stm32f103xb.o
                0x08002844                RTC_Alarm_IRQHandler
                0x08002844                EXTI2_IRQHandler
                0x08002844                TIM1_CC_IRQHandler
                0x08002844                PVD_IRQHandler
                0x08002844                EXTI3_IRQHandler
                0x08002844                EXTI0_IRQHandler
                0x08002844                I2C2_EV_IRQHandler
                0x08002844                ADC1_2_IRQHandler
                0x08002844                SPI1_IRQHandler
                0x08002844                TAMPER_IRQHandler
                0x08002844                DMA1_Channel4_IRQHandler
                0x08002844                USART3_IRQHandler
                0x08002844                RTC_IRQHandler
                0x08002844                DMA1_Channel7_IRQHandler
                0x08002844                CAN1_RX1_IRQHandler
                0x08002844                TIM4_IRQHandler
                0x08002844                I2C1_EV_IRQHandler
                0x08002844                DMA1_Channel6_IRQHandler
                0x08002844                TIM3_IRQHandler
                0x08002844                RCC_IRQHandler
                0x08002844                TIM1_TRG_COM_IRQHandler
                0x08002844                DMA1_Channel1_IRQHandler
                0x08002844                Default_Handler
                0x08002844                EXTI15_10_IRQHandler
                0x08002844                EXTI9_5_IRQHandler
                0x08002844                SPI2_IRQHandler
                0x08002844                DMA1_Channel5_IRQHandler
                0x08002844                EXTI4_IRQHandler
                0x08002844                USB_LP_CAN1_RX0_IRQHandler
                0x08002844                USB_HP_CAN1_TX_IRQHandler
                0x08002844                DMA1_Channel3_IRQHandler
                0x08002844                TIM1_UP_IRQHandler
                0x08002844                WWDG_IRQHandler
                0x08002844                TIM2_IRQHandler
                0x08002844                TIM1_BRK_IRQHandler
                0x08002844                EXTI1_IRQHandler
                0x08002844                USART2_IRQHandler
                0x08002844                I2C2_ER_IRQHandler
                0x08002844                DMA1_Channel2_IRQHandler
                0x08002844                CAN1_SCE_IRQHandler
                0x08002844                FLASH_IRQHandler
                0x08002844                USART1_IRQHandler
                0x08002844                I2C1_ER_IRQHandler
                0x08002844                USBWakeUp_IRQHandler
 *fill*         0x08002846        0x2 
 .text.sprintf  0x08002848       0x44 /usr/lib/gcc/arm-none-eabi/14.1.0/../../../../arm-none-eabi/lib/thumb/v7-m/nofp/libc_nano.a(libc_a-sprintf.o)
                0x08002848                sprintf
                0x08002848                siprintf
 .text.memset   0x0800288c       0x10 /usr/lib/gcc/arm-none-eabi/14.1.0/../../../../arm-none-eabi/lib/thumb/v7-m/nofp/libc_nano.a(libc_a-memset.o)
                0x0800288c                memset
 .text.__errno  0x0800289c        0xc /usr/lib/gcc/arm-none-eabi/14.1.0/../../../../arm-none-eabi/lib/thumb/v7-m/nofp/libc_nano.a(libc_a-errno.o)
                0x0800289c                __errno
 .text.__libc_init_array
                0x080028a8       0x48 /usr/lib/gcc/arm-none-eabi/14.1.0/../../../../arm-none-eabi/lib/thumb/v7-m/nofp/libc_nano.a(libc_a-init.o)
                0x080028a8                __libc_init_array
 .text.__retarget_lock_acquire_recursive
                0x080028f0        0x2 /usr/lib/gcc/arm-none-eabi/14.1.0/../../../../arm-none-eabi/lib/thumb/v7-m/nofp/libc_nano.a(libc_a-lock.o)
                0x080028f0                __retarget_lock_acquire_recursive
 .text.__retarget_lock_release_recursive
                0x080028f2        0x2 /usr/lib/gcc/arm-none-eabi/14.1.0/../../../../arm-none-eabi/lib/thumb/v7-m/nofp/libc_nano.a(libc_a-lock.o)
                0x080028f2                __retarget_lock_release_recursive
 .text._free_r  0x080028f4       0x90 /usr/lib/gcc/arm-none-eabi/14.1.0/../../../../arm-none-eabi/lib/thumb/v7-m/nofp/libc_nano.a(libc_a-freer.o)
                0x080028f4                _free_r
 .text.sbrk_aligned
                0x08002984       0x44 /usr/lib/gcc/arm-none-eabi/14.1.0/../../../../arm-none-eabi/lib/thumb/v7-m/nofp/libc_nano.a(libc_a-mallocr.o)
 .text._malloc_r
                0x080029c8      0x100 /usr/lib/gcc/arm-none-eabi/14.1.0/../../../../arm-none-eabi/lib/thumb/v7-m/nofp/libc_nano.a(libc_a-mallocr.o)
                0x080029c8                _malloc_r
 .text.__malloc_lock
                0x08002ac8        0xc /usr/lib/gcc/arm-none-eabi/14.1.0/../../../../arm-none-eabi/lib/thumb/v7-m/nofp/libc_nano.a(libc_a-mlock.o)
                0x08002ac8                __malloc_lock
 .text.__malloc_unlock
                0x08002ad4        0xc /usr/lib/gcc/arm-none-eabi/14.1.0/../../../../arm-none-eabi/lib/thumb/v7-m/nofp/libc_nano.a(libc_a-mlock.o)
                0x08002ad4                __malloc_unlock
 .text.__ssputs_r
                0x08002ae0       0xb6 /usr/lib/gcc/arm-none-eabi/14.1.0/../../../../arm-none-eabi/lib/thumb/v7-m/nofp/libc_nano.a(libc_a-nano-svfprintf.o)
                0x08002ae0                __ssputs_r
 *fill*         0x08002b96        0x2 
 .text._svfprintf_r
                0x08002b98      0x1f8 /usr/lib/gcc/arm-none-eabi/14.1.0/../../../../arm-none-eabi/lib/thumb/v7-m/nofp/libc_nano.a(libc_a-nano-svfprintf.o)
                0x08002b98                _svfprintf_r
                0x08002b98                _svfiprintf_r
 .text._printf_common
                0x08002d90       0xe4 /usr/lib/gcc/arm-none-eabi/14.1.0/../../../../arm-none-eabi/lib/thumb/v7-m/nofp/libc_nano.a(libc_a-nano-vfprintf_i.o)
                0x08002d90                _printf_common
 .text._printf_i
                0x08002e74      0x23c /usr/lib/gcc/arm-none-eabi/14.1.0/../../../../arm-none-eabi/lib/thumb/v7-m/nofp/libc_nano.a(libc_a-nano-vfprintf_i.o)
                0x08002e74                _printf_i
 .text.memmove  0x080030b0       0x34 /usr/lib/gcc/arm-none-eabi/14.1.0/../../../../arm-none-eabi/lib/thumb/v7-m/nofp/libc_nano.a(libc_a-memmove.o)
                0x080030b0                memmove
 .text._sbrk_r  0x080030e4       0x20 /usr/lib/gcc/arm-none-eabi/14.1.0/../../../../arm-none-eabi/lib/thumb/v7-m/nofp/libc_nano.a(libc_a-sbrkr.o)
                0x080030e4                _sbrk_r
 .text.memchr   0x08003104       0x1c /usr/lib/gcc/arm-none-eabi/14.1.0/../../../../arm-none-eabi/lib/thumb/v7-m/nofp/libc_nano.a(libc_a-memchr-stub.o)
                0x08003104                memchr
 .text.memcpy   0x08003120       0x1c /usr/lib/gcc/arm-none-eabi/14.1.0/../../../../arm-none-eabi/lib/thumb/v7-m/nofp/libc_nano.a(libc_a-memcpy-stub.o)
                0x08003120                memcpy
 .text._realloc_r
                0x0800313c       0x5c /usr/lib/gcc/arm-none-eabi/14.1.0/../../../../arm-none-eabi/lib/thumb/v7-m/nofp/libc_nano.a(libc_a-reallocr.o)
                0x0800313c                _realloc_r
 .text._malloc_usable_size_r
                0x08003198       0x10 /usr/lib/gcc/arm-none-eabi/14.1.0/../../../../arm-none-eabi/lib/thumb/v7-m/nofp/libc_nano.a(libc_a-msizer.o)
                0x08003198                _malloc_usable_size_r
 *(.glue_7)
 .glue_7        0x080031a8        0x0 linker stubs
 *(.glue_7t)
 .glue_7t       0x080031a8        0x0 linker stubs
 *(.eh_frame)
 .eh_frame      0x080031a8        0x0 /usr/lib/gcc/arm-none-eabi/14.1.0/thumb/v7-m/nofp/crtbegin.o
 *(.init)
 .init          0x080031a8        0x4 /usr/lib/gcc/arm-none-eabi/14.1.0/thumb/v7-m/nofp/crti.o
                0x080031a8                _init
 .init          0x080031ac        0x8 /usr/lib/gcc/arm-none-eabi/14.1.0/thumb/v7-m/nofp/crtn.o
 *(.fini)
 .fini          0x080031b4        0x4 /usr/lib/gcc/arm-none-eabi/14.1.0/thumb/v7-m/nofp/crti.o
                0x080031b4                _fini
 .fini          0x080031b8        0x8 /usr/lib/gcc/arm-none-eabi/14.1.0/thumb/v7-m/nofp/crtn.o
                0x080031c0                        . = ALIGN (0x4)
                0x080031c0                        _etext = .

.vfp11_veneer   0x080031c0        0x0
 .vfp11_veneer  0x080031c0        0x0 linker stubs

.v4_bx          0x080031c0        0x0
 .v4_bx         0x080031c0        0x0 linker stubs

.iplt           0x080031c0        0x0
 .iplt          0x080031c0        0x0 /usr/lib/gcc/arm-none-eabi/14.1.0/thumb/v7-m/nofp/crtbegin.o

.rodata         0x080031c0       0x9c
                0x080031c0                        . = ALIGN (0x4)
 *(.rodata)
 *(.rodata*)
 .rodata.test_ds1307.str1.4
                0x080031c0       0x3c build/main.o
 .rodata.aPredivFactorTable.0
                0x080031fc        0x2 build/stm32f1xx_hal_rcc.o
 *fill*         0x080031fe        0x2 
 .rodata.aPLLMULFactorTable.1
                0x08003200       0x10 build/stm32f1xx_hal_rcc.o
 .rodata.APBPrescTable
                0x08003210        0x8 build/system_stm32f1xx.o
                0x08003210                APBPrescTable
 .rodata.AHBPrescTable
                0x08003218       0x10 build/system_stm32f1xx.o
                0x08003218                AHBPrescTable
 .rodata._svfprintf_r.str1.1
                0x08003228       0x33 /usr/lib/gcc/arm-none-eabi/14.1.0/../../../../arm-none-eabi/lib/thumb/v7-m/nofp/libc_nano.a(libc_a-nano-svfprintf.o)
                                 0x11 (size before relaxing)
 .rodata._printf_i.str1.1
                0x0800325b       0x22 /usr/lib/gcc/arm-none-eabi/14.1.0/../../../../arm-none-eabi/lib/thumb/v7-m/nofp/libc_nano.a(libc_a-nano-vfprintf_i.o)
                0x08003280                        . = ALIGN (0x4)
 *fill*         0x0800325b        0x1 

.ARM.extab
 *(.ARM.extab* .gnu.linkonce.armextab.*)

.ARM            0x0800325c        0x8
                0x0800325c                        __exidx_start = .
 *(.ARM.exidx*)
 .ARM.exidx     0x0800325c        0x8 /usr/lib/gcc/arm-none-eabi/14.1.0/../../../../arm-none-eabi/lib/thumb/v7-m/nofp/libc_nano.a(libc_a-strlen.o)
                0x08003264                        __exidx_end = .

.rel.dyn        0x08003264        0x0
 .rel.iplt      0x08003264        0x0 /usr/lib/gcc/arm-none-eabi/14.1.0/thumb/v7-m/nofp/crtbegin.o

.preinit_array  0x08003264        0x0
                0x08003264                        PROVIDE (__preinit_array_start = .)
 *(.preinit_array*)
                0x08003264                        PROVIDE (__preinit_array_end = .)

.init_array     0x08003264        0x4
                0x08003264                        PROVIDE (__init_array_start = .)
 *(SORT_BY_NAME(.init_array.*))
 *(.init_array*)
 .init_array    0x08003264        0x4 /usr/lib/gcc/arm-none-eabi/14.1.0/thumb/v7-m/nofp/crtbegin.o
                0x08003268                        PROVIDE (__init_array_end = .)

.fini_array     0x08003268        0x4
                0x08003268                        PROVIDE (__fini_array_start = .)
 *(SORT_BY_NAME(.fini_array.*))
 *(.fini_array*)
 .fini_array    0x08003268        0x4 /usr/lib/gcc/arm-none-eabi/14.1.0/thumb/v7-m/nofp/crtbegin.o
                0x0800326c                        PROVIDE (__fini_array_end = .)
                0x0800326c                        _sidata = LOADADDR (.data)

.data           0x20000000       0x5c load address 0x0800326c
                0x20000000                        . = ALIGN (0x4)
                0x20000000                        _sdata = .
 *(.data)
 *(.data*)
 .data.uwTickFreq
                0x20000000        0x1 build/stm32f1xx_hal.o
                0x20000000                uwTickFreq
 *fill*         0x20000001        0x3 
 .data.uwTickPrio
                0x20000004        0x4 build/stm32f1xx_hal.o
                0x20000004                uwTickPrio
 .data.SystemCoreClock
                0x20000008        0x4 build/system_stm32f1xx.o
                0x20000008                SystemCoreClock
 .data._impure_ptr
                0x2000000c        0x4 /usr/lib/gcc/arm-none-eabi/14.1.0/../../../../arm-none-eabi/lib/thumb/v7-m/nofp/libc_nano.a(libc_a-impure.o)
                0x2000000c                _impure_ptr
 .data._impure_data
                0x20000010       0x4c /usr/lib/gcc/arm-none-eabi/14.1.0/../../../../arm-none-eabi/lib/thumb/v7-m/nofp/libc_nano.a(libc_a-impure.o)
                0x20000010                _impure_data
                0x2000005c                        . = ALIGN (0x4)
                0x2000005c                        _edata = .

.igot.plt       0x2000005c        0x0 load address 0x080032c8
 .igot.plt      0x2000005c        0x0 /usr/lib/gcc/arm-none-eabi/14.1.0/thumb/v7-m/nofp/crtbegin.o
                0x2000005c                        . = ALIGN (0x4)

.bss            0x2000005c      0x30c load address 0x080032c8
                0x2000005c                        _sbss = .
                0x2000005c                        __bss_start__ = _sbss
 *(.bss)
 *(.bss*)
 .bss.completed.1
                0x2000005c        0x1 /usr/lib/gcc/arm-none-eabi/14.1.0/thumb/v7-m/nofp/crtbegin.o
 *fill*         0x2000005d        0x3 
 .bss.object.0  0x20000060       0x18 /usr/lib/gcc/arm-none-eabi/14.1.0/thumb/v7-m/nofp/crtbegin.o
 .bss.ds_buffer
                0x20000078       0x64 build/main.o
                0x20000078                ds_buffer
 .bss.uwTick    0x200000dc        0x4 build/stm32f1xx_hal.o
                0x200000dc                uwTick
 .bss.__sbrk_heap_end
                0x200000e0        0x4 build/sysmem.o
 .bss.hi2c2     0x200000e4       0x54 build/i2c.o
                0x200000e4                hi2c2
 .bss.hi2c1     0x20000138       0x54 build/i2c.o
                0x20000138                hi2c1
 .bss.huart1    0x2000018c       0x48 build/usart.o
                0x2000018c                huart1
 .bss._ds1307_ui2c
                0x200001d4        0x4 build/ds1307_for_stm32_hal.o
                0x200001d4                _ds1307_ui2c
 .bss.htim2     0x200001d8       0x48 build/tim.o
                0x200001d8                htim2
 .bss.__sf      0x20000220      0x138 /usr/lib/gcc/arm-none-eabi/14.1.0/../../../../arm-none-eabi/lib/thumb/v7-m/nofp/libc_nano.a(libc_a-findfp.o)
                0x20000220                __sf
 .bss.errno     0x20000358        0x4 /usr/lib/gcc/arm-none-eabi/14.1.0/../../../../arm-none-eabi/lib/thumb/v7-m/nofp/libc_nano.a(libc_a-reent.o)
                0x20000358                errno
 .bss.__lock___malloc_recursive_mutex
                0x2000035c        0x1 /usr/lib/gcc/arm-none-eabi/14.1.0/../../../../arm-none-eabi/lib/thumb/v7-m/nofp/libc_nano.a(libc_a-lock.o)
                0x2000035c                __lock___malloc_recursive_mutex
 *fill*         0x2000035d        0x3 
 .bss.__malloc_sbrk_start
                0x20000360        0x4 /usr/lib/gcc/arm-none-eabi/14.1.0/../../../../arm-none-eabi/lib/thumb/v7-m/nofp/libc_nano.a(libc_a-mallocr.o)
                0x20000360                __malloc_sbrk_start
 .bss.__malloc_free_list
                0x20000364        0x4 /usr/lib/gcc/arm-none-eabi/14.1.0/../../../../arm-none-eabi/lib/thumb/v7-m/nofp/libc_nano.a(libc_a-mallocr.o)
                0x20000364                __malloc_free_list
 *(COMMON)
                0x20000368                        . = ALIGN (0x4)
                0x20000368                        _ebss = .
                0x20000368                        __bss_end__ = _ebss

._user_heap_stack
                0x20000368      0x600 load address 0x080032c8
                0x20000368                        . = ALIGN (0x8)
                [!provide]                        PROVIDE (end = .)
                0x20000368                        PROVIDE (_end = .)
                0x20000568                        . = (. + _Min_Heap_Size)
 *fill*         0x20000368      0x200 
                0x20000968                        . = (. + _Min_Stack_Size)
 *fill*         0x20000568      0x400 
                0x20000968                        . = ALIGN (0x8)

/DISCARD/
 libc.a(*)
 libm.a(*)
 libgcc.a(*)

.ARM.attributes
                0x00000000       0x29
 *(.ARM.attributes)
 .ARM.attributes
                0x00000000       0x1d /usr/lib/gcc/arm-none-eabi/14.1.0/thumb/v7-m/nofp/crti.o
 .ARM.attributes
                0x0000001d       0x2d /usr/lib/gcc/arm-none-eabi/14.1.0/thumb/v7-m/nofp/crtbegin.o
 .ARM.attributes
                0x0000004a       0x2d build/main.o
 .ARM.attributes
                0x00000077       0x2d build/stm32f1xx_it.o
 .ARM.attributes
                0x000000a4       0x2d build/stm32f1xx_hal_msp.o
 .ARM.attributes
                0x000000d1       0x2d build/stm32f1xx_hal_tim.o
 .ARM.attributes
                0x000000fe       0x2d build/stm32f1xx_hal_tim_ex.o
 .ARM.attributes
                0x0000012b       0x2d build/stm32f1xx_hal_uart.o
 .ARM.attributes
                0x00000158       0x2d build/stm32f1xx_hal.o
 .ARM.attributes
                0x00000185       0x2d build/stm32f1xx_hal_rcc.o
 .ARM.attributes
                0x000001b2       0x2d build/stm32f1xx_hal_gpio.o
 .ARM.attributes
                0x000001df       0x2d build/stm32f1xx_hal_cortex.o
 .ARM.attributes
                0x0000020c       0x2d build/system_stm32f1xx.o
 .ARM.attributes
                0x00000239       0x2d build/sysmem.o
 .ARM.attributes
                0x00000266       0x2d build/gpio.o
 .ARM.attributes
                0x00000293       0x2d build/i2c.o
 .ARM.attributes
                0x000002c0       0x2d build/usart.o
 .ARM.attributes
                0x000002ed       0x2d build/ds1307_for_stm32_hal.o
 .ARM.attributes
                0x0000031a       0x2d build/stm32f1xx_hal_i2c.o
 .ARM.attributes
                0x00000347       0x2d build/tim.o
 .ARM.attributes
                0x00000374       0x21 build/startup_stm32f103xb.o
 .ARM.attributes
                0x00000395       0x2d /usr/lib/gcc/arm-none-eabi/14.1.0/../../../../arm-none-eabi/lib/thumb/v7-m/nofp/libc_nano.a(libc_a-findfp.o)
 .ARM.attributes
                0x000003c2       0x2d /usr/lib/gcc/arm-none-eabi/14.1.0/../../../../arm-none-eabi/lib/thumb/v7-m/nofp/libc_nano.a(libc_a-sprintf.o)
 .ARM.attributes
                0x000003ef       0x2d /usr/lib/gcc/arm-none-eabi/14.1.0/../../../../arm-none-eabi/lib/thumb/v7-m/nofp/libc_nano.a(libc_a-memset.o)
 .ARM.attributes
                0x0000041c       0x2d /usr/lib/gcc/arm-none-eabi/14.1.0/../../../../arm-none-eabi/lib/thumb/v7-m/nofp/libc_nano.a(libc_a-reent.o)
 .ARM.attributes
                0x00000449       0x2d /usr/lib/gcc/arm-none-eabi/14.1.0/../../../../arm-none-eabi/lib/thumb/v7-m/nofp/libc_nano.a(libc_a-impure.o)
 .ARM.attributes
                0x00000476       0x2d /usr/lib/gcc/arm-none-eabi/14.1.0/../../../../arm-none-eabi/lib/thumb/v7-m/nofp/libc_nano.a(libc_a-errno.o)
 .ARM.attributes
                0x000004a3       0x2d /usr/lib/gcc/arm-none-eabi/14.1.0/../../../../arm-none-eabi/lib/thumb/v7-m/nofp/libc_nano.a(libc_a-init.o)
 .ARM.attributes
                0x000004d0       0x2d /usr/lib/gcc/arm-none-eabi/14.1.0/../../../../arm-none-eabi/lib/thumb/v7-m/nofp/libc_nano.a(libc_a-lock.o)
 .ARM.attributes
                0x000004fd       0x17 /usr/lib/gcc/arm-none-eabi/14.1.0/../../../../arm-none-eabi/lib/thumb/v7-m/nofp/libc_nano.a(libc_a-strlen.o)
 .ARM.attributes
                0x00000514       0x2d /usr/lib/gcc/arm-none-eabi/14.1.0/../../../../arm-none-eabi/lib/thumb/v7-m/nofp/libc_nano.a(libc_a-freer.o)
 .ARM.attributes
                0x00000541       0x2d /usr/lib/gcc/arm-none-eabi/14.1.0/../../../../arm-none-eabi/lib/thumb/v7-m/nofp/libc_nano.a(libc_a-mallocr.o)
 .ARM.attributes
                0x0000056e       0x2d /usr/lib/gcc/arm-none-eabi/14.1.0/../../../../arm-none-eabi/lib/thumb/v7-m/nofp/libc_nano.a(libc_a-mlock.o)
 .ARM.attributes
                0x0000059b       0x2d /usr/lib/gcc/arm-none-eabi/14.1.0/../../../../arm-none-eabi/lib/thumb/v7-m/nofp/libc_nano.a(libc_a-nano-svfprintf.o)
 .ARM.attributes
                0x000005c8       0x2d /usr/lib/gcc/arm-none-eabi/14.1.0/../../../../arm-none-eabi/lib/thumb/v7-m/nofp/libc_nano.a(libc_a-nano-vfprintf_i.o)
 .ARM.attributes
                0x000005f5       0x2d /usr/lib/gcc/arm-none-eabi/14.1.0/../../../../arm-none-eabi/lib/thumb/v7-m/nofp/libc_nano.a(libc_a-memmove.o)
 .ARM.attributes
                0x00000622       0x2d /usr/lib/gcc/arm-none-eabi/14.1.0/../../../../arm-none-eabi/lib/thumb/v7-m/nofp/libc_nano.a(libc_a-sbrkr.o)
 .ARM.attributes
                0x0000064f       0x2d /usr/lib/gcc/arm-none-eabi/14.1.0/../../../../arm-none-eabi/lib/thumb/v7-m/nofp/libc_nano.a(libc_a-memchr-stub.o)
 .ARM.attributes
                0x0000067c       0x2d /usr/lib/gcc/arm-none-eabi/14.1.0/../../../../arm-none-eabi/lib/thumb/v7-m/nofp/libc_nano.a(libc_a-memcpy-stub.o)
 .ARM.attributes
                0x000006a9       0x2d /usr/lib/gcc/arm-none-eabi/14.1.0/../../../../arm-none-eabi/lib/thumb/v7-m/nofp/libc_nano.a(libc_a-reallocr.o)
 .ARM.attributes
                0x000006d6       0x2d /usr/lib/gcc/arm-none-eabi/14.1.0/../../../../arm-none-eabi/lib/thumb/v7-m/nofp/libc_nano.a(libc_a-msizer.o)
 .ARM.attributes
                0x00000703       0x1d /usr/lib/gcc/arm-none-eabi/14.1.0/thumb/v7-m/nofp/crtn.o
OUTPUT(build/Board_C24_neovim.elf elf32-littlearm)
LOAD linker stubs
LOAD /usr/lib/gcc/arm-none-eabi/14.1.0/../../../../arm-none-eabi/lib/thumb/v7-m/nofp/libc.a
LOAD /usr/lib/gcc/arm-none-eabi/14.1.0/../../../../arm-none-eabi/lib/thumb/v7-m/nofp/libm.a
LOAD /usr/lib/gcc/arm-none-eabi/14.1.0/thumb/v7-m/nofp/libgcc.a

.debug_info     0x00000000    0x1e5ac
 .debug_info    0x00000000     0x1b5a build/main.o
 .debug_info    0x00001b5a      0x158 build/stm32f1xx_it.o
 .debug_info    0x00001cb2      0x238 build/stm32f1xx_hal_msp.o
 .debug_info    0x00001eea     0x411c build/stm32f1xx_hal_tim.o
 .debug_info    0x00006006     0x1d41 build/stm32f1xx_hal_tim_ex.o
 .debug_info    0x00007d47     0x440c build/stm32f1xx_hal_uart.o
 .debug_info    0x0000c153      0x880 build/stm32f1xx_hal.o
 .debug_info    0x0000c9d3      0xb10 build/stm32f1xx_hal_rcc.o
 .debug_info    0x0000d4e3      0x6d7 build/stm32f1xx_hal_gpio.o
 .debug_info    0x0000dbba      0xe3f build/stm32f1xx_hal_cortex.o
 .debug_info    0x0000e9f9      0x26e build/system_stm32f1xx.o
 .debug_info    0x0000ec67      0x18c build/sysmem.o
 .debug_info    0x0000edf3      0x409 build/gpio.o
 .debug_info    0x0000f1fc      0xa7b build/i2c.o
 .debug_info    0x0000fc77      0x93f build/usart.o
 .debug_info    0x000105b6      0xfdd build/ds1307_for_stm32_hal.o
 .debug_info    0x00011593     0x3d20 build/stm32f1xx_hal_i2c.o
 .debug_info    0x000152b3      0xc66 build/tim.o
 .debug_info    0x00015f19       0x30 build/startup_stm32f103xb.o
 .debug_info    0x00015f49      0xfb5 /usr/lib/gcc/arm-none-eabi/14.1.0/../../../../arm-none-eabi/lib/thumb/v7-m/nofp/libc_nano.a(libc_a-findfp.o)
 .debug_info    0x00016efe      0x885 /usr/lib/gcc/arm-none-eabi/14.1.0/../../../../arm-none-eabi/lib/thumb/v7-m/nofp/libc_nano.a(libc_a-sprintf.o)
 .debug_info    0x00017783       0xe0 /usr/lib/gcc/arm-none-eabi/14.1.0/../../../../arm-none-eabi/lib/thumb/v7-m/nofp/libc_nano.a(libc_a-memset.o)
 .debug_info    0x00017863      0x8a1 /usr/lib/gcc/arm-none-eabi/14.1.0/../../../../arm-none-eabi/lib/thumb/v7-m/nofp/libc_nano.a(libc_a-reent.o)
 .debug_info    0x00018104      0x715 /usr/lib/gcc/arm-none-eabi/14.1.0/../../../../arm-none-eabi/lib/thumb/v7-m/nofp/libc_nano.a(libc_a-impure.o)
 .debug_info    0x00018819      0x6fb /usr/lib/gcc/arm-none-eabi/14.1.0/../../../../arm-none-eabi/lib/thumb/v7-m/nofp/libc_nano.a(libc_a-errno.o)
 .debug_info    0x00018f14      0x10b /usr/lib/gcc/arm-none-eabi/14.1.0/../../../../arm-none-eabi/lib/thumb/v7-m/nofp/libc_nano.a(libc_a-init.o)
 .debug_info    0x0001901f      0x218 /usr/lib/gcc/arm-none-eabi/14.1.0/../../../../arm-none-eabi/lib/thumb/v7-m/nofp/libc_nano.a(libc_a-lock.o)
 .debug_info    0x00019237       0x31 /usr/lib/gcc/arm-none-eabi/14.1.0/../../../../arm-none-eabi/lib/thumb/v7-m/nofp/libc_nano.a(libc_a-strlen.o)
 .debug_info    0x00019268      0x851 /usr/lib/gcc/arm-none-eabi/14.1.0/../../../../arm-none-eabi/lib/thumb/v7-m/nofp/libc_nano.a(libc_a-freer.o)
 .debug_info    0x00019ab9      0x9bc /usr/lib/gcc/arm-none-eabi/14.1.0/../../../../arm-none-eabi/lib/thumb/v7-m/nofp/libc_nano.a(libc_a-mallocr.o)
 .debug_info    0x0001a475      0x76b /usr/lib/gcc/arm-none-eabi/14.1.0/../../../../arm-none-eabi/lib/thumb/v7-m/nofp/libc_nano.a(libc_a-mlock.o)
 .debug_info    0x0001abe0     0x10c7 /usr/lib/gcc/arm-none-eabi/14.1.0/../../../../arm-none-eabi/lib/thumb/v7-m/nofp/libc_nano.a(libc_a-nano-svfprintf.o)
 .debug_info    0x0001bca7      0xde2 /usr/lib/gcc/arm-none-eabi/14.1.0/../../../../arm-none-eabi/lib/thumb/v7-m/nofp/libc_nano.a(libc_a-nano-vfprintf_i.o)
 .debug_info    0x0001ca89      0x10f /usr/lib/gcc/arm-none-eabi/14.1.0/../../../../arm-none-eabi/lib/thumb/v7-m/nofp/libc_nano.a(libc_a-memmove.o)
 .debug_info    0x0001cb98      0x782 /usr/lib/gcc/arm-none-eabi/14.1.0/../../../../arm-none-eabi/lib/thumb/v7-m/nofp/libc_nano.a(libc_a-sbrkr.o)
 .debug_info    0x0001d31a      0x110 /usr/lib/gcc/arm-none-eabi/14.1.0/../../../../arm-none-eabi/lib/thumb/v7-m/nofp/libc_nano.a(libc_a-memchr-stub.o)
 .debug_info    0x0001d42a      0x121 /usr/lib/gcc/arm-none-eabi/14.1.0/../../../../arm-none-eabi/lib/thumb/v7-m/nofp/libc_nano.a(libc_a-memcpy-stub.o)
 .debug_info    0x0001d54b      0x8cd /usr/lib/gcc/arm-none-eabi/14.1.0/../../../../arm-none-eabi/lib/thumb/v7-m/nofp/libc_nano.a(libc_a-reallocr.o)
 .debug_info    0x0001de18      0x794 /usr/lib/gcc/arm-none-eabi/14.1.0/../../../../arm-none-eabi/lib/thumb/v7-m/nofp/libc_nano.a(libc_a-msizer.o)

.debug_abbrev   0x00000000     0x48d8
 .debug_abbrev  0x00000000      0x340 build/main.o
 .debug_abbrev  0x00000340       0x80 build/stm32f1xx_it.o
 .debug_abbrev  0x000003c0       0xe7 build/stm32f1xx_hal_msp.o
 .debug_abbrev  0x000004a7      0x2bd build/stm32f1xx_hal_tim.o
 .debug_abbrev  0x00000764      0x2b7 build/stm32f1xx_hal_tim_ex.o
 .debug_abbrev  0x00000a1b      0x35f build/stm32f1xx_hal_uart.o
 .debug_abbrev  0x00000d7a      0x232 build/stm32f1xx_hal.o
 .debug_abbrev  0x00000fac      0x2d6 build/stm32f1xx_hal_rcc.o
 .debug_abbrev  0x00001282      0x222 build/stm32f1xx_hal_gpio.o
 .debug_abbrev  0x000014a4      0x3aa build/stm32f1xx_hal_cortex.o
 .debug_abbrev  0x0000184e      0x140 build/system_stm32f1xx.o
 .debug_abbrev  0x0000198e       0xeb build/sysmem.o
 .debug_abbrev  0x00001a79      0x14e build/gpio.o
 .debug_abbrev  0x00001bc7      0x1f6 build/i2c.o
 .debug_abbrev  0x00001dbd      0x1fd build/usart.o
 .debug_abbrev  0x00001fba      0x262 build/ds1307_for_stm32_hal.o
 .debug_abbrev  0x0000221c      0x31e build/stm32f1xx_hal_i2c.o
 .debug_abbrev  0x0000253a      0x26f build/tim.o
 .debug_abbrev  0x000027a9       0x1d build/startup_stm32f103xb.o
 .debug_abbrev  0x000027c6      0x424 /usr/lib/gcc/arm-none-eabi/14.1.0/../../../../arm-none-eabi/lib/thumb/v7-m/nofp/libc_nano.a(libc_a-findfp.o)
 .debug_abbrev  0x00002bea      0x21c /usr/lib/gcc/arm-none-eabi/14.1.0/../../../../arm-none-eabi/lib/thumb/v7-m/nofp/libc_nano.a(libc_a-sprintf.o)
 .debug_abbrev  0x00002e06       0x9e /usr/lib/gcc/arm-none-eabi/14.1.0/../../../../arm-none-eabi/lib/thumb/v7-m/nofp/libc_nano.a(libc_a-memset.o)
 .debug_abbrev  0x00002ea4      0x1f7 /usr/lib/gcc/arm-none-eabi/14.1.0/../../../../arm-none-eabi/lib/thumb/v7-m/nofp/libc_nano.a(libc_a-reent.o)
 .debug_abbrev  0x0000309b      0x149 /usr/lib/gcc/arm-none-eabi/14.1.0/../../../../arm-none-eabi/lib/thumb/v7-m/nofp/libc_nano.a(libc_a-impure.o)
 .debug_abbrev  0x000031e4      0x15e /usr/lib/gcc/arm-none-eabi/14.1.0/../../../../arm-none-eabi/lib/thumb/v7-m/nofp/libc_nano.a(libc_a-errno.o)
 .debug_abbrev  0x00003342       0xc9 /usr/lib/gcc/arm-none-eabi/14.1.0/../../../../arm-none-eabi/lib/thumb/v7-m/nofp/libc_nano.a(libc_a-init.o)
 .debug_abbrev  0x0000340b      0x115 /usr/lib/gcc/arm-none-eabi/14.1.0/../../../../arm-none-eabi/lib/thumb/v7-m/nofp/libc_nano.a(libc_a-lock.o)
 .debug_abbrev  0x00003520       0x28 /usr/lib/gcc/arm-none-eabi/14.1.0/../../../../arm-none-eabi/lib/thumb/v7-m/nofp/libc_nano.a(libc_a-strlen.o)
 .debug_abbrev  0x00003548      0x236 /usr/lib/gcc/arm-none-eabi/14.1.0/../../../../arm-none-eabi/lib/thumb/v7-m/nofp/libc_nano.a(libc_a-freer.o)
 .debug_abbrev  0x0000377e      0x24a /usr/lib/gcc/arm-none-eabi/14.1.0/../../../../arm-none-eabi/lib/thumb/v7-m/nofp/libc_nano.a(libc_a-mallocr.o)
 .debug_abbrev  0x000039c8      0x1bf /usr/lib/gcc/arm-none-eabi/14.1.0/../../../../arm-none-eabi/lib/thumb/v7-m/nofp/libc_nano.a(libc_a-mlock.o)
 .debug_abbrev  0x00003b87      0x31e /usr/lib/gcc/arm-none-eabi/14.1.0/../../../../arm-none-eabi/lib/thumb/v7-m/nofp/libc_nano.a(libc_a-nano-svfprintf.o)
 .debug_abbrev  0x00003ea5      0x28e /usr/lib/gcc/arm-none-eabi/14.1.0/../../../../arm-none-eabi/lib/thumb/v7-m/nofp/libc_nano.a(libc_a-nano-vfprintf_i.o)
 .debug_abbrev  0x00004133       0xac /usr/lib/gcc/arm-none-eabi/14.1.0/../../../../arm-none-eabi/lib/thumb/v7-m/nofp/libc_nano.a(libc_a-memmove.o)
 .debug_abbrev  0x000041df      0x1da /usr/lib/gcc/arm-none-eabi/14.1.0/../../../../arm-none-eabi/lib/thumb/v7-m/nofp/libc_nano.a(libc_a-sbrkr.o)
 .debug_abbrev  0x000043b9       0xb1 /usr/lib/gcc/arm-none-eabi/14.1.0/../../../../arm-none-eabi/lib/thumb/v7-m/nofp/libc_nano.a(libc_a-memchr-stub.o)
 .debug_abbrev  0x0000446a       0xc1 /usr/lib/gcc/arm-none-eabi/14.1.0/../../../../arm-none-eabi/lib/thumb/v7-m/nofp/libc_nano.a(libc_a-memcpy-stub.o)
 .debug_abbrev  0x0000452b      0x217 /usr/lib/gcc/arm-none-eabi/14.1.0/../../../../arm-none-eabi/lib/thumb/v7-m/nofp/libc_nano.a(libc_a-reallocr.o)
 .debug_abbrev  0x00004742      0x196 /usr/lib/gcc/arm-none-eabi/14.1.0/../../../../arm-none-eabi/lib/thumb/v7-m/nofp/libc_nano.a(libc_a-msizer.o)

.debug_loc      0x00000000    0x151e2
 .debug_loc     0x00000000      0x2b2 build/main.o
 .debug_loc     0x000002b2       0x20 build/stm32f1xx_it.o
 .debug_loc     0x000002d2       0x41 build/stm32f1xx_hal_msp.o
 .debug_loc     0x00000313     0x614f build/stm32f1xx_hal_tim.o
 .debug_loc     0x00006462     0x22b2 build/stm32f1xx_hal_tim_ex.o
 .debug_loc     0x00008714     0x520c build/stm32f1xx_hal_uart.o
 .debug_loc     0x0000d920      0x1f9 build/stm32f1xx_hal.o
 .debug_loc     0x0000db19      0x7c6 build/stm32f1xx_hal_rcc.o
 .debug_loc     0x0000e2df      0x55f build/stm32f1xx_hal_gpio.o
 .debug_loc     0x0000e83e      0x8b4 build/stm32f1xx_hal_cortex.o
 .debug_loc     0x0000f0f2      0x11b build/system_stm32f1xx.o
 .debug_loc     0x0000f20d       0x90 build/sysmem.o
 .debug_loc     0x0000f29d       0x39 build/gpio.o
 .debug_loc     0x0000f2d6      0x186 build/i2c.o
 .debug_loc     0x0000f45c      0x120 build/usart.o
 .debug_loc     0x0000f57c      0x702 build/ds1307_for_stm32_hal.o
 .debug_loc     0x0000fc7e     0x5460 build/stm32f1xx_hal_i2c.o
 .debug_loc     0x000150de      0x104 build/tim.o

.debug_aranges  0x00000000     0x12a8
 .debug_aranges
                0x00000000       0x58 build/main.o
 .debug_aranges
                0x00000058       0x60 build/stm32f1xx_it.o
 .debug_aranges
                0x000000b8       0x20 build/stm32f1xx_hal_msp.o
 .debug_aranges
                0x000000d8      0x3d0 build/stm32f1xx_hal_tim.o
 .debug_aranges
                0x000004a8      0x168 build/stm32f1xx_hal_tim_ex.o
 .debug_aranges
                0x00000610      0x208 build/stm32f1xx_hal_uart.o
 .debug_aranges
                0x00000818       0xe0 build/stm32f1xx_hal.o
 .debug_aranges
                0x000008f8       0x90 build/stm32f1xx_hal_rcc.o
 .debug_aranges
                0x00000988       0x58 build/stm32f1xx_hal_gpio.o
 .debug_aranges
                0x000009e0       0xc0 build/stm32f1xx_hal_cortex.o
 .debug_aranges
                0x00000aa0       0x28 build/system_stm32f1xx.o
 .debug_aranges
                0x00000ac8       0x20 build/sysmem.o
 .debug_aranges
                0x00000ae8       0x20 build/gpio.o
 .debug_aranges
                0x00000b08       0x38 build/i2c.o
 .debug_aranges
                0x00000b40       0x30 build/usart.o
 .debug_aranges
                0x00000b70       0xe8 build/ds1307_for_stm32_hal.o
 .debug_aranges
                0x00000c58      0x2a8 build/stm32f1xx_hal_i2c.o
 .debug_aranges
                0x00000f00       0x38 build/tim.o
 .debug_aranges
                0x00000f38       0x28 build/startup_stm32f103xb.o
 .debug_aranges
                0x00000f60       0x78 /usr/lib/gcc/arm-none-eabi/14.1.0/../../../../arm-none-eabi/lib/thumb/v7-m/nofp/libc_nano.a(libc_a-findfp.o)
 .debug_aranges
                0x00000fd8       0x28 /usr/lib/gcc/arm-none-eabi/14.1.0/../../../../arm-none-eabi/lib/thumb/v7-m/nofp/libc_nano.a(libc_a-sprintf.o)
 .debug_aranges
                0x00001000       0x20 /usr/lib/gcc/arm-none-eabi/14.1.0/../../../../arm-none-eabi/lib/thumb/v7-m/nofp/libc_nano.a(libc_a-memset.o)
 .debug_aranges
                0x00001020       0x20 /usr/lib/gcc/arm-none-eabi/14.1.0/../../../../arm-none-eabi/lib/thumb/v7-m/nofp/libc_nano.a(libc_a-reent.o)
 .debug_aranges
                0x00001040       0x18 /usr/lib/gcc/arm-none-eabi/14.1.0/../../../../arm-none-eabi/lib/thumb/v7-m/nofp/libc_nano.a(libc_a-impure.o)
 .debug_aranges
                0x00001058       0x20 /usr/lib/gcc/arm-none-eabi/14.1.0/../../../../arm-none-eabi/lib/thumb/v7-m/nofp/libc_nano.a(libc_a-errno.o)
 .debug_aranges
                0x00001078       0x20 /usr/lib/gcc/arm-none-eabi/14.1.0/../../../../arm-none-eabi/lib/thumb/v7-m/nofp/libc_nano.a(libc_a-init.o)
 .debug_aranges
                0x00001098       0x68 /usr/lib/gcc/arm-none-eabi/14.1.0/../../../../arm-none-eabi/lib/thumb/v7-m/nofp/libc_nano.a(libc_a-lock.o)
 .debug_aranges
                0x00001100       0x20 /usr/lib/gcc/arm-none-eabi/14.1.0/../../../../arm-none-eabi/lib/thumb/v7-m/nofp/libc_nano.a(libc_a-strlen.o)
 .debug_aranges
                0x00001120       0x20 /usr/lib/gcc/arm-none-eabi/14.1.0/../../../../arm-none-eabi/lib/thumb/v7-m/nofp/libc_nano.a(libc_a-freer.o)
 .debug_aranges
                0x00001140       0x28 /usr/lib/gcc/arm-none-eabi/14.1.0/../../../../arm-none-eabi/lib/thumb/v7-m/nofp/libc_nano.a(libc_a-mallocr.o)
 .debug_aranges
                0x00001168       0x28 /usr/lib/gcc/arm-none-eabi/14.1.0/../../../../arm-none-eabi/lib/thumb/v7-m/nofp/libc_nano.a(libc_a-mlock.o)
 .debug_aranges
                0x00001190       0x30 /usr/lib/gcc/arm-none-eabi/14.1.0/../../../../arm-none-eabi/lib/thumb/v7-m/nofp/libc_nano.a(libc_a-nano-svfprintf.o)
 .debug_aranges
                0x000011c0       0x28 /usr/lib/gcc/arm-none-eabi/14.1.0/../../../../arm-none-eabi/lib/thumb/v7-m/nofp/libc_nano.a(libc_a-nano-vfprintf_i.o)
 .debug_aranges
                0x000011e8       0x20 /usr/lib/gcc/arm-none-eabi/14.1.0/../../../../arm-none-eabi/lib/thumb/v7-m/nofp/libc_nano.a(libc_a-memmove.o)
 .debug_aranges
                0x00001208       0x20 /usr/lib/gcc/arm-none-eabi/14.1.0/../../../../arm-none-eabi/lib/thumb/v7-m/nofp/libc_nano.a(libc_a-sbrkr.o)
 .debug_aranges
                0x00001228       0x20 /usr/lib/gcc/arm-none-eabi/14.1.0/../../../../arm-none-eabi/lib/thumb/v7-m/nofp/libc_nano.a(libc_a-memchr-stub.o)
 .debug_aranges
                0x00001248       0x20 /usr/lib/gcc/arm-none-eabi/14.1.0/../../../../arm-none-eabi/lib/thumb/v7-m/nofp/libc_nano.a(libc_a-memcpy-stub.o)
 .debug_aranges
                0x00001268       0x20 /usr/lib/gcc/arm-none-eabi/14.1.0/../../../../arm-none-eabi/lib/thumb/v7-m/nofp/libc_nano.a(libc_a-reallocr.o)
 .debug_aranges
                0x00001288       0x20 /usr/lib/gcc/arm-none-eabi/14.1.0/../../../../arm-none-eabi/lib/thumb/v7-m/nofp/libc_nano.a(libc_a-msizer.o)

.debug_ranges   0x00000000      0xe88
 .debug_ranges  0x00000000       0x48 build/main.o
 .debug_ranges  0x00000048       0x50 build/stm32f1xx_it.o
 .debug_ranges  0x00000098       0x10 build/stm32f1xx_hal_msp.o
 .debug_ranges  0x000000a8      0x3c0 build/stm32f1xx_hal_tim.o
 .debug_ranges  0x00000468      0x158 build/stm32f1xx_hal_tim_ex.o
 .debug_ranges  0x000005c0      0x210 build/stm32f1xx_hal_uart.o
 .debug_ranges  0x000007d0       0xd0 build/stm32f1xx_hal.o
 .debug_ranges  0x000008a0       0xa0 build/stm32f1xx_hal_rcc.o
 .debug_ranges  0x00000940       0x48 build/stm32f1xx_hal_gpio.o
 .debug_ranges  0x00000988       0xb0 build/stm32f1xx_hal_cortex.o
 .debug_ranges  0x00000a38       0x18 build/system_stm32f1xx.o
 .debug_ranges  0x00000a50       0x10 build/sysmem.o
 .debug_ranges  0x00000a60       0x10 build/gpio.o
 .debug_ranges  0x00000a70       0x28 build/i2c.o
 .debug_ranges  0x00000a98       0x20 build/usart.o
 .debug_ranges  0x00000ab8       0xd8 build/ds1307_for_stm32_hal.o
 .debug_ranges  0x00000b90      0x2b0 build/stm32f1xx_hal_i2c.o
 .debug_ranges  0x00000e40       0x28 build/tim.o
 .debug_ranges  0x00000e68       0x20 build/startup_stm32f103xb.o

.debug_line     0x00000000    0x15032
 .debug_line    0x00000000      0x4b5 build/main.o
 .debug_line    0x000004b5      0x138 build/stm32f1xx_it.o
 .debug_line    0x000005ed      0x100 build/stm32f1xx_hal_msp.o
 .debug_line    0x000006ed     0x4545 build/stm32f1xx_hal_tim.o
 .debug_line    0x00004c32     0x192b build/stm32f1xx_hal_tim_ex.o
 .debug_line    0x0000655d     0x3490 build/stm32f1xx_hal_uart.o
 .debug_line    0x000099ed      0x4b6 build/stm32f1xx_hal.o
 .debug_line    0x00009ea3      0xc40 build/stm32f1xx_hal_rcc.o
 .debug_line    0x0000aae3      0x551 build/stm32f1xx_hal_gpio.o
 .debug_line    0x0000b034      0x62f build/stm32f1xx_hal_cortex.o
 .debug_line    0x0000b663      0x1c8 build/system_stm32f1xx.o
 .debug_line    0x0000b82b      0x137 build/sysmem.o
 .debug_line    0x0000b962      0x1b8 build/gpio.o
 .debug_line    0x0000bb1a      0x323 build/i2c.o
 .debug_line    0x0000be3d      0x275 build/usart.o
 .debug_line    0x0000c0b2      0x4ff build/ds1307_for_stm32_hal.o
 .debug_line    0x0000c5b1     0x54d7 build/stm32f1xx_hal_i2c.o
 .debug_line    0x00011a88      0x312 build/tim.o
 .debug_line    0x00011d9a       0x71 build/startup_stm32f103xb.o
 .debug_line    0x00011e0b      0x582 /usr/lib/gcc/arm-none-eabi/14.1.0/../../../../arm-none-eabi/lib/thumb/v7-m/nofp/libc_nano.a(libc_a-findfp.o)
 .debug_line    0x0001238d      0x25a /usr/lib/gcc/arm-none-eabi/14.1.0/../../../../arm-none-eabi/lib/thumb/v7-m/nofp/libc_nano.a(libc_a-sprintf.o)
 .debug_line    0x000125e7      0x123 /usr/lib/gcc/arm-none-eabi/14.1.0/../../../../arm-none-eabi/lib/thumb/v7-m/nofp/libc_nano.a(libc_a-memset.o)
 .debug_line    0x0001270a      0x294 /usr/lib/gcc/arm-none-eabi/14.1.0/../../../../arm-none-eabi/lib/thumb/v7-m/nofp/libc_nano.a(libc_a-reent.o)
 .debug_line    0x0001299e      0x108 /usr/lib/gcc/arm-none-eabi/14.1.0/../../../../arm-none-eabi/lib/thumb/v7-m/nofp/libc_nano.a(libc_a-impure.o)
 .debug_line    0x00012aa6      0x12a /usr/lib/gcc/arm-none-eabi/14.1.0/../../../../arm-none-eabi/lib/thumb/v7-m/nofp/libc_nano.a(libc_a-errno.o)
 .debug_line    0x00012bd0      0x112 /usr/lib/gcc/arm-none-eabi/14.1.0/../../../../arm-none-eabi/lib/thumb/v7-m/nofp/libc_nano.a(libc_a-init.o)
 .debug_line    0x00012ce2      0x17d /usr/lib/gcc/arm-none-eabi/14.1.0/../../../../arm-none-eabi/lib/thumb/v7-m/nofp/libc_nano.a(libc_a-lock.o)
 .debug_line    0x00012e5f       0x4f /usr/lib/gcc/arm-none-eabi/14.1.0/../../../../arm-none-eabi/lib/thumb/v7-m/nofp/libc_nano.a(libc_a-strlen.o)
 .debug_line    0x00012eae      0x2b3 /usr/lib/gcc/arm-none-eabi/14.1.0/../../../../arm-none-eabi/lib/thumb/v7-m/nofp/libc_nano.a(libc_a-freer.o)
 .debug_line    0x00013161      0x486 /usr/lib/gcc/arm-none-eabi/14.1.0/../../../../arm-none-eabi/lib/thumb/v7-m/nofp/libc_nano.a(libc_a-mallocr.o)
 .debug_line    0x000135e7      0x18a /usr/lib/gcc/arm-none-eabi/14.1.0/../../../../arm-none-eabi/lib/thumb/v7-m/nofp/libc_nano.a(libc_a-mlock.o)
 .debug_line    0x00013771      0x826 /usr/lib/gcc/arm-none-eabi/14.1.0/../../../../arm-none-eabi/lib/thumb/v7-m/nofp/libc_nano.a(libc_a-nano-svfprintf.o)
 .debug_line    0x00013f97      0x6a9 /usr/lib/gcc/arm-none-eabi/14.1.0/../../../../arm-none-eabi/lib/thumb/v7-m/nofp/libc_nano.a(libc_a-nano-vfprintf_i.o)
 .debug_line    0x00014640      0x160 /usr/lib/gcc/arm-none-eabi/14.1.0/../../../../arm-none-eabi/lib/thumb/v7-m/nofp/libc_nano.a(libc_a-memmove.o)
 .debug_line    0x000147a0      0x1bc /usr/lib/gcc/arm-none-eabi/14.1.0/../../../../arm-none-eabi/lib/thumb/v7-m/nofp/libc_nano.a(libc_a-sbrkr.o)
 .debug_line    0x0001495c      0x18d /usr/lib/gcc/arm-none-eabi/14.1.0/../../../../arm-none-eabi/lib/thumb/v7-m/nofp/libc_nano.a(libc_a-memchr-stub.o)
 .debug_line    0x00014ae9      0x196 /usr/lib/gcc/arm-none-eabi/14.1.0/../../../../arm-none-eabi/lib/thumb/v7-m/nofp/libc_nano.a(libc_a-memcpy-stub.o)
 .debug_line    0x00014c7f      0x211 /usr/lib/gcc/arm-none-eabi/14.1.0/../../../../arm-none-eabi/lib/thumb/v7-m/nofp/libc_nano.a(libc_a-reallocr.o)
 .debug_line    0x00014e90      0x1a2 /usr/lib/gcc/arm-none-eabi/14.1.0/../../../../arm-none-eabi/lib/thumb/v7-m/nofp/libc_nano.a(libc_a-msizer.o)

.debug_str      0x00000000     0x553c
 .debug_str     0x00000000     0x553c build/main.o
                               0x100d (size before relaxing)
 .debug_str     0x0000553c      0x1f6 build/stm32f1xx_it.o
 .debug_str     0x0000553c      0x1f3 build/stm32f1xx_hal_msp.o
 .debug_str     0x0000553c     0x164e build/stm32f1xx_hal_tim.o
 .debug_str     0x0000553c      0xe6a build/stm32f1xx_hal_tim_ex.o
 .debug_str     0x0000553c      0xccd build/stm32f1xx_hal_uart.o
 .debug_str     0x0000553c      0x807 build/stm32f1xx_hal.o
 .debug_str     0x0000553c      0x604 build/stm32f1xx_hal_rcc.o
 .debug_str     0x0000553c      0x3d9 build/stm32f1xx_hal_gpio.o
 .debug_str     0x0000553c      0x8ac build/stm32f1xx_hal_cortex.o
 .debug_str     0x0000553c      0x228 build/system_stm32f1xx.o
 .debug_str     0x0000553c      0x1ec build/sysmem.o
 .debug_str     0x0000553c      0x25f build/gpio.o
 .debug_str     0x0000553c      0x72d build/i2c.o
 .debug_str     0x0000553c      0x6a6 build/usart.o
 .debug_str     0x0000553c      0x931 build/ds1307_for_stm32_hal.o
 .debug_str     0x0000553c      0xf9e build/stm32f1xx_hal_i2c.o
 .debug_str     0x0000553c      0x901 build/tim.o
 .debug_str     0x0000553c       0x6b build/startup_stm32f103xb.o
 .debug_str     0x0000553c      0x75a /usr/lib/gcc/arm-none-eabi/14.1.0/../../../../arm-none-eabi/lib/thumb/v7-m/nofp/libc_nano.a(libc_a-findfp.o)
 .debug_str     0x0000553c      0x516 /usr/lib/gcc/arm-none-eabi/14.1.0/../../../../arm-none-eabi/lib/thumb/v7-m/nofp/libc_nano.a(libc_a-sprintf.o)
 .debug_str     0x0000553c      0x1b7 /usr/lib/gcc/arm-none-eabi/14.1.0/../../../../arm-none-eabi/lib/thumb/v7-m/nofp/libc_nano.a(libc_a-memset.o)
 .debug_str     0x0000553c      0x4f6 /usr/lib/gcc/arm-none-eabi/14.1.0/../../../../arm-none-eabi/lib/thumb/v7-m/nofp/libc_nano.a(libc_a-reent.o)
 .debug_str     0x0000553c      0x4d7 /usr/lib/gcc/arm-none-eabi/14.1.0/../../../../arm-none-eabi/lib/thumb/v7-m/nofp/libc_nano.a(libc_a-impure.o)
 .debug_str     0x0000553c      0x4d1 /usr/lib/gcc/arm-none-eabi/14.1.0/../../../../arm-none-eabi/lib/thumb/v7-m/nofp/libc_nano.a(libc_a-errno.o)
 .debug_str     0x0000553c      0x218 /usr/lib/gcc/arm-none-eabi/14.1.0/../../../../arm-none-eabi/lib/thumb/v7-m/nofp/libc_nano.a(libc_a-init.o)
 .debug_str     0x0000553c      0x34e /usr/lib/gcc/arm-none-eabi/14.1.0/../../../../arm-none-eabi/lib/thumb/v7-m/nofp/libc_nano.a(libc_a-lock.o)
 .debug_str     0x0000553c       0xb6 /usr/lib/gcc/arm-none-eabi/14.1.0/../../../../arm-none-eabi/lib/thumb/v7-m/nofp/libc_nano.a(libc_a-strlen.o)
 .debug_str     0x0000553c      0x557 /usr/lib/gcc/arm-none-eabi/14.1.0/../../../../arm-none-eabi/lib/thumb/v7-m/nofp/libc_nano.a(libc_a-freer.o)
 .debug_str     0x0000553c      0x5b8 /usr/lib/gcc/arm-none-eabi/14.1.0/../../../../arm-none-eabi/lib/thumb/v7-m/nofp/libc_nano.a(libc_a-mallocr.o)
 .debug_str     0x0000553c      0x559 /usr/lib/gcc/arm-none-eabi/14.1.0/../../../../arm-none-eabi/lib/thumb/v7-m/nofp/libc_nano.a(libc_a-mlock.o)
 .debug_str     0x0000553c      0x820 /usr/lib/gcc/arm-none-eabi/14.1.0/../../../../arm-none-eabi/lib/thumb/v7-m/nofp/libc_nano.a(libc_a-nano-svfprintf.o)
 .debug_str     0x0000553c      0x7b6 /usr/lib/gcc/arm-none-eabi/14.1.0/../../../../arm-none-eabi/lib/thumb/v7-m/nofp/libc_nano.a(libc_a-nano-vfprintf_i.o)
 .debug_str     0x0000553c      0x1d2 /usr/lib/gcc/arm-none-eabi/14.1.0/../../../../arm-none-eabi/lib/thumb/v7-m/nofp/libc_nano.a(libc_a-memmove.o)
 .debug_str     0x0000553c      0x4e0 /usr/lib/gcc/arm-none-eabi/14.1.0/../../../../arm-none-eabi/lib/thumb/v7-m/nofp/libc_nano.a(libc_a-sbrkr.o)
 .debug_str     0x0000553c      0x1d1 /usr/lib/gcc/arm-none-eabi/14.1.0/../../../../arm-none-eabi/lib/thumb/v7-m/nofp/libc_nano.a(libc_a-memchr-stub.o)
 .debug_str     0x0000553c      0x1d5 /usr/lib/gcc/arm-none-eabi/14.1.0/../../../../arm-none-eabi/lib/thumb/v7-m/nofp/libc_nano.a(libc_a-memcpy-stub.o)
 .debug_str     0x0000553c      0x54d /usr/lib/gcc/arm-none-eabi/14.1.0/../../../../arm-none-eabi/lib/thumb/v7-m/nofp/libc_nano.a(libc_a-reallocr.o)
 .debug_str     0x0000553c      0x520 /usr/lib/gcc/arm-none-eabi/14.1.0/../../../../arm-none-eabi/lib/thumb/v7-m/nofp/libc_nano.a(libc_a-msizer.o)

.comment        0x00000000       0x3c
 .comment       0x00000000       0x3c build/main.o
                                 0x1f (size before relaxing)
 .comment       0x0000003c       0x1f build/stm32f1xx_it.o
 .comment       0x0000003c       0x1f build/stm32f1xx_hal_msp.o
 .comment       0x0000003c       0x1f build/stm32f1xx_hal_tim.o
 .comment       0x0000003c       0x1f build/stm32f1xx_hal_tim_ex.o
 .comment       0x0000003c       0x1f build/stm32f1xx_hal_uart.o
 .comment       0x0000003c       0x1f build/stm32f1xx_hal.o
 .comment       0x0000003c       0x1f build/stm32f1xx_hal_rcc.o
 .comment       0x0000003c       0x1f build/stm32f1xx_hal_gpio.o
 .comment       0x0000003c       0x1f build/stm32f1xx_hal_cortex.o
 .comment       0x0000003c       0x1f build/system_stm32f1xx.o
 .comment       0x0000003c       0x1f build/sysmem.o
 .comment       0x0000003c       0x1f build/gpio.o
 .comment       0x0000003c       0x1f build/i2c.o
 .comment       0x0000003c       0x1f build/usart.o
 .comment       0x0000003c       0x1f build/ds1307_for_stm32_hal.o
 .comment       0x0000003c       0x1f build/stm32f1xx_hal_i2c.o
 .comment       0x0000003c       0x1f build/tim.o
 .comment       0x0000003c       0x1f /usr/lib/gcc/arm-none-eabi/14.1.0/../../../../arm-none-eabi/lib/thumb/v7-m/nofp/libc_nano.a(libc_a-findfp.o)
 .comment       0x0000003c       0x1f /usr/lib/gcc/arm-none-eabi/14.1.0/../../../../arm-none-eabi/lib/thumb/v7-m/nofp/libc_nano.a(libc_a-sprintf.o)
 .comment       0x0000003c       0x1f /usr/lib/gcc/arm-none-eabi/14.1.0/../../../../arm-none-eabi/lib/thumb/v7-m/nofp/libc_nano.a(libc_a-memset.o)
 .comment       0x0000003c       0x1f /usr/lib/gcc/arm-none-eabi/14.1.0/../../../../arm-none-eabi/lib/thumb/v7-m/nofp/libc_nano.a(libc_a-reent.o)
 .comment       0x0000003c       0x1f /usr/lib/gcc/arm-none-eabi/14.1.0/../../../../arm-none-eabi/lib/thumb/v7-m/nofp/libc_nano.a(libc_a-impure.o)
 .comment       0x0000003c       0x1f /usr/lib/gcc/arm-none-eabi/14.1.0/../../../../arm-none-eabi/lib/thumb/v7-m/nofp/libc_nano.a(libc_a-errno.o)
 .comment       0x0000003c       0x1f /usr/lib/gcc/arm-none-eabi/14.1.0/../../../../arm-none-eabi/lib/thumb/v7-m/nofp/libc_nano.a(libc_a-init.o)
 .comment       0x0000003c       0x1f /usr/lib/gcc/arm-none-eabi/14.1.0/../../../../arm-none-eabi/lib/thumb/v7-m/nofp/libc_nano.a(libc_a-lock.o)
 .comment       0x0000003c       0x1f /usr/lib/gcc/arm-none-eabi/14.1.0/../../../../arm-none-eabi/lib/thumb/v7-m/nofp/libc_nano.a(libc_a-freer.o)
 .comment       0x0000003c       0x1f /usr/lib/gcc/arm-none-eabi/14.1.0/../../../../arm-none-eabi/lib/thumb/v7-m/nofp/libc_nano.a(libc_a-mallocr.o)
 .comment       0x0000003c       0x1f /usr/lib/gcc/arm-none-eabi/14.1.0/../../../../arm-none-eabi/lib/thumb/v7-m/nofp/libc_nano.a(libc_a-mlock.o)
 .comment       0x0000003c       0x1f /usr/lib/gcc/arm-none-eabi/14.1.0/../../../../arm-none-eabi/lib/thumb/v7-m/nofp/libc_nano.a(libc_a-nano-svfprintf.o)
 .comment       0x0000003c       0x1f /usr/lib/gcc/arm-none-eabi/14.1.0/../../../../arm-none-eabi/lib/thumb/v7-m/nofp/libc_nano.a(libc_a-nano-vfprintf_i.o)
 .comment       0x0000003c       0x1f /usr/lib/gcc/arm-none-eabi/14.1.0/../../../../arm-none-eabi/lib/thumb/v7-m/nofp/libc_nano.a(libc_a-memmove.o)
 .comment       0x0000003c       0x1f /usr/lib/gcc/arm-none-eabi/14.1.0/../../../../arm-none-eabi/lib/thumb/v7-m/nofp/libc_nano.a(libc_a-sbrkr.o)
 .comment       0x0000003c       0x1f /usr/lib/gcc/arm-none-eabi/14.1.0/../../../../arm-none-eabi/lib/thumb/v7-m/nofp/libc_nano.a(libc_a-memchr-stub.o)
 .comment       0x0000003c       0x1f /usr/lib/gcc/arm-none-eabi/14.1.0/../../../../arm-none-eabi/lib/thumb/v7-m/nofp/libc_nano.a(libc_a-memcpy-stub.o)
 .comment       0x0000003c       0x1f /usr/lib/gcc/arm-none-eabi/14.1.0/../../../../arm-none-eabi/lib/thumb/v7-m/nofp/libc_nano.a(libc_a-reallocr.o)
 .comment       0x0000003c       0x1f /usr/lib/gcc/arm-none-eabi/14.1.0/../../../../arm-none-eabi/lib/thumb/v7-m/nofp/libc_nano.a(libc_a-msizer.o)

.debug_frame    0x00000000     0x3028
 .debug_frame   0x00000000       0xe8 build/main.o
 .debug_frame   0x000000e8       0xa8 build/stm32f1xx_it.o
 .debug_frame   0x00000190       0x28 build/stm32f1xx_hal_msp.o
 .debug_frame   0x000001b8      0xb14 build/stm32f1xx_hal_tim.o
 .debug_frame   0x00000ccc      0x418 build/stm32f1xx_hal_tim_ex.o
 .debug_frame   0x000010e4      0x5d4 build/stm32f1xx_hal_uart.o
 .debug_frame   0x000016b8      0x1cc build/stm32f1xx_hal.o
 .debug_frame   0x00001884      0x184 build/stm32f1xx_hal_rcc.o
 .debug_frame   0x00001a08       0xe4 build/stm32f1xx_hal_gpio.o
 .debug_frame   0x00001aec      0x19c build/stm32f1xx_hal_cortex.o
 .debug_frame   0x00001c88       0x30 build/system_stm32f1xx.o
 .debug_frame   0x00001cb8       0x28 build/sysmem.o
 .debug_frame   0x00001ce0       0x3c build/gpio.o
 .debug_frame   0x00001d1c       0x78 build/i2c.o
 .debug_frame   0x00001d94       0x64 build/usart.o
 .debug_frame   0x00001df8      0x280 build/ds1307_for_stm32_hal.o
 .debug_frame   0x00002078      0x984 build/stm32f1xx_hal_i2c.o
 .debug_frame   0x000029fc       0x78 build/tim.o
 .debug_frame   0x00002a74      0x144 /usr/lib/gcc/arm-none-eabi/14.1.0/../../../../arm-none-eabi/lib/thumb/v7-m/nofp/libc_nano.a(libc_a-findfp.o)
 .debug_frame   0x00002bb8       0x74 /usr/lib/gcc/arm-none-eabi/14.1.0/../../../../arm-none-eabi/lib/thumb/v7-m/nofp/libc_nano.a(libc_a-sprintf.o)
 .debug_frame   0x00002c2c       0x20 /usr/lib/gcc/arm-none-eabi/14.1.0/../../../../arm-none-eabi/lib/thumb/v7-m/nofp/libc_nano.a(libc_a-memset.o)
 .debug_frame   0x00002c4c       0x38 /usr/lib/gcc/arm-none-eabi/14.1.0/../../../../arm-none-eabi/lib/thumb/v7-m/nofp/libc_nano.a(libc_a-reent.o)
 .debug_frame   0x00002c84       0x20 /usr/lib/gcc/arm-none-eabi/14.1.0/../../../../arm-none-eabi/lib/thumb/v7-m/nofp/libc_nano.a(libc_a-errno.o)
 .debug_frame   0x00002ca4       0x2c /usr/lib/gcc/arm-none-eabi/14.1.0/../../../../arm-none-eabi/lib/thumb/v7-m/nofp/libc_nano.a(libc_a-init.o)
 .debug_frame   0x00002cd0       0xb0 /usr/lib/gcc/arm-none-eabi/14.1.0/../../../../arm-none-eabi/lib/thumb/v7-m/nofp/libc_nano.a(libc_a-lock.o)
 .debug_frame   0x00002d80       0x38 /usr/lib/gcc/arm-none-eabi/14.1.0/../../../../arm-none-eabi/lib/thumb/v7-m/nofp/libc_nano.a(libc_a-freer.o)
 .debug_frame   0x00002db8       0x50 /usr/lib/gcc/arm-none-eabi/14.1.0/../../../../arm-none-eabi/lib/thumb/v7-m/nofp/libc_nano.a(libc_a-mallocr.o)
 .debug_frame   0x00002e08       0x30 /usr/lib/gcc/arm-none-eabi/14.1.0/../../../../arm-none-eabi/lib/thumb/v7-m/nofp/libc_nano.a(libc_a-mlock.o)
 .debug_frame   0x00002e38       0x90 /usr/lib/gcc/arm-none-eabi/14.1.0/../../../../arm-none-eabi/lib/thumb/v7-m/nofp/libc_nano.a(libc_a-nano-svfprintf.o)
 .debug_frame   0x00002ec8       0x60 /usr/lib/gcc/arm-none-eabi/14.1.0/../../../../arm-none-eabi/lib/thumb/v7-m/nofp/libc_nano.a(libc_a-nano-vfprintf_i.o)
 .debug_frame   0x00002f28       0x28 /usr/lib/gcc/arm-none-eabi/14.1.0/../../../../arm-none-eabi/lib/thumb/v7-m/nofp/libc_nano.a(libc_a-memmove.o)
 .debug_frame   0x00002f50       0x2c /usr/lib/gcc/arm-none-eabi/14.1.0/../../../../arm-none-eabi/lib/thumb/v7-m/nofp/libc_nano.a(libc_a-sbrkr.o)
 .debug_frame   0x00002f7c       0x28 /usr/lib/gcc/arm-none-eabi/14.1.0/../../../../arm-none-eabi/lib/thumb/v7-m/nofp/libc_nano.a(libc_a-memchr-stub.o)
 .debug_frame   0x00002fa4       0x28 /usr/lib/gcc/arm-none-eabi/14.1.0/../../../../arm-none-eabi/lib/thumb/v7-m/nofp/libc_nano.a(libc_a-memcpy-stub.o)
 .debug_frame   0x00002fcc       0x3c /usr/lib/gcc/arm-none-eabi/14.1.0/../../../../arm-none-eabi/lib/thumb/v7-m/nofp/libc_nano.a(libc_a-reallocr.o)
 .debug_frame   0x00003008       0x20 /usr/lib/gcc/arm-none-eabi/14.1.0/../../../../arm-none-eabi/lib/thumb/v7-m/nofp/libc_nano.a(libc_a-msizer.o)

.debug_loclists
                0x00000000     0x1580
 .debug_loclists
                0x00000000      0x2ac /usr/lib/gcc/arm-none-eabi/14.1.0/../../../../arm-none-eabi/lib/thumb/v7-m/nofp/libc_nano.a(libc_a-findfp.o)
 .debug_loclists
                0x000002ac       0x9b /usr/lib/gcc/arm-none-eabi/14.1.0/../../../../arm-none-eabi/lib/thumb/v7-m/nofp/libc_nano.a(libc_a-sprintf.o)
 .debug_loclists
                0x00000347       0x3b /usr/lib/gcc/arm-none-eabi/14.1.0/../../../../arm-none-eabi/lib/thumb/v7-m/nofp/libc_nano.a(libc_a-memset.o)
 .debug_loclists
                0x00000382       0x9c /usr/lib/gcc/arm-none-eabi/14.1.0/../../../../arm-none-eabi/lib/thumb/v7-m/nofp/libc_nano.a(libc_a-reent.o)
 .debug_loclists
                0x0000041e       0x34 /usr/lib/gcc/arm-none-eabi/14.1.0/../../../../arm-none-eabi/lib/thumb/v7-m/nofp/libc_nano.a(libc_a-init.o)
 .debug_loclists
                0x00000452       0x29 /usr/lib/gcc/arm-none-eabi/14.1.0/../../../../arm-none-eabi/lib/thumb/v7-m/nofp/libc_nano.a(libc_a-lock.o)
 .debug_loclists
                0x0000047b       0xe0 /usr/lib/gcc/arm-none-eabi/14.1.0/../../../../arm-none-eabi/lib/thumb/v7-m/nofp/libc_nano.a(libc_a-freer.o)
 .debug_loclists
                0x0000055b      0x23a /usr/lib/gcc/arm-none-eabi/14.1.0/../../../../arm-none-eabi/lib/thumb/v7-m/nofp/libc_nano.a(libc_a-mallocr.o)
 .debug_loclists
                0x00000795       0x46 /usr/lib/gcc/arm-none-eabi/14.1.0/../../../../arm-none-eabi/lib/thumb/v7-m/nofp/libc_nano.a(libc_a-mlock.o)
 .debug_loclists
                0x000007db      0x470 /usr/lib/gcc/arm-none-eabi/14.1.0/../../../../arm-none-eabi/lib/thumb/v7-m/nofp/libc_nano.a(libc_a-nano-svfprintf.o)
 .debug_loclists
                0x00000c4b      0x44a /usr/lib/gcc/arm-none-eabi/14.1.0/../../../../arm-none-eabi/lib/thumb/v7-m/nofp/libc_nano.a(libc_a-nano-vfprintf_i.o)
 .debug_loclists
                0x00001095      0x149 /usr/lib/gcc/arm-none-eabi/14.1.0/../../../../arm-none-eabi/lib/thumb/v7-m/nofp/libc_nano.a(libc_a-memmove.o)
 .debug_loclists
                0x000011de       0x58 /usr/lib/gcc/arm-none-eabi/14.1.0/../../../../arm-none-eabi/lib/thumb/v7-m/nofp/libc_nano.a(libc_a-sbrkr.o)
 .debug_loclists
                0x00001236       0xf7 /usr/lib/gcc/arm-none-eabi/14.1.0/../../../../arm-none-eabi/lib/thumb/v7-m/nofp/libc_nano.a(libc_a-memchr-stub.o)
 .debug_loclists
                0x0000132d       0xad /usr/lib/gcc/arm-none-eabi/14.1.0/../../../../arm-none-eabi/lib/thumb/v7-m/nofp/libc_nano.a(libc_a-memcpy-stub.o)
 .debug_loclists
                0x000013da      0x13e /usr/lib/gcc/arm-none-eabi/14.1.0/../../../../arm-none-eabi/lib/thumb/v7-m/nofp/libc_nano.a(libc_a-reallocr.o)
 .debug_loclists
                0x00001518       0x68 /usr/lib/gcc/arm-none-eabi/14.1.0/../../../../arm-none-eabi/lib/thumb/v7-m/nofp/libc_nano.a(libc_a-msizer.o)

.debug_rnglists
                0x00000000      0x2c4
 .debug_rnglists
                0x00000000       0x7d /usr/lib/gcc/arm-none-eabi/14.1.0/../../../../arm-none-eabi/lib/thumb/v7-m/nofp/libc_nano.a(libc_a-findfp.o)
 .debug_rnglists
                0x0000007d       0x19 /usr/lib/gcc/arm-none-eabi/14.1.0/../../../../arm-none-eabi/lib/thumb/v7-m/nofp/libc_nano.a(libc_a-sprintf.o)
 .debug_rnglists
                0x00000096       0x13 /usr/lib/gcc/arm-none-eabi/14.1.0/../../../../arm-none-eabi/lib/thumb/v7-m/nofp/libc_nano.a(libc_a-memset.o)
 .debug_rnglists
                0x000000a9       0x2c /usr/lib/gcc/arm-none-eabi/14.1.0/../../../../arm-none-eabi/lib/thumb/v7-m/nofp/libc_nano.a(libc_a-reent.o)
 .debug_rnglists
                0x000000d5       0x13 /usr/lib/gcc/arm-none-eabi/14.1.0/../../../../arm-none-eabi/lib/thumb/v7-m/nofp/libc_nano.a(libc_a-errno.o)
 .debug_rnglists
                0x000000e8       0x13 /usr/lib/gcc/arm-none-eabi/14.1.0/../../../../arm-none-eabi/lib/thumb/v7-m/nofp/libc_nano.a(libc_a-init.o)
 .debug_rnglists
                0x000000fb       0x49 /usr/lib/gcc/arm-none-eabi/14.1.0/../../../../arm-none-eabi/lib/thumb/v7-m/nofp/libc_nano.a(libc_a-lock.o)
 .debug_rnglists
                0x00000144       0x14 /usr/lib/gcc/arm-none-eabi/14.1.0/../../../../arm-none-eabi/lib/thumb/v7-m/nofp/libc_nano.a(libc_a-freer.o)
 .debug_rnglists
                0x00000158       0x2c /usr/lib/gcc/arm-none-eabi/14.1.0/../../../../arm-none-eabi/lib/thumb/v7-m/nofp/libc_nano.a(libc_a-mallocr.o)
 .debug_rnglists
                0x00000184       0x19 /usr/lib/gcc/arm-none-eabi/14.1.0/../../../../arm-none-eabi/lib/thumb/v7-m/nofp/libc_nano.a(libc_a-mlock.o)
 .debug_rnglists
                0x0000019d       0x48 /usr/lib/gcc/arm-none-eabi/14.1.0/../../../../arm-none-eabi/lib/thumb/v7-m/nofp/libc_nano.a(libc_a-nano-svfprintf.o)
 .debug_rnglists
                0x000001e5       0x6d /usr/lib/gcc/arm-none-eabi/14.1.0/../../../../arm-none-eabi/lib/thumb/v7-m/nofp/libc_nano.a(libc_a-nano-vfprintf_i.o)
 .debug_rnglists
                0x00000252       0x13 /usr/lib/gcc/arm-none-eabi/14.1.0/../../../../arm-none-eabi/lib/thumb/v7-m/nofp/libc_nano.a(libc_a-memmove.o)
 .debug_rnglists
                0x00000265       0x13 /usr/lib/gcc/arm-none-eabi/14.1.0/../../../../arm-none-eabi/lib/thumb/v7-m/nofp/libc_nano.a(libc_a-sbrkr.o)
 .debug_rnglists
                0x00000278       0x13 /usr/lib/gcc/arm-none-eabi/14.1.0/../../../../arm-none-eabi/lib/thumb/v7-m/nofp/libc_nano.a(libc_a-memchr-stub.o)
 .debug_rnglists
                0x0000028b       0x13 /usr/lib/gcc/arm-none-eabi/14.1.0/../../../../arm-none-eabi/lib/thumb/v7-m/nofp/libc_nano.a(libc_a-memcpy-stub.o)
 .debug_rnglists
                0x0000029e       0x13 /usr/lib/gcc/arm-none-eabi/14.1.0/../../../../arm-none-eabi/lib/thumb/v7-m/nofp/libc_nano.a(libc_a-reallocr.o)
 .debug_rnglists
                0x000002b1       0x13 /usr/lib/gcc/arm-none-eabi/14.1.0/../../../../arm-none-eabi/lib/thumb/v7-m/nofp/libc_nano.a(libc_a-msizer.o)

.debug_line_str
                0x00000000       0xa3
 .debug_line_str
                0x00000000       0xa3 /usr/lib/gcc/arm-none-eabi/14.1.0/../../../../arm-none-eabi/lib/thumb/v7-m/nofp/libc_nano.a(libc_a-strlen.o)

Cross Reference Table

Symbol                                            File
ADC1_2_IRQHandler                                 build/startup_stm32f103xb.o
AHBPrescTable                                     build/system_stm32f1xx.o
                                                  build/stm32f1xx_hal_rcc.o
APBPrescTable                                     build/system_stm32f1xx.o
                                                  build/stm32f1xx_hal_rcc.o
Accel_Z_corrector                                 build/mpu6050.o
BusFault_Handler                                  build/stm32f1xx_it.o
CAN1_RX1_IRQHandler                               build/startup_stm32f103xb.o
CAN1_SCE_IRQHandler                               build/startup_stm32f103xb.o
DAYS_OF_WEEK                                      build/main.o
DMA1_Channel1_IRQHandler                          build/startup_stm32f103xb.o
DMA1_Channel2_IRQHandler                          build/startup_stm32f103xb.o
DMA1_Channel3_IRQHandler                          build/startup_stm32f103xb.o
DMA1_Channel4_IRQHandler                          build/startup_stm32f103xb.o
DMA1_Channel5_IRQHandler                          build/startup_stm32f103xb.o
DMA1_Channel6_IRQHandler                          build/startup_stm32f103xb.o
DMA1_Channel7_IRQHandler                          build/startup_stm32f103xb.o
DS1307_DecodeBCD                                  build/ds1307_for_stm32_hal.o
DS1307_EncodeBCD                                  build/ds1307_for_stm32_hal.o
DS1307_GetClockHalt                               build/ds1307_for_stm32_hal.o
DS1307_GetDate                                    build/ds1307_for_stm32_hal.o
                                                  build/main.o
DS1307_GetDayOfWeek                               build/ds1307_for_stm32_hal.o
                                                  build/main.o
DS1307_GetHour                                    build/ds1307_for_stm32_hal.o
                                                  build/main.o
DS1307_GetMinute                                  build/ds1307_for_stm32_hal.o
                                                  build/main.o
DS1307_GetMonth                                   build/ds1307_for_stm32_hal.o
                                                  build/main.o
DS1307_GetRegByte                                 build/ds1307_for_stm32_hal.o
DS1307_GetSecond                                  build/ds1307_for_stm32_hal.o
                                                  build/main.o
DS1307_GetTimeZoneHour                            build/ds1307_for_stm32_hal.o
                                                  build/main.o
DS1307_GetTimeZoneMin                             build/ds1307_for_stm32_hal.o
                                                  build/main.o
DS1307_GetYear                                    build/ds1307_for_stm32_hal.o
                                                  build/main.o
DS1307_Init                                       build/ds1307_for_stm32_hal.o
                                                  build/main.o
DS1307_SetClockHalt                               build/ds1307_for_stm32_hal.o
DS1307_SetDate                                    build/ds1307_for_stm32_hal.o
                                                  build/main.o
DS1307_SetDayOfWeek                               build/ds1307_for_stm32_hal.o
                                                  build/main.o
DS1307_SetEnableSquareWave                        build/ds1307_for_stm32_hal.o
DS1307_SetHour                                    build/ds1307_for_stm32_hal.o
                                                  build/main.o
DS1307_SetInterruptRate                           build/ds1307_for_stm32_hal.o
DS1307_SetMinute                                  build/ds1307_for_stm32_hal.o
                                                  build/main.o
DS1307_SetMonth                                   build/ds1307_for_stm32_hal.o
                                                  build/main.o
DS1307_SetRegByte                                 build/ds1307_for_stm32_hal.o
DS1307_SetSecond                                  build/ds1307_for_stm32_hal.o
                                                  build/main.o
DS1307_SetTimeZone                                build/ds1307_for_stm32_hal.o
                                                  build/main.o
DS1307_SetYear                                    build/ds1307_for_stm32_hal.o
                                                  build/main.o
DebugMon_Handler                                  build/stm32f1xx_it.o
Default_Handler                                   build/startup_stm32f103xb.o
EXTI0_IRQHandler                                  build/startup_stm32f103xb.o
EXTI15_10_IRQHandler                              build/startup_stm32f103xb.o
EXTI1_IRQHandler                                  build/startup_stm32f103xb.o
EXTI2_IRQHandler                                  build/startup_stm32f103xb.o
EXTI3_IRQHandler                                  build/startup_stm32f103xb.o
EXTI4_IRQHandler                                  build/startup_stm32f103xb.o
EXTI9_5_IRQHandler                                build/startup_stm32f103xb.o
Error_Handler                                     build/main.o
                                                  build/tim.o
                                                  build/usart.o
                                                  build/i2c.o
FLASH_IRQHandler                                  build/startup_stm32f103xb.o
FLASH_PageErase                                   build/stm32f1xx_hal_flash_ex.o
                                                  build/stm32f1xx_hal_flash.o
FLASH_WaitForLastOperation                        build/stm32f1xx_hal_flash.o
                                                  build/stm32f1xx_hal_flash_ex.o
HAL_DBGMCU_DisableDBGSleepMode                    build/stm32f1xx_hal.o
HAL_DBGMCU_DisableDBGStandbyMode                  build/stm32f1xx_hal.o
HAL_DBGMCU_DisableDBGStopMode                     build/stm32f1xx_hal.o
HAL_DBGMCU_EnableDBGSleepMode                     build/stm32f1xx_hal.o
HAL_DBGMCU_EnableDBGStandbyMode                   build/stm32f1xx_hal.o
HAL_DBGMCU_EnableDBGStopMode                      build/stm32f1xx_hal.o
HAL_DMA_Abort                                     build/stm32f1xx_hal_dma.o
                                                  build/stm32f1xx_hal_uart.o
HAL_DMA_Abort_IT                                  build/stm32f1xx_hal_dma.o
                                                  build/stm32f1xx_hal_i2c.o
                                                  build/stm32f1xx_hal_uart.o
                                                  build/stm32f1xx_hal_tim_ex.o
                                                  build/stm32f1xx_hal_tim.o
HAL_DMA_DeInit                                    build/stm32f1xx_hal_dma.o
HAL_DMA_GetError                                  build/stm32f1xx_hal_dma.o
                                                  build/stm32f1xx_hal_uart.o
HAL_DMA_GetState                                  build/stm32f1xx_hal_dma.o
                                                  build/stm32f1xx_hal_i2c.o
HAL_DMA_IRQHandler                                build/stm32f1xx_hal_dma.o
HAL_DMA_Init                                      build/stm32f1xx_hal_dma.o
HAL_DMA_PollForTransfer                           build/stm32f1xx_hal_dma.o
HAL_DMA_RegisterCallback                          build/stm32f1xx_hal_dma.o
HAL_DMA_Start                                     build/stm32f1xx_hal_dma.o
HAL_DMA_Start_IT                                  build/stm32f1xx_hal_dma.o
                                                  build/stm32f1xx_hal_i2c.o
                                                  build/stm32f1xx_hal_uart.o
                                                  build/stm32f1xx_hal_tim_ex.o
                                                  build/stm32f1xx_hal_tim.o
HAL_DMA_UnRegisterCallback                        build/stm32f1xx_hal_dma.o
HAL_DeInit                                        build/stm32f1xx_hal.o
HAL_Delay                                         build/stm32f1xx_hal.o
                                                  build/main.o
HAL_EXTI_ClearConfigLine                          build/stm32f1xx_hal_exti.o
HAL_EXTI_ClearPending                             build/stm32f1xx_hal_exti.o
HAL_EXTI_GenerateSWI                              build/stm32f1xx_hal_exti.o
HAL_EXTI_GetConfigLine                            build/stm32f1xx_hal_exti.o
HAL_EXTI_GetHandle                                build/stm32f1xx_hal_exti.o
HAL_EXTI_GetPending                               build/stm32f1xx_hal_exti.o
HAL_EXTI_IRQHandler                               build/stm32f1xx_hal_exti.o
HAL_EXTI_RegisterCallback                         build/stm32f1xx_hal_exti.o
HAL_EXTI_SetConfigLine                            build/stm32f1xx_hal_exti.o
HAL_FLASHEx_Erase                                 build/stm32f1xx_hal_flash_ex.o
HAL_FLASHEx_Erase_IT                              build/stm32f1xx_hal_flash_ex.o
HAL_FLASHEx_OBErase                               build/stm32f1xx_hal_flash_ex.o
HAL_FLASHEx_OBGetConfig                           build/stm32f1xx_hal_flash_ex.o
HAL_FLASHEx_OBGetUserData                         build/stm32f1xx_hal_flash_ex.o
HAL_FLASHEx_OBProgram                             build/stm32f1xx_hal_flash_ex.o
HAL_FLASH_EndOfOperationCallback                  build/stm32f1xx_hal_flash.o
HAL_FLASH_GetError                                build/stm32f1xx_hal_flash.o
HAL_FLASH_IRQHandler                              build/stm32f1xx_hal_flash.o
HAL_FLASH_Lock                                    build/stm32f1xx_hal_flash.o
HAL_FLASH_OB_Launch                               build/stm32f1xx_hal_flash.o
HAL_FLASH_OB_Lock                                 build/stm32f1xx_hal_flash.o
HAL_FLASH_OB_Unlock                               build/stm32f1xx_hal_flash.o
HAL_FLASH_OperationErrorCallback                  build/stm32f1xx_hal_flash.o
HAL_FLASH_Program                                 build/stm32f1xx_hal_flash.o
HAL_FLASH_Program_IT                              build/stm32f1xx_hal_flash.o
HAL_FLASH_Unlock                                  build/stm32f1xx_hal_flash.o
HAL_GPIOEx_ConfigEventout                         build/stm32f1xx_hal_gpio_ex.o
HAL_GPIOEx_DisableEventout                        build/stm32f1xx_hal_gpio_ex.o
HAL_GPIOEx_EnableEventout                         build/stm32f1xx_hal_gpio_ex.o
HAL_GPIO_DeInit                                   build/stm32f1xx_hal_gpio.o
                                                  build/usart.o
                                                  build/i2c.o
HAL_GPIO_EXTI_Callback                            build/stm32f1xx_hal_gpio.o
HAL_GPIO_EXTI_IRQHandler                          build/stm32f1xx_hal_gpio.o
HAL_GPIO_Init                                     build/stm32f1xx_hal_gpio.o
                                                  build/tim.o
                                                  build/usart.o
                                                  build/i2c.o
                                                  build/gpio.o
                                                  build/stm32f1xx_hal_rcc.o
HAL_GPIO_LockPin                                  build/stm32f1xx_hal_gpio.o
HAL_GPIO_ReadPin                                  build/stm32f1xx_hal_gpio.o
                                                  build/main.o
HAL_GPIO_TogglePin                                build/stm32f1xx_hal_gpio.o
                                                  build/main.o
HAL_GPIO_WritePin                                 build/stm32f1xx_hal_gpio.o
                                                  build/gpio.o
                                                  build/main.o
HAL_GetDEVID                                      build/stm32f1xx_hal.o
HAL_GetHalVersion                                 build/stm32f1xx_hal.o
HAL_GetREVID                                      build/stm32f1xx_hal.o
HAL_GetTick                                       build/stm32f1xx_hal.o
                                                  build/stm32f1xx_hal_i2c.o
                                                  build/mpu6050.o
                                                  build/stm32f1xx_hal_flash.o
                                                  build/stm32f1xx_hal_dma.o
                                                  build/stm32f1xx_hal_rcc_ex.o
                                                  build/stm32f1xx_hal_rcc.o
                                                  build/stm32f1xx_hal_uart.o
HAL_GetTickFreq                                   build/stm32f1xx_hal.o
HAL_GetTickPrio                                   build/stm32f1xx_hal.o
HAL_GetUIDw0                                      build/stm32f1xx_hal.o
HAL_GetUIDw1                                      build/stm32f1xx_hal.o
HAL_GetUIDw2                                      build/stm32f1xx_hal.o
HAL_HalfDuplex_EnableReceiver                     build/stm32f1xx_hal_uart.o
HAL_HalfDuplex_EnableTransmitter                  build/stm32f1xx_hal_uart.o
HAL_HalfDuplex_Init                               build/stm32f1xx_hal_uart.o
HAL_I2C_AbortCpltCallback                         build/stm32f1xx_hal_i2c.o
HAL_I2C_AddrCallback                              build/stm32f1xx_hal_i2c.o
HAL_I2C_DeInit                                    build/stm32f1xx_hal_i2c.o
HAL_I2C_DisableListen_IT                          build/stm32f1xx_hal_i2c.o
HAL_I2C_ER_IRQHandler                             build/stm32f1xx_hal_i2c.o
HAL_I2C_EV_IRQHandler                             build/stm32f1xx_hal_i2c.o
HAL_I2C_EnableListen_IT                           build/stm32f1xx_hal_i2c.o
HAL_I2C_ErrorCallback                             build/stm32f1xx_hal_i2c.o
HAL_I2C_GetError                                  build/stm32f1xx_hal_i2c.o
HAL_I2C_GetMode                                   build/stm32f1xx_hal_i2c.o
HAL_I2C_GetState                                  build/stm32f1xx_hal_i2c.o
HAL_I2C_Init                                      build/stm32f1xx_hal_i2c.o
                                                  build/i2c.o
HAL_I2C_IsDeviceReady                             build/stm32f1xx_hal_i2c.o
HAL_I2C_ListenCpltCallback                        build/stm32f1xx_hal_i2c.o
HAL_I2C_MasterRxCpltCallback                      build/stm32f1xx_hal_i2c.o
HAL_I2C_MasterTxCpltCallback                      build/stm32f1xx_hal_i2c.o
HAL_I2C_Master_Abort_IT                           build/stm32f1xx_hal_i2c.o
HAL_I2C_Master_Receive                            build/stm32f1xx_hal_i2c.o
                                                  build/ds1307_for_stm32_hal.o
HAL_I2C_Master_Receive_DMA                        build/stm32f1xx_hal_i2c.o
HAL_I2C_Master_Receive_IT                         build/stm32f1xx_hal_i2c.o
HAL_I2C_Master_Seq_Receive_DMA                    build/stm32f1xx_hal_i2c.o
HAL_I2C_Master_Seq_Receive_IT                     build/stm32f1xx_hal_i2c.o
HAL_I2C_Master_Seq_Transmit_DMA                   build/stm32f1xx_hal_i2c.o
HAL_I2C_Master_Seq_Transmit_IT                    build/stm32f1xx_hal_i2c.o
HAL_I2C_Master_Transmit                           build/stm32f1xx_hal_i2c.o
                                                  build/ds1307_for_stm32_hal.o
HAL_I2C_Master_Transmit_DMA                       build/stm32f1xx_hal_i2c.o
HAL_I2C_Master_Transmit_IT                        build/stm32f1xx_hal_i2c.o
HAL_I2C_MemRxCpltCallback                         build/stm32f1xx_hal_i2c.o
HAL_I2C_MemTxCpltCallback                         build/stm32f1xx_hal_i2c.o
HAL_I2C_Mem_Read                                  build/stm32f1xx_hal_i2c.o
                                                  build/mpu6050.o
HAL_I2C_Mem_Read_DMA                              build/stm32f1xx_hal_i2c.o
HAL_I2C_Mem_Read_IT                               build/stm32f1xx_hal_i2c.o
HAL_I2C_Mem_Write                                 build/stm32f1xx_hal_i2c.o
                                                  build/mpu6050.o
HAL_I2C_Mem_Write_DMA                             build/stm32f1xx_hal_i2c.o
HAL_I2C_Mem_Write_IT                              build/stm32f1xx_hal_i2c.o
HAL_I2C_MspDeInit                                 build/i2c.o
HAL_I2C_MspInit                                   build/i2c.o
HAL_I2C_SlaveRxCpltCallback                       build/stm32f1xx_hal_i2c.o
HAL_I2C_SlaveTxCpltCallback                       build/stm32f1xx_hal_i2c.o
HAL_I2C_Slave_Receive                             build/stm32f1xx_hal_i2c.o
HAL_I2C_Slave_Receive_DMA                         build/stm32f1xx_hal_i2c.o
HAL_I2C_Slave_Receive_IT                          build/stm32f1xx_hal_i2c.o
HAL_I2C_Slave_Seq_Receive_DMA                     build/stm32f1xx_hal_i2c.o
HAL_I2C_Slave_Seq_Receive_IT                      build/stm32f1xx_hal_i2c.o
HAL_I2C_Slave_Seq_Transmit_DMA                    build/stm32f1xx_hal_i2c.o
HAL_I2C_Slave_Seq_Transmit_IT                     build/stm32f1xx_hal_i2c.o
HAL_I2C_Slave_Transmit                            build/stm32f1xx_hal_i2c.o
HAL_I2C_Slave_Transmit_DMA                        build/stm32f1xx_hal_i2c.o
HAL_I2C_Slave_Transmit_IT                         build/stm32f1xx_hal_i2c.o
HAL_IncTick                                       build/stm32f1xx_hal.o
                                                  build/stm32f1xx_it.o
HAL_Init                                          build/stm32f1xx_hal.o
                                                  build/main.o
HAL_InitTick                                      build/stm32f1xx_hal.o
                                                  build/stm32f1xx_hal_rcc.o
HAL_LIN_Init                                      build/stm32f1xx_hal_uart.o
HAL_LIN_SendBreak                                 build/stm32f1xx_hal_uart.o
HAL_MspDeInit                                     build/stm32f1xx_hal.o
HAL_MspInit                                       build/stm32f1xx_hal_msp.o
HAL_MultiProcessor_EnterMuteMode                  build/stm32f1xx_hal_uart.o
HAL_MultiProcessor_ExitMuteMode                   build/stm32f1xx_hal_uart.o
HAL_MultiProcessor_Init                           build/stm32f1xx_hal_uart.o